12-03 19:29:07.233  8326  8326 D Camera_Factory: CameraFactory::get_number_of_cameras
12-03 19:29:07.233  8326  8326 D Camera_Factory: CameraFactory::getCameraNum: 0
12-03 19:29:07.233  8326  8326 I CameraService: Loaded "Camera Module" camera module
12-03 19:29:07.233  8326  8326 D Camera_Factory: CameraFactory::get_number_of_cameras
12-03 19:29:07.233  8326  8326 D Camera_Factory: CameraFactory::getCameraNum: 0
12-03 19:29:07.233  8326  8326 D Camera_Factory: CameraFactory::get_number_of_cameras
12-03 19:29:07.233  8326  8326 D Camera_Factory: CameraFactory::getCameraNum: 0
12-03 19:29:07.233  8326  8326 I ServiceManager: Waiting for service media.camera.proxy...
12-03 19:29:07.262   955   955 F DEBUG   : *** *** *** *** *** *** *** *** *** *** *** *** *** *** *** ***
12-03 19:29:07.262   955   955 F DEBUG   : Build fingerprint: 'Android-x86/android_x86_64/x86_64:6.0.1/MOB31E/ec2-user12020203:eng/test-keys'
12-03 19:29:07.262   955   955 F DEBUG   : Revision: '0'
12-03 19:29:07.262   955   955 F DEBUG   : ABI: 'x86_64'
12-03 19:29:07.262   955   955 F DEBUG   : pid: 8325, tid: 8325, name: surfaceflinger  >>> /system/bin/surfaceflinger <<<
12-03 19:29:07.262   955   955 F DEBUG   : signal 7 (SIGBUS), code 2 (BUS_ADRERR), fault addr 0x7f31ed6c8000
12-03 19:29:07.264   955   955 F DEBUG   :     rax 00007f31ed6c8000  rbx 0000000000010000  rcx 0000000000000000  rdx 0000000000010000
12-03 19:29:07.264   955   955 F DEBUG   :     rsi 0000000000000000  rdi 00007f31ed6c8000
12-03 19:29:07.264   955   955 F DEBUG   :     r8  00007f31ed6c8000  r9  0000000000000030  r10 0000000000000001  r11 0000000000000213
12-03 19:29:07.264   955   955 F DEBUG   :     r12 00007f31f0793a00  r13 00007f31ed68a8f0  r14 000000000000000d  r15 000000000000000c
12-03 19:29:07.264   955   955 F DEBUG   :     cs  000000000000e033  ss  000000000000002b
12-03 19:29:07.264   955   955 F DEBUG   :     rip 00007f31f06af91a  rbp 00007f31efb70040  rsp 00007ffdf1c48638  eflags 0000000000010206
12-03 19:29:07.267   955   955 F DEBUG   : 
12-03 19:29:07.267   955   955 F DEBUG   : backtrace:
12-03 19:29:07.267   955   955 F DEBUG   :     #00 pc 000000000001d91a  /system/lib64/libc.so (memset+90)
12-03 19:29:07.267   955   955 F DEBUG   :     #01 pc 0000000000001e60  /system/lib64/hw/gralloc.default.so
12-03 19:29:07.267   955   955 F DEBUG   :     #02 pc 00000000000020dc  /system/lib64/hw/gralloc.default.so (_Z14fb_device_openPK11hw_module_tPKcPP11hw_device_t+156)
12-03 19:29:07.267   955   955 F DEBUG   :     #03 pc 000000000003b6ae  /system/lib64/libsurfaceflinger.so
12-03 19:29:07.267   955   955 F DEBUG   :     #04 pc 000000000002bd8d  /system/lib64/libsurfaceflinger.so (_ZN7android14SurfaceFlinger4initEv+749)
12-03 19:29:07.267   955   955 F DEBUG   :     #05 pc 0000000000001130  /system/bin/surfaceflinger
12-03 19:29:07.267   955   955 F DEBUG   :     #06 pc 000000000001cd0c  /system/lib64/libc.so (__libc_init+92)
12-03 19:29:07.267   955   955 F DEBUG   :     #07 pc 0000000000001001  /system/bin/surfaceflinger
12-03 19:29:07.267   955   955 F DEBUG   :     #08 pc 0000000000000000  <unknown>
12-03 19:29:07.679   955   955 F DEBUG   : 
12-03 19:29:07.679   955   955 F DEBUG   : Tombstone written to: /data/tombstones/tombstone_05
12-03 19:29:07.695   950   950 I ServiceManager: service 'media.audio_flinger' died
12-03 19:29:07.695   950   950 I ServiceManager: service 'media.player' died
12-03 19:29:07.695   950   950 I ServiceManager: service 'media.resource_manager' died
12-03 19:29:11.833  8362  8362 I chatty  : uid=0(root) /system/bin/netd expire 2 lines
12-03 19:29:11.838  8363  8363 I chatty  : uid=0(root) /system/bin/surfaceflinger expire 10 lines
12-03 19:29:12.402  8363  8363 F libc    : Fatal signal 7 (SIGBUS), code 2, fault addr 0x7f7e251dc000 in tid 8363 (surfaceflinger)
12-03 19:29:12.515   955   955 F DEBUG   : *** *** *** *** *** *** *** *** *** *** *** *** *** *** *** ***
12-03 19:29:12.515   955   955 F DEBUG   : Build fingerprint: 'Android-x86/android_x86_64/x86_64:6.0.1/MOB31E/ec2-user12020203:eng/test-keys'
12-03 19:29:12.515   955   955 F DEBUG   : Revision: '0'
12-03 19:29:12.515   955   955 F DEBUG   : ABI: 'x86_64'
12-03 19:29:12.515   955   955 F DEBUG   : pid: 8363, tid: 8363, name: surfaceflinger  >>> /system/bin/surfaceflinger <<<
12-03 19:29:12.515   955   955 F DEBUG   : signal 7 (SIGBUS), code 2 (BUS_ADRERR), fault addr 0x7f7e251dc000
12-03 19:29:12.517   955   955 F DEBUG   :     rax 00007f7e251dc000  rbx 0000000000010000  rcx 0000000000000000  rdx 0000000000010000
12-03 19:29:12.517   955   955 F DEBUG   :     rsi 0000000000000000  rdi 00007f7e251dc000
12-03 19:29:12.517   955   955 F DEBUG   :     r8  00007f7e251dc000  r9  0000000000000030  r10 0000000000000001  r11 0000000000000213
12-03 19:29:12.517   955   955 F DEBUG   :     r12 00007f7e283b6a00  r13 00007f7e252ca8f0  r14 000000000000000d  r15 000000000000000c
12-03 19:29:12.517   955   955 F DEBUG   :     cs  000000000000e033  ss  000000000000002b
12-03 19:29:12.517   955   955 F DEBUG   :     rip 00007f7e282d291a  rbp 00007f7e27794040  rsp 00007ffe05e24278  eflags 0000000000010206
12-03 19:29:12.547   955   955 F DEBUG   : 
12-03 19:29:12.547   955   955 F DEBUG   : backtrace:
12-03 19:29:12.547   955   955 F DEBUG   :     #00 pc 000000000001d91a  /system/lib64/libc.so (memset+90)
12-03 19:29:12.547   955   955 F DEBUG   :     #01 pc 0000000000001e60  /system/lib64/hw/gralloc.default.so
12-03 19:29:12.547   955   955 F DEBUG   :     #02 pc 00000000000020dc  /system/lib64/hw/gralloc.default.so (_Z14fb_device_openPK11hw_module_tPKcPP11hw_device_t+156)
12-03 19:29:12.547   955   955 F DEBUG   :     #03 pc 000000000003b6ae  /system/lib64/libsurfaceflinger.so
12-03 19:29:12.547   955   955 F DEBUG   :     #04 pc 000000000002bd8d  /system/lib64/libsurfaceflinger.so (_ZN7android14SurfaceFlinger4initEv+749)
12-03 19:29:12.547   955   955 F DEBUG   :     #05 pc 0000000000001130  /system/bin/surfaceflinger
12-03 19:29:12.547   955   955 F DEBUG   :     #06 pc 000000000001cd0c  /system/lib64/libc.so (__libc_init+92)
12-03 19:29:12.547   955   955 F DEBUG   :     #07 pc 0000000000001001  /system/bin/surfaceflinger
12-03 19:29:12.547   955   955 F DEBUG   :     #08 pc 0000000000000000  <unknown>
12-03 19:29:12.576  8364  8364 V MediaUtils: physMem: 3933986816
12-03 19:29:12.576  8364  8364 V MediaUtils: requested limit: 2557091420
12-03 19:29:12.576  8364  8364 V MediaUtils: actual limit: 2557091420
12-03 19:29:12.576  8364  8364 V MediaUtils: original limits: 4294967295/4294967295
12-03 19:29:12.576  8364  8364 V MediaUtils: new limits: 2557091420/4294967295
12-03 19:29:12.578  8364  8364 I mediaserver: ServiceManager: 0xf60cc680
12-03 19:29:12.579  8364  8364 I AudioFlinger: Using default 3000 mSec as standby time.
12-03 19:29:12.579  8364  8364 E         : batterystats service unavailable!
12-03 19:29:12.579  8364  8364 E         : batterystats service unavailable!
12-03 19:29:12.579  8364  8364 I CameraService: CameraService started (pid=8364)
12-03 19:29:12.579  8364  8364 I CameraService: CameraService process starting
12-03 19:29:12.579  8364  8364 E         : batterystats service unavailable!
12-03 19:29:12.579  8364  8364 E         : batterystats service unavailable!
12-03 19:29:12.580  8364  8364 D Camera_Factory: CameraFactory::CameraFactory
12-03 19:29:12.580  8364  8364 D Camera_Factory: CameraFactory::parseConfig: configFile = /etc/camera.cfg
12-03 19:29:12.580  8364  8364 D Camera_Factory: /etc/camera.cfg not found, using camera configuration defaults
12-03 19:29:12.580  8364  8364 E cutils-trace: Error opening trace file: Permission denied (13)
12-03 19:29:12.580  8364  8364 D Camera_Factory: CameraFactory::get_number_of_cameras
12-03 19:29:12.580  8364  8364 D Camera_Factory: CameraFactory::getCameraNum: 0
12-03 19:29:12.580  8364  8364 I CameraService: Loaded "Camera Module" camera module
12-03 19:29:12.580  8364  8364 D Camera_Factory: CameraFactory::get_number_of_cameras
12-03 19:29:12.580  8364  8364 D Camera_Factory: CameraFactory::getCameraNum: 0
12-03 19:29:12.580  8364  8364 D Camera_Factory: CameraFactory::get_number_of_cameras
12-03 19:29:12.580  8364  8364 D Camera_Factory: CameraFactory::getCameraNum: 0
12-03 19:29:12.581  8364  8364 I ServiceManager: Waiting for service media.camera.proxy...
12-03 19:29:12.976   955   955 F DEBUG   : 
12-03 19:29:12.976   955   955 F DEBUG   : Tombstone written to: /data/tombstones/tombstone_06
12-03 19:29:12.993   950   950 I ServiceManager: service 'media.audio_flinger' died
12-03 19:29:12.993   950   950 I ServiceManager: service 'media.player' died
12-03 19:29:12.993   950   950 I ServiceManager: service 'media.resource_manager' died
12-03 19:29:16.101  8399  8399 I chatty  : uid=0(root) /system/bin/netd expire 2 lines
12-03 19:29:16.108  8400  8400 I chatty  : uid=0(root) /system/bin/surfaceflinger expire 10 lines
12-03 19:29:16.665  8400  8400 F libc    : Fatal signal 7 (SIGBUS), code 2, fault addr 0x7f5fbe126000 in tid 8400 (surfaceflinger)
12-03 19:29:16.768   955   955 F DEBUG   : *** *** *** *** *** *** *** *** *** *** *** *** *** *** *** ***
12-03 19:29:16.768   955   955 F DEBUG   : Build fingerprint: 'Android-x86/android_x86_64/x86_64:6.0.1/MOB31E/ec2-user12020203:eng/test-keys'
12-03 19:29:16.768   955   955 F DEBUG   : Revision: '0'
12-03 19:29:16.768   955   955 F DEBUG   : ABI: 'x86_64'
12-03 19:29:16.768   955   955 F DEBUG   : pid: 8400, tid: 8400, name: surfaceflinger  >>> /system/bin/surfaceflinger <<<
12-03 19:29:16.768   955   955 F DEBUG   : signal 7 (SIGBUS), code 2 (BUS_ADRERR), fault addr 0x7f5fbe126000
12-03 19:29:16.770   955   955 F DEBUG   :     rax 00007f5fbe126000  rbx 0000000000010000  rcx 0000000000000000  rdx 0000000000010000
12-03 19:29:16.770   955   955 F DEBUG   :     rsi 0000000000000000  rdi 00007f5fbe126000
12-03 19:29:16.770   955   955 F DEBUG   :     r8  00007f5fbe126000  r9  0000000000000030  r10 0000000000000001  r11 0000000000000213
12-03 19:29:16.770   955   955 F DEBUG   :     r12 00007f5fc1306a00  r13 00007f5fbe20a8f0  r14 000000000000000d  r15 000000000000000c
12-03 19:29:16.770   955   955 F DEBUG   :     cs  000000000000e033  ss  000000000000002b
12-03 19:29:16.770   955   955 F DEBUG   :     rip 00007f5fc122291a  rbp 00007f5fc06e5040  rsp 00007ffe6a1ce898  eflags 0000000000010206
12-03 19:29:16.772   955   955 F DEBUG   : 
12-03 19:29:16.772   955   955 F DEBUG   : backtrace:
12-03 19:29:16.772   955   955 F DEBUG   :     #00 pc 000000000001d91a  /system/lib64/libc.so (memset+90)
12-03 19:29:16.772   955   955 F DEBUG   :     #01 pc 0000000000001e60  /system/lib64/hw/gralloc.default.so
12-03 19:29:16.772   955   955 F DEBUG   :     #02 pc 00000000000020dc  /system/lib64/hw/gralloc.default.so (_Z14fb_device_openPK11hw_module_tPKcPP11hw_device_t+156)
12-03 19:29:16.772   955   955 F DEBUG   :     #03 pc 000000000003b6ae  /system/lib64/libsurfaceflinger.so
12-03 19:29:16.772   955   955 F DEBUG   :     #04 pc 000000000002bd8d  /system/lib64/libsurfaceflinger.so (_ZN7android14SurfaceFlinger4initEv+749)
12-03 19:29:16.772   955   955 F DEBUG   :     #05 pc 0000000000001130  /system/bin/surfaceflinger
12-03 19:29:16.772   955   955 F DEBUG   :     #06 pc 000000000001cd0c  /system/lib64/libc.so (__libc_init+92)
12-03 19:29:16.772   955   955 F DEBUG   :     #07 pc 0000000000001001  /system/bin/surfaceflinger
12-03 19:29:16.772   955   955 F DEBUG   :     #08 pc 0000000000000000  <unknown>
12-03 19:29:16.880  8401  8401 V MediaUtils: physMem: 3933986816
12-03 19:29:16.880  8401  8401 V MediaUtils: requested limit: 2557091420
12-03 19:29:16.880  8401  8401 V MediaUtils: actual limit: 2557091420
12-03 19:29:16.880  8401  8401 V MediaUtils: original limits: 4294967295/4294967295
12-03 19:29:16.880  8401  8401 V MediaUtils: new limits: 2557091420/4294967295
12-03 19:29:16.880  8401  8401 I mediaserver: ServiceManager: 0xf61cc680
12-03 19:29:16.880  8401  8401 I AudioFlinger: Using default 3000 mSec as standby time.
12-03 19:29:16.880  8401  8401 E         : batterystats service unavailable!
12-03 19:29:16.880  8401  8401 E         : batterystats service unavailable!
12-03 19:29:16.880  8401  8401 I CameraService: CameraService started (pid=8401)
12-03 19:29:16.880  8401  8401 I CameraService: CameraService process starting
12-03 19:29:16.880  8401  8401 E         : batterystats service unavailable!
12-03 19:29:16.881  8401  8401 E         : batterystats service unavailable!
12-03 19:29:16.881  8401  8401 D Camera_Factory: CameraFactory::CameraFactory
12-03 19:29:16.881  8401  8401 D Camera_Factory: CameraFactory::parseConfig: configFile = /etc/camera.cfg
12-03 19:29:16.881  8401  8401 D Camera_Factory: /etc/camera.cfg not found, using camera configuration defaults
12-03 19:29:16.881  8401  8401 E cutils-trace: Error opening trace file: Permission denied (13)
12-03 19:29:16.881  8401  8401 D Camera_Factory: CameraFactory::get_number_of_cameras
12-03 19:29:16.881  8401  8401 D Camera_Factory: CameraFactory::getCameraNum: 0
12-03 19:29:16.881  8401  8401 I CameraService: Loaded "Camera Module" camera module
12-03 19:29:16.881  8401  8401 D Camera_Factory: CameraFactory::get_number_of_cameras
12-03 19:29:16.881  8401  8401 D Camera_Factory: CameraFactory::getCameraNum: 0
12-03 19:29:16.881  8401  8401 D Camera_Factory: CameraFactory::get_number_of_cameras
12-03 19:29:16.881  8401  8401 D Camera_Factory: CameraFactory::getCameraNum: 0
12-03 19:29:16.881  8401  8401 I ServiceManager: Waiting for service media.camera.proxy...
12-03 19:29:17.414  8402  8402 I chatty  : uid=0(root) expire 284 lines
12-03 19:29:17.689  8402  8455 I chatty  : uid=0(root) expire 4 lines
12-03 19:29:17.737  8457  8457 D idmap   : error: no read access to /vendor/overlay: No such file or directory
12-03 19:29:17.886  8401  8401 I ServiceManager: Waiting for service media.camera.proxy...
12-03 19:29:17.958   955   955 F DEBUG   : 
12-03 19:29:17.958   955   955 F DEBUG   : Tombstone written to: /data/tombstones/tombstone_07
12-03 19:29:18.000   950   950 I ServiceManager: service 'media.audio_flinger' died
12-03 19:29:18.000   950   950 I ServiceManager: service 'media.player' died
12-03 19:29:18.000   950   950 I ServiceManager: service 'media.resource_manager' died
12-03 19:29:21.063  8465  8465 I chatty  : uid=0(root) /system/bin/netd expire 2 lines
12-03 19:29:21.131  8466  8466 I chatty  : uid=0(root) /system/bin/surfaceflinger expire 10 lines
12-03 19:29:21.713  8466  8466 F libc    : Fatal signal 7 (SIGBUS), code 2, fault addr 0x7f6d870e1000 in tid 8466 (surfaceflinger)
12-03 19:29:21.793  8467  8467 V MediaUtils: physMem: 3933986816
12-03 19:29:21.793  8467  8467 V MediaUtils: requested limit: 2557091420
12-03 19:29:21.793  8467  8467 V MediaUtils: actual limit: 2557091420
12-03 19:29:21.793  8467  8467 V MediaUtils: original limits: 4294967295/4294967295
12-03 19:29:21.793  8467  8467 V MediaUtils: new limits: 2557091420/4294967295
12-03 19:29:21.794  8467  8467 I mediaserver: ServiceManager: 0xf614c680
12-03 19:29:21.794  8467  8467 I AudioFlinger: Using default 3000 mSec as standby time.
12-03 19:29:21.794  8467  8467 E         : batterystats service unavailable!
12-03 19:29:21.794  8467  8467 E         : batterystats service unavailable!
12-03 19:29:21.794  8467  8467 I CameraService: CameraService started (pid=8467)
12-03 19:29:21.794  8467  8467 I CameraService: CameraService process starting
12-03 19:29:21.794  8467  8467 E         : batterystats service unavailable!
12-03 19:29:21.794  8467  8467 E         : batterystats service unavailable!
12-03 19:29:21.795  8467  8467 D Camera_Factory: CameraFactory::CameraFactory
12-03 19:29:21.795  8467  8467 D Camera_Factory: CameraFactory::parseConfig: configFile = /etc/camera.cfg
12-03 19:29:21.795  8467  8467 D Camera_Factory: /etc/camera.cfg not found, using camera configuration defaults
12-03 19:29:21.795  8467  8467 E cutils-trace: Error opening trace file: Permission denied (13)
12-03 19:29:21.795  8467  8467 D Camera_Factory: CameraFactory::get_number_of_cameras
12-03 19:29:21.795  8467  8467 D Camera_Factory: CameraFactory::getCameraNum: 0
12-03 19:29:21.795  8467  8467 I CameraService: Loaded "Camera Module" camera module
12-03 19:29:21.795  8467  8467 D Camera_Factory: CameraFactory::get_number_of_cameras
12-03 19:29:21.795  8467  8467 D Camera_Factory: CameraFactory::getCameraNum: 0
12-03 19:29:21.795  8467  8467 D Camera_Factory: CameraFactory::get_number_of_cameras
12-03 19:29:21.795  8467  8467 D Camera_Factory: CameraFactory::getCameraNum: 0
12-03 19:29:21.795  8467  8467 I ServiceManager: Waiting for service media.camera.proxy...
12-03 19:29:21.813   955   955 F DEBUG   : *** *** *** *** *** *** *** *** *** *** *** *** *** *** *** ***
12-03 19:29:21.813   955   955 F DEBUG   : Build fingerprint: 'Android-x86/android_x86_64/x86_64:6.0.1/MOB31E/ec2-user12020203:eng/test-keys'
12-03 19:29:21.813   955   955 F DEBUG   : Revision: '0'
12-03 19:29:21.813   955   955 F DEBUG   : ABI: 'x86_64'
12-03 19:29:21.814   955   955 F DEBUG   : pid: 8466, tid: 8466, name: surfaceflinger  >>> /system/bin/surfaceflinger <<<
12-03 19:29:21.814   955   955 F DEBUG   : signal 7 (SIGBUS), code 2 (BUS_ADRERR), fault addr 0x7f6d870e1000
12-03 19:29:21.816   955   955 F DEBUG   :     rax 00007f6d870e1000  rbx 0000000000010000  rcx 0000000000000000  rdx 0000000000010000
12-03 19:29:21.816   955   955 F DEBUG   :     rsi 0000000000000000  rdi 00007f6d870e1000
12-03 19:29:21.816   955   955 F DEBUG   :     r8  00007f6d870e1000  r9  0000000000000030  r10 0000000000000001  r11 0000000000000213
12-03 19:29:21.816   955   955 F DEBUG   :     r12 00007f6d8a2bca00  r13 00007f6d871ca8f0  r14 000000000000000d  r15 000000000000000c
12-03 19:29:21.816   955   955 F DEBUG   :     cs  000000000000e033  ss  000000000000002b
12-03 19:29:21.816   955   955 F DEBUG   :     rip 00007f6d8a1d891a  rbp 00007f6d89699040  rsp 00007ffe5158cc58  eflags 0000000000010206
12-03 19:29:21.845   955   955 F DEBUG   : 
12-03 19:29:21.845   955   955 F DEBUG   : backtrace:
12-03 19:29:21.845   955   955 F DEBUG   :     #00 pc 000000000001d91a  /system/lib64/libc.so (memset+90)
12-03 19:29:21.845   955   955 F DEBUG   :     #01 pc 0000000000001e60  /system/lib64/hw/gralloc.default.so
12-03 19:29:21.845   955   955 F DEBUG   :     #02 pc 00000000000020dc  /system/lib64/hw/gralloc.default.so (_Z14fb_device_openPK11hw_module_tPKcPP11hw_device_t+156)
12-03 19:29:21.845   955   955 F DEBUG   :     #03 pc 000000000003b6ae  /system/lib64/libsurfaceflinger.so
12-03 19:29:21.845   955   955 F DEBUG   :     #04 pc 000000000002bd8d  /system/lib64/libsurfaceflinger.so (_ZN7android14SurfaceFlinger4initEv+749)
12-03 19:29:21.845   955   955 F DEBUG   :     #05 pc 0000000000001130  /system/bin/surfaceflinger
12-03 19:29:21.845   955   955 F DEBUG   :     #06 pc 000000000001cd0c  /system/lib64/libc.so (__libc_init+92)
12-03 19:29:21.845   955   955 F DEBUG   :     #07 pc 0000000000001001  /system/bin/surfaceflinger
12-03 19:29:21.845   955   955 F DEBUG   :     #08 pc 0000000000000000  <unknown>
12-03 19:29:22.327  8468  8468 I chatty  : uid=0(root) expire 278 lines
12-03 19:29:22.517  8511  8511 D idmap   : error: no read access to /vendor/overlay: No such file or directory
12-03 19:29:22.723   955   955 F DEBUG   : 
12-03 19:29:22.723   955   955 F DEBUG   : Tombstone written to: /data/tombstones/tombstone_08
12-03 19:29:22.773   950   950 I ServiceManager: service 'media.audio_flinger' died
12-03 19:29:22.773   950   950 I ServiceManager: service 'media.player' died
12-03 19:29:22.773   950   950 I ServiceManager: service 'media.resource_manager' died
12-03 19:29:25.892  8519  8519 I chatty  : uid=0(root) /system/bin/surfaceflinger expire 10 lines
12-03 19:29:25.991  8518  8518 I chatty  : uid=0(root) /system/bin/netd expire 2 lines
12-03 19:29:26.441  8519  8519 F libc    : Fatal signal 7 (SIGBUS), code 2, fault addr 0x7fb946926000 in tid 8519 (surfaceflinger)
12-03 19:29:26.451  8520  8520 V MediaUtils: physMem: 3933986816
12-03 19:29:26.451  8520  8520 V MediaUtils: requested limit: 2557091420
12-03 19:29:26.451  8520  8520 V MediaUtils: actual limit: 2557091420
12-03 19:29:26.451  8520  8520 V MediaUtils: original limits: 4294967295/4294967295
12-03 19:29:26.451  8520  8520 V MediaUtils: new limits: 2557091420/4294967295
12-03 19:29:26.451  8520  8520 I mediaserver: ServiceManager: 0xf618c680
12-03 19:29:26.451  8520  8520 I AudioFlinger: Using default 3000 mSec as standby time.
12-03 19:29:26.451  8520  8520 E         : batterystats service unavailable!
12-03 19:29:26.451  8520  8520 E         : batterystats service unavailable!
12-03 19:29:26.452  8520  8520 I CameraService: CameraService started (pid=8520)
12-03 19:29:26.452  8520  8520 I CameraService: CameraService process starting
12-03 19:29:26.452  8520  8520 E         : batterystats service unavailable!
12-03 19:29:26.452  8520  8520 E         : batterystats service unavailable!
12-03 19:29:26.452  8520  8520 D Camera_Factory: CameraFactory::CameraFactory
12-03 19:29:26.452  8520  8520 D Camera_Factory: CameraFactory::parseConfig: configFile = /etc/camera.cfg
12-03 19:29:26.452  8520  8520 D Camera_Factory: /etc/camera.cfg not found, using camera configuration defaults
12-03 19:29:26.452  8520  8520 E cutils-trace: Error opening trace file: Permission denied (13)
12-03 19:29:26.452  8520  8520 D Camera_Factory: CameraFactory::get_number_of_cameras
12-03 19:29:26.452  8520  8520 D Camera_Factory: CameraFactory::getCameraNum: 0
12-03 19:29:26.452  8520  8520 I CameraService: Loaded "Camera Module" camera module
12-03 19:29:26.452  8520  8520 D Camera_Factory: CameraFactory::get_number_of_cameras
12-03 19:29:26.452  8520  8520 D Camera_Factory: CameraFactory::getCameraNum: 0
12-03 19:29:26.452  8520  8520 D Camera_Factory: CameraFactory::get_number_of_cameras
12-03 19:29:26.452  8520  8520 D Camera_Factory: CameraFactory::getCameraNum: 0
12-03 19:29:26.453  8520  8520 I ServiceManager: Waiting for service media.camera.proxy...
12-03 19:29:26.555   955   955 F DEBUG   : *** *** *** *** *** *** *** *** *** *** *** *** *** *** *** ***
12-03 19:29:26.555   955   955 F DEBUG   : Build fingerprint: 'Android-x86/android_x86_64/x86_64:6.0.1/MOB31E/ec2-user12020203:eng/test-keys'
12-03 19:29:26.555   955   955 F DEBUG   : Revision: '0'
12-03 19:29:26.555   955   955 F DEBUG   : ABI: 'x86_64'
12-03 19:29:26.555   955   955 F DEBUG   : pid: 8519, tid: 8519, name: surfaceflinger  >>> /system/bin/surfaceflinger <<<
12-03 19:29:26.555   955   955 F DEBUG   : signal 7 (SIGBUS), code 2 (BUS_ADRERR), fault addr 0x7fb946926000
12-03 19:29:26.557   955   955 F DEBUG   :     rax 00007fb946926000  rbx 0000000000010000  rcx 0000000000000000  rdx 0000000000010000
12-03 19:29:26.557   955   955 F DEBUG   :     rsi 0000000000000000  rdi 00007fb946926000
12-03 19:29:26.557   955   955 F DEBUG   :     r8  00007fb946926000  r9  0000000000000030  r10 0000000000000001  r11 0000000000000213
12-03 19:29:26.557   955   955 F DEBUG   :     r12 00007fb949b01a00  r13 00007fb946a0a8f0  r14 000000000000000d  r15 000000000000000c
12-03 19:29:26.557   955   955 F DEBUG   :     cs  000000000000e033  ss  000000000000002b
12-03 19:29:26.557   955   955 F DEBUG   :     rip 00007fb949a1d91a  rbp 00007fb948ede040  rsp 00007ffd20bb8248  eflags 0000000000010206
12-03 19:29:26.559   955   955 F DEBUG   : 
12-03 19:29:26.559   955   955 F DEBUG   : backtrace:
12-03 19:29:26.559   955   955 F DEBUG   :     #00 pc 000000000001d91a  /system/lib64/libc.so (memset+90)
12-03 19:29:26.559   955   955 F DEBUG   :     #01 pc 0000000000001e60  /system/lib64/hw/gralloc.default.so
12-03 19:29:26.559   955   955 F DEBUG   :     #02 pc 00000000000020dc  /system/lib64/hw/gralloc.default.so (_Z14fb_device_openPK11hw_module_tPKcPP11hw_device_t+156)
12-03 19:29:26.559   955   955 F DEBUG   :     #03 pc 000000000003b6ae  /system/lib64/libsurfaceflinger.so
12-03 19:29:26.559   955   955 F DEBUG   :     #04 pc 000000000002bd8d  /system/lib64/libsurfaceflinger.so (_ZN7android14SurfaceFlinger4initEv+749)
12-03 19:29:26.559   955   955 F DEBUG   :     #05 pc 0000000000001130  /system/bin/surfaceflinger
12-03 19:29:26.559   955   955 F DEBUG   :     #06 pc 000000000001cd0c  /system/lib64/libc.so (__libc_init+92)
12-03 19:29:26.559   955   955 F DEBUG   :     #07 pc 0000000000001001  /system/bin/surfaceflinger
12-03 19:29:26.559   955   955 F DEBUG   :     #08 pc 0000000000000000  <unknown>
12-03 19:29:26.954  8521  8521 I chatty  : uid=0(root) expire 320 lines
12-03 19:29:27.256  8521  8562 I chatty  : uid=0(root) expire 14 lines
12-03 19:29:27.401  8565  8565 D idmap   : error: no read access to /vendor/overlay: No such file or directory
12-03 19:29:27.454  8520  8520 I ServiceManager: Waiting for service media.camera.proxy...
12-03 19:29:28.172   955   955 F DEBUG   : 
12-03 19:29:28.172   955   955 F DEBUG   : Tombstone written to: /data/tombstones/tombstone_09
12-03 19:29:28.208   950   950 I ServiceManager: service 'media.audio_flinger' died
12-03 19:29:28.208   950   950 I ServiceManager: service 'media.player' died
12-03 19:29:28.208   950   950 I ServiceManager: service 'media.resource_manager' died
12-03 19:29:31.295  8586  8586 I chatty  : uid=0(root) /system/bin/netd expire 2 lines
12-03 19:29:31.343  8587  8587 I chatty  : uid=0(root) /system/bin/surfaceflinger expire 10 lines
12-03 19:29:31.873  8587  8587 F libc    : Fatal signal 7 (SIGBUS), code 2, fault addr 0x7f79901a6000 in tid 8587 (surfaceflinger)
12-03 19:29:31.975   955   955 F DEBUG   : *** *** *** *** *** *** *** *** *** *** *** *** *** *** *** ***
12-03 19:29:31.975   955   955 F DEBUG   : Build fingerprint: 'Android-x86/android_x86_64/x86_64:6.0.1/MOB31E/ec2-user12020203:eng/test-keys'
12-03 19:29:31.975   955   955 F DEBUG   : Revision: '0'
12-03 19:29:31.975   955   955 F DEBUG   : ABI: 'x86_64'
12-03 19:29:31.975   955   955 F DEBUG   : pid: 8587, tid: 8587, name: surfaceflinger  >>> /system/bin/surfaceflinger <<<
12-03 19:29:31.975   955   955 F DEBUG   : signal 7 (SIGBUS), code 2 (BUS_ADRERR), fault addr 0x7f79901a6000
12-03 19:29:32.016   955   955 F DEBUG   :     rax 00007f79901a6000  rbx 0000000000010000  rcx 0000000000000000  rdx 0000000000010000
12-03 19:29:32.016   955   955 F DEBUG   :     rsi 0000000000000000  rdi 00007f79901a6000
12-03 19:29:32.016   955   955 F DEBUG   :     r8  00007f79901a6000  r9  0000000000000030  r10 0000000000000001  r11 0000000000000213
12-03 19:29:32.016   955   955 F DEBUG   :     r12 00007f7993388a00  r13 00007f799028a8f0  r14 000000000000000d  r15 000000000000000c
12-03 19:29:32.016   955   955 F DEBUG   :     cs  000000000000e033  ss  000000000000002b
12-03 19:29:32.016   955   955 F DEBUG   :     rip 00007f79932a491a  rbp 00007f799276a040  rsp 00007ffc85875138  eflags 0000000000010206
12-03 19:29:32.017  8588  8588 V MediaUtils: physMem: 3933986816
12-03 19:29:32.017  8588  8588 V MediaUtils: requested limit: 2557091420
12-03 19:29:32.017  8588  8588 V MediaUtils: actual limit: 2557091420
12-03 19:29:32.017  8588  8588 V MediaUtils: original limits: 4294967295/4294967295
12-03 19:29:32.017  8588  8588 V MediaUtils: new limits: 2557091420/4294967295
12-03 19:29:32.019  8588  8588 I mediaserver: ServiceManager: 0xf614c680
12-03 19:29:32.019  8588  8588 I AudioFlinger: Using default 3000 mSec as standby time.
12-03 19:29:32.020  8588  8588 E         : batterystats service unavailable!
12-03 19:29:32.020  8588  8588 E         : batterystats service unavailable!
12-03 19:29:32.020  8588  8588 I CameraService: CameraService started (pid=8588)
12-03 19:29:32.020  8588  8588 I CameraService: CameraService process starting
12-03 19:29:32.020  8588  8588 E         : batterystats service unavailable!
12-03 19:29:32.020  8588  8588 E         : batterystats service unavailable!
12-03 19:29:32.020  8588  8588 D Camera_Factory: CameraFactory::CameraFactory
12-03 19:29:32.020  8588  8588 D Camera_Factory: CameraFactory::parseConfig: configFile = /etc/camera.cfg
12-03 19:29:32.020  8588  8588 D Camera_Factory: /etc/camera.cfg not found, using camera configuration defaults
12-03 19:29:32.021   955   955 F DEBUG   : 
12-03 19:29:32.021   955   955 F DEBUG   : backtrace:
12-03 19:29:32.021   955   955 F DEBUG   :     #00 pc 000000000001d91a  /system/lib64/libc.so (memset+90)
12-03 19:29:32.021   955   955 F DEBUG   :     #01 pc 0000000000001e60  /system/lib64/hw/gralloc.default.so
12-03 19:29:32.021   955   955 F DEBUG   :     #02 pc 00000000000020dc  /system/lib64/hw/gralloc.default.so (_Z14fb_device_openPK11hw_module_tPKcPP11hw_device_t+156)
12-03 19:29:32.021   955   955 F DEBUG   :     #03 pc 000000000003b6ae  /system/lib64/libsurfaceflinger.so
12-03 19:29:32.021   955   955 F DEBUG   :     #04 pc 000000000002bd8d  /system/lib64/libsurfaceflinger.so (_ZN7android14SurfaceFlinger4initEv+749)
12-03 19:29:32.021   955   955 F DEBUG   :     #05 pc 0000000000001130  /system/bin/surfaceflinger
12-03 19:29:32.021   955   955 F DEBUG   :     #06 pc 000000000001cd0c  /system/lib64/libc.so (__libc_init+92)
12-03 19:29:32.021   955   955 F DEBUG   :     #07 pc 0000000000001001  /system/bin/surfaceflinger
12-03 19:29:32.021   955   955 F DEBUG   :     #08 pc 0000000000000000  <unknown>
12-03 19:29:32.022  8588  8588 E cutils-trace: Error opening trace file: Permission denied (13)
12-03 19:29:32.022  8588  8588 D Camera_Factory: CameraFactory::get_number_of_cameras
12-03 19:29:32.022  8588  8588 D Camera_Factory: CameraFactory::getCameraNum: 0
12-03 19:29:32.022  8588  8588 I CameraService: Loaded "Camera Module" camera module
12-03 19:29:32.022  8588  8588 D Camera_Factory: CameraFactory::get_number_of_cameras
12-03 19:29:32.022  8588  8588 D Camera_Factory: CameraFactory::getCameraNum: 0
12-03 19:29:32.022  8588  8588 D Camera_Factory: CameraFactory::get_number_of_cameras
12-03 19:29:32.022  8588  8588 D Camera_Factory: CameraFactory::getCameraNum: 0
12-03 19:29:32.022  8588  8588 I ServiceManager: Waiting for service media.camera.proxy...
12-03 19:29:32.577  8589  8589 I chatty  : uid=0(root) expire 283 lines
12-03 19:29:32.739  8589  8636 I chatty  : uid=0(root) expire 4 lines
12-03 19:29:32.862  8637  8637 D idmap   : error: no read access to /vendor/overlay: No such file or directory
12-03 19:29:32.878   955   955 F DEBUG   : 
12-03 19:29:32.878   955   955 F DEBUG   : Tombstone written to: /data/tombstones/tombstone_00
12-03 19:29:32.929   950   950 I ServiceManager: service 'media.audio_flinger' died
12-03 19:29:32.929   950   950 I ServiceManager: service 'media.player' died
12-03 19:29:32.929   950   950 I ServiceManager: service 'media.resource_manager' died
12-03 19:29:36.029  8645  8645 I chatty  : uid=0(root) /system/bin/surfaceflinger expire 10 lines
12-03 19:29:36.070  8644  8644 I chatty  : uid=0(root) /system/bin/netd expire 2 lines
12-03 19:29:36.569  8645  8645 F libc    : Fatal signal 7 (SIGBUS), code 2, fault addr 0x7fb49d021000 in tid 8645 (surfaceflinger)
12-03 19:29:36.670   955   955 F DEBUG   : *** *** *** *** *** *** *** *** *** *** *** *** *** *** *** ***
12-03 19:29:36.670   955   955 F DEBUG   : Build fingerprint: 'Android-x86/android_x86_64/x86_64:6.0.1/MOB31E/ec2-user12020203:eng/test-keys'
12-03 19:29:36.670   955   955 F DEBUG   : Revision: '0'
12-03 19:29:36.670   955   955 F DEBUG   : ABI: 'x86_64'
12-03 19:29:36.670   955   955 F DEBUG   : pid: 8645, tid: 8645, name: surfaceflinger  >>> /system/bin/surfaceflinger <<<
12-03 19:29:36.670   955   955 F DEBUG   : signal 7 (SIGBUS), code 2 (BUS_ADRERR), fault addr 0x7fb49d021000
12-03 19:29:36.672   955   955 F DEBUG   :     rax 00007fb49d021000  rbx 0000000000010000  rcx 0000000000000000  rdx 0000000000010000
12-03 19:29:36.672   955   955 F DEBUG   :     rsi 0000000000000000  rdi 00007fb49d021000
12-03 19:29:36.672   955   955 F DEBUG   :     r8  00007fb49d021000  r9  0000000000000030  r10 0000000000000001  r11 0000000000000213
12-03 19:29:36.672   955   955 F DEBUG   :     r12 00007fb4a01f8a00  r13 00007fb49d10a8f0  r14 000000000000000d  r15 000000000000000c
12-03 19:29:36.672   955   955 F DEBUG   :     cs  000000000000e033  ss  000000000000002b
12-03 19:29:36.672   955   955 F DEBUG   :     rip 00007fb4a011491a  rbp 00007fb49f5d9040  rsp 00007fffd91ccb48  eflags 0000000000010206
12-03 19:29:36.677  8646  8646 V MediaUtils: physMem: 3933986816
12-03 19:29:36.677  8646  8646 V MediaUtils: requested limit: 2557091420
12-03 19:29:36.677  8646  8646 V MediaUtils: actual limit: 2557091420
12-03 19:29:36.677  8646  8646 V MediaUtils: original limits: 4294967295/4294967295
12-03 19:29:36.677  8646  8646 V MediaUtils: new limits: 2557091420/4294967295
12-03 19:29:36.678  8646  8646 I mediaserver: ServiceManager: 0xf61cc680
12-03 19:29:36.678  8646  8646 I AudioFlinger: Using default 3000 mSec as standby time.
12-03 19:29:36.678  8646  8646 E         : batterystats service unavailable!
12-03 19:29:36.678  8646  8646 E         : batterystats service unavailable!
12-03 19:29:36.678  8646  8646 I CameraService: CameraService started (pid=8646)
12-03 19:29:36.678  8646  8646 I CameraService: CameraService process starting
12-03 19:29:36.678  8646  8646 E         : batterystats service unavailable!
12-03 19:29:36.679  8646  8646 E         : batterystats service unavailable!
12-03 19:29:36.679  8646  8646 D Camera_Factory: CameraFactory::CameraFactory
12-03 19:29:36.679  8646  8646 D Camera_Factory: CameraFactory::parseConfig: configFile = /etc/camera.cfg
12-03 19:29:36.679  8646  8646 D Camera_Factory: /etc/camera.cfg not found, using camera configuration defaults
12-03 19:29:36.679  8646  8646 E cutils-trace: Error opening trace file: Permission denied (13)
12-03 19:29:36.679  8646  8646 D Camera_Factory: CameraFactory::get_number_of_cameras
12-03 19:29:36.679  8646  8646 D Camera_Factory: CameraFactory::getCameraNum: 0
12-03 19:29:36.679  8646  8646 I CameraService: Loaded "Camera Module" camera module
12-03 19:29:36.679  8646  8646 D Camera_Factory: CameraFactory::get_number_of_cameras
12-03 19:29:36.679  8646  8646 D Camera_Factory: CameraFactory::getCameraNum: 0
12-03 19:29:36.679  8646  8646 D Camera_Factory: CameraFactory::get_number_of_cameras
12-03 19:29:36.679  8646  8646 D Camera_Factory: CameraFactory::getCameraNum: 0
12-03 19:29:36.680  8646  8646 I ServiceManager: Waiting for service media.camera.proxy...
12-03 19:29:36.688   955   955 F DEBUG   : 
12-03 19:29:36.688   955   955 F DEBUG   : backtrace:
12-03 19:29:36.688   955   955 F DEBUG   :     #00 pc 000000000001d91a  /system/lib64/libc.so (memset+90)
12-03 19:29:36.688   955   955 F DEBUG   :     #01 pc 0000000000001e60  /system/lib64/hw/gralloc.default.so
12-03 19:29:36.688   955   955 F DEBUG   :     #02 pc 00000000000020dc  /system/lib64/hw/gralloc.default.so (_Z14fb_device_openPK11hw_module_tPKcPP11hw_device_t+156)
12-03 19:29:36.688   955   955 F DEBUG   :     #03 pc 000000000003b6ae  /system/lib64/libsurfaceflinger.so
12-03 19:29:36.688   955   955 F DEBUG   :     #04 pc 000000000002bd8d  /system/lib64/libsurfaceflinger.so (_ZN7android14SurfaceFlinger4initEv+749)
12-03 19:29:36.688   955   955 F DEBUG   :     #05 pc 0000000000001130  /system/bin/surfaceflinger
12-03 19:29:36.688   955   955 F DEBUG   :     #06 pc 000000000001cd0c  /system/lib64/libc.so (__libc_init+92)
12-03 19:29:36.688   955   955 F DEBUG   :     #07 pc 0000000000001001  /system/bin/surfaceflinger
12-03 19:29:36.688   955   955 F DEBUG   :     #08 pc 0000000000000000  <unknown>
12-03 19:29:37.076   955   955 F DEBUG   : 
12-03 19:29:37.076   955   955 F DEBUG   : Tombstone written to: /data/tombstones/tombstone_01
12-03 19:29:37.081   950   950 I ServiceManager: service 'media.audio_flinger' died
12-03 19:29:37.081   950   950 I ServiceManager: service 'media.player' died
12-03 19:29:37.081   950   950 I ServiceManager: service 'media.resource_manager' died
12-03 19:29:41.149  8680  8680 I chatty  : uid=0(root) /system/bin/surfaceflinger expire 10 lines
12-03 19:29:41.260  8679  8679 I chatty  : uid=0(root) /system/bin/netd expire 2 lines
12-03 19:29:41.713  8680  8680 F libc    : Fatal signal 7 (SIGBUS), code 2, fault addr 0x7f8e22dc8000 in tid 8680 (surfaceflinger)
12-03 19:29:41.814   955   955 F DEBUG   : *** *** *** *** *** *** *** *** *** *** *** *** *** *** *** ***
12-03 19:29:41.814   955   955 F DEBUG   : Build fingerprint: 'Android-x86/android_x86_64/x86_64:6.0.1/MOB31E/ec2-user12020203:eng/test-keys'
12-03 19:29:41.814   955   955 F DEBUG   : Revision: '0'
12-03 19:29:41.814   955   955 F DEBUG   : ABI: 'x86_64'
12-03 19:29:41.814   955   955 F DEBUG   : pid: 8680, tid: 8680, name: surfaceflinger  >>> /system/bin/surfaceflinger <<<
12-03 19:29:41.814   955   955 F DEBUG   : signal 7 (SIGBUS), code 2 (BUS_ADRERR), fault addr 0x7f8e22dc8000
12-03 19:29:41.816   955   955 F DEBUG   :     rax 00007f8e22dc8000  rbx 0000000000010000  rcx 0000000000000000  rdx 0000000000010000
12-03 19:29:41.816   955   955 F DEBUG   :     rsi 0000000000000000  rdi 00007f8e22dc8000
12-03 19:29:41.816   955   955 F DEBUG   :     r8  00007f8e22dc8000  r9  0000000000000030  r10 0000000000000001  r11 0000000000000213
12-03 19:29:41.816   955   955 F DEBUG   :     r12 00007f8e25e95a00  r13 00007f8e22d8a8f0  r14 000000000000000d  r15 000000000000000c
12-03 19:29:41.816   955   955 F DEBUG   :     cs  000000000000e033  ss  000000000000002b
12-03 19:29:41.816   955   955 F DEBUG   :     rip 00007f8e25db191a  rbp 00007f8e25379040  rsp 00007ffc966521d8  eflags 0000000000010206
12-03 19:29:41.818   955   955 F DEBUG   : 
12-03 19:29:41.818   955   955 F DEBUG   : backtrace:
12-03 19:29:41.818   955   955 F DEBUG   :     #00 pc 000000000001d91a  /system/lib64/libc.so (memset+90)
12-03 19:29:41.818   955   955 F DEBUG   :     #01 pc 0000000000001e60  /system/lib64/hw/gralloc.default.so
12-03 19:29:41.818   955   955 F DEBUG   :     #02 pc 00000000000020dc  /system/lib64/hw/gralloc.default.so (_Z14fb_device_openPK11hw_module_tPKcPP11hw_device_t+156)
12-03 19:29:41.818   955   955 F DEBUG   :     #03 pc 000000000003b6ae  /system/lib64/libsurfaceflinger.so
12-03 19:29:41.818   955   955 F DEBUG   :     #04 pc 000000000002bd8d  /system/lib64/libsurfaceflinger.so (_ZN7android14SurfaceFlinger4initEv+749)
12-03 19:29:41.818   955   955 F DEBUG   :     #05 pc 0000000000001130  /system/bin/surfaceflinger
12-03 19:29:41.818   955   955 F DEBUG   :     #06 pc 000000000001cd0c  /system/lib64/libc.so (__libc_init+92)
12-03 19:29:41.818   955   955 F DEBUG   :     #07 pc 0000000000001001  /system/bin/surfaceflinger
12-03 19:29:41.818   955   955 F DEBUG   :     #08 pc 0000000000000000  <unknown>
12-03 19:29:41.957  8681  8681 V MediaUtils: physMem: 3933986816
12-03 19:29:41.957  8681  8681 V MediaUtils: requested limit: 2557091420
12-03 19:29:41.957  8681  8681 V MediaUtils: actual limit: 2557091420
12-03 19:29:41.957  8681  8681 V MediaUtils: original limits: 4294967295/4294967295
12-03 19:29:41.957  8681  8681 V MediaUtils: new limits: 2557091420/4294967295
12-03 19:29:41.966  8681  8681 I mediaserver: ServiceManager: 0xf618c680
12-03 19:29:41.966  8681  8681 I AudioFlinger: Using default 3000 mSec as standby time.
12-03 19:29:41.966  8681  8681 E         : batterystats service unavailable!
12-03 19:29:41.966  8681  8681 E         : batterystats service unavailable!
12-03 19:29:41.967  8681  8681 I CameraService: CameraService started (pid=8681)
12-03 19:29:41.967  8681  8681 I CameraService: CameraService process starting
12-03 19:29:41.967  8681  8681 E         : batterystats service unavailable!
12-03 19:29:41.967  8681  8681 E         : batterystats service unavailable!
12-03 19:29:41.967  8681  8681 D Camera_Factory: CameraFactory::CameraFactory
12-03 19:29:41.967  8681  8681 D Camera_Factory: CameraFactory::parseConfig: configFile = /etc/camera.cfg
12-03 19:29:41.967  8681  8681 D Camera_Factory: /etc/camera.cfg not found, using camera configuration defaults
12-03 19:29:41.967  8681  8681 E cutils-trace: Error opening trace file: Permission denied (13)
12-03 19:29:41.967  8681  8681 D Camera_Factory: CameraFactory::get_number_of_cameras
12-03 19:29:41.967  8681  8681 D Camera_Factory: CameraFactory::getCameraNum: 0
12-03 19:29:41.967  8681  8681 I CameraService: Loaded "Camera Module" camera module
12-03 19:29:41.967  8681  8681 D Camera_Factory: CameraFactory::get_number_of_cameras
12-03 19:29:41.967  8681  8681 D Camera_Factory: CameraFactory::getCameraNum: 0
12-03 19:29:41.967  8681  8681 D Camera_Factory: CameraFactory::get_number_of_cameras
12-03 19:29:41.967  8681  8681 D Camera_Factory: CameraFactory::getCameraNum: 0
12-03 19:29:41.967  8681  8681 I ServiceManager: Waiting for service media.camera.proxy...
12-03 19:29:42.378  8682  8682 I chatty  : uid=0(root) expire 349 lines
12-03 19:29:42.594  8682  8725 I chatty  : uid=0(root) expire 19 lines
12-03 19:29:42.624  8727  8727 D idmap   : error: no read access to /vendor/overlay: No such file or directory
12-03 19:29:42.968  8681  8681 I ServiceManager: Waiting for service media.camera.proxy...
12-03 19:29:43.521  8682  8723 I chatty  : uid=0(root) expire 1 line
12-03 19:29:43.614  8754  8754 I Zygote  : Process: zygote socket opened, supported ABIS: x86,armeabi-v7a,armeabi
12-03 19:29:43.615  8754  8754 I InstallerConnection: connecting...
12-03 19:29:43.615   959   959 I chatty  : uid=0(root) /system/bin/installd expire 8 lines
12-03 19:29:43.616  8754  8754 I InstallerConnection: disconnecting...
12-03 19:29:43.630  8754  8754 I SystemServer: Entered the Android system server!
12-03 19:29:43.666  8754  8754 I SystemServiceManager: Starting com.android.server.pm.Installer
12-03 19:29:43.666  8754  8754 I Installer: Waiting for installd to be ready.
12-03 19:29:43.666  8754  8754 I InstallerConnection: connecting...
12-03 19:29:43.666  8754  8754 I SystemServiceManager: Starting com.android.server.am.ActivityManagerService$Lifecycle
12-03 19:29:43.669  8754  8754 I ActivityManager: Memory class: 192
12-03 19:29:43.684  8754  8754 D BatteryStatsImpl: Reading daily items from /data/system/batterystats-daily.xml
12-03 19:29:43.686  8754  8754 I AppOps  : No existing app ops /data/system/appops.xml; starting empty
12-03 19:29:43.717  8754  8754 I IntentFirewall: Read new rules (A:0 B:0 S:0)
12-03 19:29:43.731  8754  8754 D AppOps  : AppOpsService published
12-03 19:29:43.731  8754  8754 I SystemServiceManager: Starting com.android.server.power.PowerManagerService
12-03 19:29:43.733  8754  8754 I libsuspend: Selected early suspend
12-03 19:29:43.733  8754  8754 E libsuspend: Error accessing /sys/power/wait_for_fb_sleep: No such file or directory
12-03 19:29:43.734  8754  8754 I SystemServiceManager: Starting com.android.server.lights.LightsService
12-03 19:29:43.735  8754  8754 E lights  : Unable to detect max_brightness. Try to set backlight.max_brightness_file
12-03 19:29:43.735  8754  8754 I SystemServiceManager: Starting com.android.server.display.DisplayManagerService
12-03 19:29:43.735  8754  8754 I SystemServiceManager: Starting phase 100
12-03 19:29:43.736  8754  8776 I ServiceManager: Waiting for service SurfaceFlinger...
12-03 19:29:43.764   955   955 F DEBUG   : 
12-03 19:29:43.764   955   955 F DEBUG   : Tombstone written to: /data/tombstones/tombstone_02
12-03 19:29:43.800   950   950 I ServiceManager: service 'media.audio_flinger' died
12-03 19:29:43.800   950   950 I ServiceManager: service 'media.player' died
12-03 19:29:43.800   950   950 I ServiceManager: service 'media.resource_manager' died
12-03 19:29:43.801   950   950 I ServiceManager: service 'batterystats' died
12-03 19:29:43.801   950   950 I ServiceManager: service 'appops' died
12-03 19:29:43.801   950   950 I ServiceManager: service 'power' died
12-03 19:29:43.801   950   950 I ServiceManager: service 'display' died
12-03 19:29:45.889  8782  8782 I chatty  : uid=0(root) /system/bin/netd expire 2 lines
12-03 19:29:45.910  8783  8783 I chatty  : uid=0(root) /system/bin/surfaceflinger expire 10 lines
12-03 19:29:46.423  8783  8783 F libc    : Fatal signal 7 (SIGBUS), code 2, fault addr 0x7f5f79642000 in tid 8783 (surfaceflinger)
12-03 19:29:46.531   955   955 F DEBUG   : *** *** *** *** *** *** *** *** *** *** *** *** *** *** *** ***
12-03 19:29:46.531   955   955 F DEBUG   : Build fingerprint: 'Android-x86/android_x86_64/x86_64:6.0.1/MOB31E/ec2-user12020203:eng/test-keys'
12-03 19:29:46.531   955   955 F DEBUG   : Revision: '0'
12-03 19:29:46.531   955   955 F DEBUG   : ABI: 'x86_64'
12-03 19:29:46.531   955   955 F DEBUG   : pid: 8783, tid: 8783, name: surfaceflinger  >>> /system/bin/surfaceflinger <<<
12-03 19:29:46.531   955   955 F DEBUG   : signal 7 (SIGBUS), code 2 (BUS_ADRERR), fault addr 0x7f5f79642000
12-03 19:29:46.550   955   955 F DEBUG   :     rax 00007f5f79642000  rbx 0000000000010000  rcx 0000000000000000  rdx 0000000000010000
12-03 19:29:46.550   955   955 F DEBUG   :     rsi 0000000000000000  rdi 00007f5f79642000
12-03 19:29:46.550   955   955 F DEBUG   :     r8  00007f5f79642000  r9  0000000000000030  r10 0000000000000001  r11 0000000000000213
12-03 19:29:46.550   955   955 F DEBUG   :     r12 00007f5f7c713a00  r13 00007f5f7960a8f0  r14 000000000000000d  r15 000000000000000c
12-03 19:29:46.550   955   955 F DEBUG   :     cs  000000000000e033  ss  000000000000002b
12-03 19:29:46.550   955   955 F DEBUG   :     rip 00007f5f7c62f91a  rbp 00007f5f7baef040  rsp 00007fff67974408  eflags 0000000000010206
12-03 19:29:46.552   955   955 F DEBUG   : 
12-03 19:29:46.552   955   955 F DEBUG   : backtrace:
12-03 19:29:46.552   955   955 F DEBUG   :     #00 pc 000000000001d91a  /system/lib64/libc.so (memset+90)
12-03 19:29:46.552   955   955 F DEBUG   :     #01 pc 0000000000001e60  /system/lib64/hw/gralloc.default.so
12-03 19:29:46.552   955   955 F DEBUG   :     #02 pc 00000000000020dc  /system/lib64/hw/gralloc.default.so (_Z14fb_device_openPK11hw_module_tPKcPP11hw_device_t+156)
12-03 19:29:46.552   955   955 F DEBUG   :     #03 pc 000000000003b6ae  /system/lib64/libsurfaceflinger.so
12-03 19:29:46.552   955   955 F DEBUG   :     #04 pc 000000000002bd8d  /system/lib64/libsurfaceflinger.so (_ZN7android14SurfaceFlinger4initEv+749)
12-03 19:29:46.552   955   955 F DEBUG   :     #05 pc 0000000000001130  /system/bin/surfaceflinger
12-03 19:29:46.552   955   955 F DEBUG   :     #06 pc 000000000001cd0c  /system/lib64/libc.so (__libc_init+92)
12-03 19:29:46.553   955   955 F DEBUG   :     #07 pc 0000000000001001  /system/bin/surfaceflinger
12-03 19:29:46.553   955   955 F DEBUG   :     #08 pc 0000000000000000  <unknown>
12-03 19:29:46.602  8784  8784 V MediaUtils: physMem: 3933986816
12-03 19:29:46.602  8784  8784 V MediaUtils: requested limit: 2557091420
12-03 19:29:46.602  8784  8784 V MediaUtils: actual limit: 2557091420
12-03 19:29:46.602  8784  8784 V MediaUtils: original limits: 4294967295/4294967295
12-03 19:29:46.602  8784  8784 V MediaUtils: new limits: 2557091420/4294967295
12-03 19:29:46.611  8784  8784 I mediaserver: ServiceManager: 0xf610c680
12-03 19:29:46.611  8784  8784 I AudioFlinger: Using default 3000 mSec as standby time.
12-03 19:29:46.611  8784  8784 E         : batterystats service unavailable!
12-03 19:29:46.611  8784  8784 E         : batterystats service unavailable!
12-03 19:29:46.611  8784  8784 I CameraService: CameraService started (pid=8784)
12-03 19:29:46.611  8784  8784 I CameraService: CameraService process starting
12-03 19:29:46.611  8784  8784 E         : batterystats service unavailable!
12-03 19:29:46.611  8784  8784 E         : batterystats service unavailable!
12-03 19:29:46.612  8784  8784 D Camera_Factory: CameraFactory::CameraFactory
12-03 19:29:46.612  8784  8784 D Camera_Factory: CameraFactory::parseConfig: configFile = /etc/camera.cfg
12-03 19:29:46.612  8784  8784 D Camera_Factory: /etc/camera.cfg not found, using camera configuration defaults
12-03 19:29:46.612  8784  8784 E cutils-trace: Error opening trace file: Permission denied (13)
12-03 19:29:46.612  8784  8784 D Camera_Factory: CameraFactory::get_number_of_cameras
12-03 19:29:46.612  8784  8784 D Camera_Factory: CameraFactory::getCameraNum: 0
12-03 19:29:46.612  8784  8784 I CameraService: Loaded "Camera Module" camera module
12-03 19:29:46.612  8784  8784 D Camera_Factory: CameraFactory::get_number_of_cameras
12-03 19:29:46.612  8784  8784 D Camera_Factory: CameraFactory::getCameraNum: 0
12-03 19:29:46.612  8784  8784 D Camera_Factory: CameraFactory::get_number_of_cameras
12-03 19:29:46.612  8784  8784 D Camera_Factory: CameraFactory::getCameraNum: 0
12-03 19:29:46.613  8784  8784 I ServiceManager: Waiting for service media.camera.proxy...
12-03 19:29:47.105  8785  8785 I chatty  : uid=0(root) expire 283 lines
12-03 19:29:47.327  8785  8833 I chatty  : uid=0(root) expire 4 lines
12-03 19:29:47.344  8834  8834 D idmap   : error: no read access to /vendor/overlay: No such file or directory
12-03 19:29:47.603   955   955 F DEBUG   : 
12-03 19:29:47.603   955   955 F DEBUG   : Tombstone written to: /data/tombstones/tombstone_03
12-03 19:29:47.617  8784  8784 I ServiceManager: Waiting for service media.camera.proxy...
12-03 19:29:47.633   950   950 I ServiceManager: service 'media.audio_flinger' died
12-03 19:29:47.633   950   950 I ServiceManager: service 'media.player' died
12-03 19:29:47.633   950   950 I ServiceManager: service 'media.resource_manager' died
12-03 19:29:51.776  8842  8842 I chatty  : uid=0(root) /system/bin/netd expire 2 lines
12-03 19:29:51.789  8843  8843 I chatty  : uid=0(root) /system/bin/surfaceflinger expire 10 lines
12-03 19:29:52.336  8843  8843 F libc    : Fatal signal 7 (SIGBUS), code 2, fault addr 0x7fb07e512000 in tid 8843 (surfaceflinger)
12-03 19:29:52.445   955   955 F DEBUG   : *** *** *** *** *** *** *** *** *** *** *** *** *** *** *** ***
12-03 19:29:52.445   955   955 F DEBUG   : Build fingerprint: 'Android-x86/android_x86_64/x86_64:6.0.1/MOB31E/ec2-user12020203:eng/test-keys'
12-03 19:29:52.445   955   955 F DEBUG   : Revision: '0'
