12-03 19:30:36.615   955   955 F DEBUG   : *** *** *** *** *** *** *** *** *** *** *** *** *** *** *** ***
12-03 19:30:36.615   955   955 F DEBUG   : Build fingerprint: 'Android-x86/android_x86_64/x86_64:6.0.1/MOB31E/ec2-user12020203:eng/test-keys'
12-03 19:30:36.615   955   955 F DEBUG   : Revision: '0'
12-03 19:30:36.615   955   955 F DEBUG   : ABI: 'x86_64'
12-03 19:30:36.615   955   955 F DEBUG   : pid: 9290, tid: 9290, name: surfaceflinger  >>> /system/bin/surfaceflinger <<<
12-03 19:30:36.615   955   955 F DEBUG   : signal 7 (SIGBUS), code 2 (BUS_ADRERR), fault addr 0x7fc224052000
12-03 19:30:36.617   955   955 F DEBUG   :     rax 00007fc224052000  rbx 0000000000010000  rcx 0000000000000000  rdx 0000000000010000
12-03 19:30:36.617   955   955 F DEBUG   :     rsi 0000000000000000  rdi 00007fc224052000
12-03 19:30:36.617   955   955 F DEBUG   :     r8  00007fc224052000  r9  0000000000000030  r10 0000000000000001  r11 0000000000000213
12-03 19:30:36.617   955   955 F DEBUG   :     r12 00007fc227228a00  r13 00007fc22414a8f0  r14 000000000000000d  r15 000000000000000c
12-03 19:30:36.617   955   955 F DEBUG   :     cs  000000000000e033  ss  000000000000002b
12-03 19:30:36.617   955   955 F DEBUG   :     rip 00007fc22714491a  rbp 00007fc226605040  rsp 00007ffdbfa55a78  eflags 0000000000010206
12-03 19:30:36.620   955   955 F DEBUG   : 
12-03 19:30:36.620   955   955 F DEBUG   : backtrace:
12-03 19:30:36.620   955   955 F DEBUG   :     #00 pc 000000000001d91a  /system/lib64/libc.so (memset+90)
12-03 19:30:36.620   955   955 F DEBUG   :     #01 pc 0000000000001e60  /system/lib64/hw/gralloc.default.so
12-03 19:30:36.620   955   955 F DEBUG   :     #02 pc 00000000000020dc  /system/lib64/hw/gralloc.default.so (_Z14fb_device_openPK11hw_module_tPKcPP11hw_device_t+156)
12-03 19:30:36.620   955   955 F DEBUG   :     #03 pc 000000000003b6ae  /system/lib64/libsurfaceflinger.so
12-03 19:30:36.620   955   955 F DEBUG   :     #04 pc 000000000002bd8d  /system/lib64/libsurfaceflinger.so (_ZN7android14SurfaceFlinger4initEv+749)
12-03 19:30:36.620   955   955 F DEBUG   :     #05 pc 0000000000001130  /system/bin/surfaceflinger
12-03 19:30:36.620   955   955 F DEBUG   :     #06 pc 000000000001cd0c  /system/lib64/libc.so (__libc_init+92)
12-03 19:30:36.620   955   955 F DEBUG   :     #07 pc 0000000000001001  /system/bin/surfaceflinger
12-03 19:30:36.620   955   955 F DEBUG   :     #08 pc 0000000000000000  <unknown>
12-03 19:30:37.047   955   955 F DEBUG   : 
12-03 19:30:37.047   955   955 F DEBUG   : Tombstone written to: /data/tombstones/tombstone_03
12-03 19:30:37.061   950   950 I ServiceManager: service 'media.audio_flinger' died
12-03 19:30:37.061   950   950 I ServiceManager: service 'media.player' died
12-03 19:30:37.061   950   950 I ServiceManager: service 'media.resource_manager' died
12-03 19:30:41.137  9325  9325 I chatty  : uid=0(root) /system/bin/surfaceflinger expire 10 lines
12-03 19:30:41.236  9324  9324 I chatty  : uid=0(root) /system/bin/netd expire 2 lines
12-03 19:30:41.675  9325  9325 F libc    : Fatal signal 7 (SIGBUS), code 2, fault addr 0x7fe66dc66000 in tid 9325 (surfaceflinger)
12-03 19:30:41.699   955   955 F DEBUG   : *** *** *** *** *** *** *** *** *** *** *** *** *** *** *** ***
12-03 19:30:41.699   955   955 F DEBUG   : Build fingerprint: 'Android-x86/android_x86_64/x86_64:6.0.1/MOB31E/ec2-user12020203:eng/test-keys'
12-03 19:30:41.699   955   955 F DEBUG   : Revision: '0'
12-03 19:30:41.699   955   955 F DEBUG   : ABI: 'x86_64'
12-03 19:30:41.699   955   955 F DEBUG   : pid: 9325, tid: 9325, name: surfaceflinger  >>> /system/bin/surfaceflinger <<<
12-03 19:30:41.699   955   955 F DEBUG   : signal 7 (SIGBUS), code 2 (BUS_ADRERR), fault addr 0x7fe66dc66000
12-03 19:30:41.714   955   955 F DEBUG   :     rax 00007fe66dc66000  rbx 0000000000010000  rcx 0000000000000000  rdx 0000000000010000
12-03 19:30:41.714   955   955 F DEBUG   :     rsi 0000000000000000  rdi 00007fe66dc66000
12-03 19:30:41.714   955   955 F DEBUG   :     r8  00007fe66dc66000  r9  0000000000000030  r10 0000000000000001  r11 0000000000000213
12-03 19:30:41.714   955   955 F DEBUG   :     r12 00007fe670e43a00  r13 00007fe66dd4a8f0  r14 000000000000000d  r15 000000000000000c
12-03 19:30:41.714   955   955 F DEBUG   :     cs  000000000000e033  ss  000000000000002b
12-03 19:30:41.714   955   955 F DEBUG   :     rip 00007fe670d5f91a  rbp 00007fe670223040  rsp 00007ffed12516f8  eflags 0000000000010206
12-03 19:30:41.731   955   955 F DEBUG   : 
12-03 19:30:41.731   955   955 F DEBUG   : backtrace:
12-03 19:30:41.731   955   955 F DEBUG   :     #00 pc 000000000001d91a  /system/lib64/libc.so (memset+90)
12-03 19:30:41.731   955   955 F DEBUG   :     #01 pc 0000000000001e60  /system/lib64/hw/gralloc.default.so
12-03 19:30:41.731   955   955 F DEBUG   :     #02 pc 00000000000020dc  /system/lib64/hw/gralloc.default.so (_Z14fb_device_openPK11hw_module_tPKcPP11hw_device_t+156)
12-03 19:30:41.731   955   955 F DEBUG   :     #03 pc 000000000003b6ae  /system/lib64/libsurfaceflinger.so
12-03 19:30:41.731   955   955 F DEBUG   :     #04 pc 000000000002bd8d  /system/lib64/libsurfaceflinger.so (_ZN7android14SurfaceFlinger4initEv+749)
12-03 19:30:41.731   955   955 F DEBUG   :     #05 pc 0000000000001130  /system/bin/surfaceflinger
12-03 19:30:41.731   955   955 F DEBUG   :     #06 pc 000000000001cd0c  /system/lib64/libc.so (__libc_init+92)
12-03 19:30:41.731   955   955 F DEBUG   :     #07 pc 0000000000001001  /system/bin/surfaceflinger
12-03 19:30:41.731   955   955 F DEBUG   :     #08 pc 0000000000000000  <unknown>
12-03 19:30:42.072  9326  9326 V MediaUtils: physMem: 3933986816
12-03 19:30:42.072  9326  9326 V MediaUtils: requested limit: 2557091420
12-03 19:30:42.072  9326  9326 V MediaUtils: actual limit: 2557091420
12-03 19:30:42.072  9326  9326 V MediaUtils: original limits: 4294967295/4294967295
12-03 19:30:42.072  9326  9326 V MediaUtils: new limits: 2557091420/4294967295
12-03 19:30:42.081  9326  9326 I mediaserver: ServiceManager: 0xf614c680
12-03 19:30:42.082  9326  9326 I AudioFlinger: Using default 3000 mSec as standby time.
12-03 19:30:42.082  9326  9326 E         : batterystats service unavailable!
12-03 19:30:42.082  9326  9326 E         : batterystats service unavailable!
12-03 19:30:42.082  9326  9326 I CameraService: CameraService started (pid=9326)
12-03 19:30:42.082  9326  9326 I CameraService: CameraService process starting
12-03 19:30:42.082  9326  9326 E         : batterystats service unavailable!
12-03 19:30:42.082  9326  9326 E         : batterystats service unavailable!
12-03 19:30:42.082  9326  9326 D Camera_Factory: CameraFactory::CameraFactory
12-03 19:30:42.082  9326  9326 D Camera_Factory: CameraFactory::parseConfig: configFile = /etc/camera.cfg
12-03 19:30:42.083  9326  9326 D Camera_Factory: /etc/camera.cfg not found, using camera configuration defaults
12-03 19:30:42.083  9326  9326 E cutils-trace: Error opening trace file: Permission denied (13)
12-03 19:30:42.083  9326  9326 D Camera_Factory: CameraFactory::get_number_of_cameras
12-03 19:30:42.083  9326  9326 D Camera_Factory: CameraFactory::getCameraNum: 0
12-03 19:30:42.083  9326  9326 I CameraService: Loaded "Camera Module" camera module
12-03 19:30:42.083  9326  9326 D Camera_Factory: CameraFactory::get_number_of_cameras
12-03 19:30:42.083  9326  9326 D Camera_Factory: CameraFactory::getCameraNum: 0
12-03 19:30:42.083  9326  9326 D Camera_Factory: CameraFactory::get_number_of_cameras
12-03 19:30:42.083  9326  9326 D Camera_Factory: CameraFactory::getCameraNum: 0
12-03 19:30:42.083  9326  9326 I ServiceManager: Waiting for service media.camera.proxy...
12-03 19:30:42.136   955   955 F DEBUG   : 
12-03 19:30:42.136   955   955 F DEBUG   : Tombstone written to: /data/tombstones/tombstone_04
12-03 19:30:42.150   950   950 I ServiceManager: service 'media.audio_flinger' died
12-03 19:30:42.150   950   950 I ServiceManager: service 'media.player' died
12-03 19:30:42.150   950   950 I ServiceManager: service 'media.resource_manager' died
12-03 19:30:46.220  9357  9357 I chatty  : uid=0(root) /system/bin/netd expire 2 lines
12-03 19:30:46.257  9358  9358 I chatty  : uid=0(root) /system/bin/surfaceflinger expire 10 lines
12-03 19:30:46.839  9358  9358 F libc    : Fatal signal 7 (SIGBUS), code 2, fault addr 0x7fdb9fda6000 in tid 9358 (surfaceflinger)
12-03 19:30:46.945   955   955 F DEBUG   : *** *** *** *** *** *** *** *** *** *** *** *** *** *** *** ***
12-03 19:30:46.945   955   955 F DEBUG   : Build fingerprint: 'Android-x86/android_x86_64/x86_64:6.0.1/MOB31E/ec2-user12020203:eng/test-keys'
12-03 19:30:46.945   955   955 F DEBUG   : Revision: '0'
12-03 19:30:46.945   955   955 F DEBUG   : ABI: 'x86_64'
12-03 19:30:46.945   955   955 F DEBUG   : pid: 9358, tid: 9358, name: surfaceflinger  >>> /system/bin/surfaceflinger <<<
12-03 19:30:46.945   955   955 F DEBUG   : signal 7 (SIGBUS), code 2 (BUS_ADRERR), fault addr 0x7fdb9fda6000
12-03 19:30:46.947   955   955 F DEBUG   :     rax 00007fdb9fda6000  rbx 0000000000010000  rcx 0000000000000000  rdx 0000000000010000
12-03 19:30:46.947   955   955 F DEBUG   :     rsi 0000000000000000  rdi 00007fdb9fda6000
12-03 19:30:46.947   955   955 F DEBUG   :     r8  00007fdb9fda6000  r9  0000000000000030  r10 0000000000000001  r11 0000000000000213
12-03 19:30:46.947   955   955 F DEBUG   :     r12 00007fdba2f89a00  r13 00007fdb9fe8a8f0  r14 000000000000000d  r15 000000000000000c
12-03 19:30:46.947   955   955 F DEBUG   :     cs  000000000000e033  ss  000000000000002b
12-03 19:30:46.947   955   955 F DEBUG   :     rip 00007fdba2ea591a  rbp 00007fdba2365040  rsp 00007ffdb6e7e238  eflags 0000000000010206
12-03 19:30:46.950   955   955 F DEBUG   : 
12-03 19:30:46.950   955   955 F DEBUG   : backtrace:
12-03 19:30:46.950   955   955 F DEBUG   :     #00 pc 000000000001d91a  /system/lib64/libc.so (memset+90)
12-03 19:30:46.950   955   955 F DEBUG   :     #01 pc 0000000000001e60  /system/lib64/hw/gralloc.default.so
12-03 19:30:46.950   955   955 F DEBUG   :     #02 pc 00000000000020dc  /system/lib64/hw/gralloc.default.so (_Z14fb_device_openPK11hw_module_tPKcPP11hw_device_t+156)
12-03 19:30:46.950   955   955 F DEBUG   :     #03 pc 000000000003b6ae  /system/lib64/libsurfaceflinger.so
12-03 19:30:46.950   955   955 F DEBUG   :     #04 pc 000000000002bd8d  /system/lib64/libsurfaceflinger.so (_ZN7android14SurfaceFlinger4initEv+749)
12-03 19:30:46.950   955   955 F DEBUG   :     #05 pc 0000000000001130  /system/bin/surfaceflinger
12-03 19:30:46.950   955   955 F DEBUG   :     #06 pc 000000000001cd0c  /system/lib64/libc.so (__libc_init+92)
12-03 19:30:46.950   955   955 F DEBUG   :     #07 pc 0000000000001001  /system/bin/surfaceflinger
12-03 19:30:46.950   955   955 F DEBUG   :     #08 pc 0000000000000000  <unknown>
12-03 19:30:47.082  9359  9359 V MediaUtils: physMem: 3933986816
12-03 19:30:47.082  9359  9359 V MediaUtils: requested limit: 2557091420
12-03 19:30:47.082  9359  9359 V MediaUtils: actual limit: 2557091420
12-03 19:30:47.082  9359  9359 V MediaUtils: original limits: 4294967295/4294967295
12-03 19:30:47.082  9359  9359 V MediaUtils: new limits: 2557091420/4294967295
12-03 19:30:47.091  9359  9359 I mediaserver: ServiceManager: 0xf618c680
12-03 19:30:47.091  9359  9359 I AudioFlinger: Using default 3000 mSec as standby time.
12-03 19:30:47.091  9359  9359 E         : batterystats service unavailable!
12-03 19:30:47.092  9359  9359 E         : batterystats service unavailable!
12-03 19:30:47.092  9359  9359 I CameraService: CameraService started (pid=9359)
12-03 19:30:47.092  9359  9359 I CameraService: CameraService process starting
12-03 19:30:47.092  9359  9359 E         : batterystats service unavailable!
12-03 19:30:47.092  9359  9359 E         : batterystats service unavailable!
12-03 19:30:47.093  9359  9359 D Camera_Factory: CameraFactory::CameraFactory
12-03 19:30:47.093  9359  9359 D Camera_Factory: CameraFactory::parseConfig: configFile = /etc/camera.cfg
12-03 19:30:47.093  9359  9359 D Camera_Factory: /etc/camera.cfg not found, using camera configuration defaults
12-03 19:30:47.093  9359  9359 E cutils-trace: Error opening trace file: Permission denied (13)
12-03 19:30:47.093  9359  9359 D Camera_Factory: CameraFactory::get_number_of_cameras
12-03 19:30:47.093  9359  9359 D Camera_Factory: CameraFactory::getCameraNum: 0
12-03 19:30:47.093  9359  9359 I CameraService: Loaded "Camera Module" camera module
12-03 19:30:47.093  9359  9359 D Camera_Factory: CameraFactory::get_number_of_cameras
12-03 19:30:47.093  9359  9359 D Camera_Factory: CameraFactory::getCameraNum: 0
12-03 19:30:47.093  9359  9359 D Camera_Factory: CameraFactory::get_number_of_cameras
12-03 19:30:47.093  9359  9359 D Camera_Factory: CameraFactory::getCameraNum: 0
12-03 19:30:47.094  9359  9359 I ServiceManager: Waiting for service media.camera.proxy...
12-03 19:30:47.340   955   955 F DEBUG   : 
12-03 19:30:47.340   955   955 F DEBUG   : Tombstone written to: /data/tombstones/tombstone_05
12-03 19:30:47.345   950   950 I ServiceManager: service 'media.audio_flinger' died
12-03 19:30:47.345   950   950 I ServiceManager: service 'media.player' died
12-03 19:30:47.345   950   950 I ServiceManager: service 'media.resource_manager' died
12-03 19:30:51.445  9394  9394 I chatty  : uid=0(root) /system/bin/netd expire 2 lines
12-03 19:30:51.543  9395  9395 I chatty  : uid=0(root) /system/bin/surfaceflinger expire 10 lines
12-03 19:30:52.106  9395  9395 F libc    : Fatal signal 7 (SIGBUS), code 2, fault addr 0x7fee802dc000 in tid 9395 (surfaceflinger)
12-03 19:30:52.217   955   955 F DEBUG   : *** *** *** *** *** *** *** *** *** *** *** *** *** *** *** ***
12-03 19:30:52.217   955   955 F DEBUG   : Build fingerprint: 'Android-x86/android_x86_64/x86_64:6.0.1/MOB31E/ec2-user12020203:eng/test-keys'
12-03 19:30:52.217   955   955 F DEBUG   : Revision: '0'
12-03 19:30:52.217   955   955 F DEBUG   : ABI: 'x86_64'
12-03 19:30:52.217   955   955 F DEBUG   : pid: 9395, tid: 9395, name: surfaceflinger  >>> /system/bin/surfaceflinger <<<
12-03 19:30:52.217   955   955 F DEBUG   : signal 7 (SIGBUS), code 2 (BUS_ADRERR), fault addr 0x7fee802dc000
12-03 19:30:52.219   955   955 F DEBUG   :     rax 00007fee802dc000  rbx 0000000000010000  rcx 0000000000000000  rdx 0000000000010000
12-03 19:30:52.219   955   955 F DEBUG   :     rsi 0000000000000000  rdi 00007fee802dc000
12-03 19:30:52.219   955   955 F DEBUG   :     r8  00007fee802dc000  r9  0000000000000030  r10 0000000000000001  r11 0000000000000213
12-03 19:30:52.219   955   955 F DEBUG   :     r12 00007fee834b3a00  r13 00007fee803ca8f0  r14 000000000000000d  r15 000000000000000c
12-03 19:30:52.219   955   955 F DEBUG   :     cs  000000000000e033  ss  000000000000002b
12-03 19:30:52.219   955   955 F DEBUG   :     rip 00007fee833cf91a  rbp 00007fee82894040  rsp 00007ffd0ebf6408  eflags 0000000000010206
12-03 19:30:52.251   955   955 F DEBUG   : 
12-03 19:30:52.251   955   955 F DEBUG   : backtrace:
12-03 19:30:52.252   955   955 F DEBUG   :     #00 pc 000000000001d91a  /system/lib64/libc.so (memset+90)
12-03 19:30:52.252   955   955 F DEBUG   :     #01 pc 0000000000001e60  /system/lib64/hw/gralloc.default.so
12-03 19:30:52.252   955   955 F DEBUG   :     #02 pc 00000000000020dc  /system/lib64/hw/gralloc.default.so (_Z14fb_device_openPK11hw_module_tPKcPP11hw_device_t+156)
12-03 19:30:52.252   955   955 F DEBUG   :     #03 pc 000000000003b6ae  /system/lib64/libsurfaceflinger.so
12-03 19:30:52.252   955   955 F DEBUG   :     #04 pc 000000000002bd8d  /system/lib64/libsurfaceflinger.so (_ZN7android14SurfaceFlinger4initEv+749)
12-03 19:30:52.252   955   955 F DEBUG   :     #05 pc 0000000000001130  /system/bin/surfaceflinger
12-03 19:30:52.252   955   955 F DEBUG   :     #06 pc 000000000001cd0c  /system/lib64/libc.so (__libc_init+92)
12-03 19:30:52.252   955   955 F DEBUG   :     #07 pc 0000000000001001  /system/bin/surfaceflinger
12-03 19:30:52.252   955   955 F DEBUG   :     #08 pc 0000000000000000  <unknown>
12-03 19:30:52.332  9396  9396 V MediaUtils: physMem: 3933986816
12-03 19:30:52.332  9396  9396 V MediaUtils: requested limit: 2557091420
12-03 19:30:52.332  9396  9396 V MediaUtils: actual limit: 2557091420
12-03 19:30:52.332  9396  9396 V MediaUtils: original limits: 4294967295/4294967295
12-03 19:30:52.332  9396  9396 V MediaUtils: new limits: 2557091420/4294967295
12-03 19:30:52.334  9396  9396 I mediaserver: ServiceManager: 0xf61cc680
12-03 19:30:52.334  9396  9396 I AudioFlinger: Using default 3000 mSec as standby time.
12-03 19:30:52.334  9396  9396 E         : batterystats service unavailable!
12-03 19:30:52.334  9396  9396 E         : batterystats service unavailable!
12-03 19:30:52.334  9396  9396 I CameraService: CameraService started (pid=9396)
12-03 19:30:52.334  9396  9396 I CameraService: CameraService process starting
12-03 19:30:52.334  9396  9396 E         : batterystats service unavailable!
12-03 19:30:52.334  9396  9396 E         : batterystats service unavailable!
12-03 19:30:52.343  9396  9396 D Camera_Factory: CameraFactory::CameraFactory
12-03 19:30:52.343  9396  9396 D Camera_Factory: CameraFactory::parseConfig: configFile = /etc/camera.cfg
12-03 19:30:52.343  9396  9396 D Camera_Factory: /etc/camera.cfg not found, using camera configuration defaults
12-03 19:30:52.343  9396  9396 E cutils-trace: Error opening trace file: Permission denied (13)
12-03 19:30:52.343  9396  9396 D Camera_Factory: CameraFactory::get_number_of_cameras
12-03 19:30:52.343  9396  9396 D Camera_Factory: CameraFactory::getCameraNum: 0
12-03 19:30:52.343  9396  9396 I CameraService: Loaded "Camera Module" camera module
12-03 19:30:52.343  9396  9396 D Camera_Factory: CameraFactory::get_number_of_cameras
12-03 19:30:52.343  9396  9396 D Camera_Factory: CameraFactory::getCameraNum: 0
12-03 19:30:52.343  9396  9396 D Camera_Factory: CameraFactory::get_number_of_cameras
12-03 19:30:52.343  9396  9396 D Camera_Factory: CameraFactory::getCameraNum: 0
12-03 19:30:52.343  9396  9396 I ServiceManager: Waiting for service media.camera.proxy...
12-03 19:30:52.681   955   955 F DEBUG   : 
12-03 19:30:52.681   955   955 F DEBUG   : Tombstone written to: /data/tombstones/tombstone_06
12-03 19:30:52.688   950   950 I ServiceManager: service 'media.audio_flinger' died
12-03 19:30:52.688   950   950 I ServiceManager: service 'media.player' died
12-03 19:30:52.688   950   950 I ServiceManager: service 'media.resource_manager' died
12-03 19:30:56.761  9434  9434 I chatty  : uid=0(root) /system/bin/netd expire 2 lines
12-03 19:30:56.808  9435  9435 I chatty  : uid=0(root) /system/bin/surfaceflinger expire 10 lines
12-03 19:30:57.443  9435  9435 F libc    : Fatal signal 7 (SIGBUS), code 2, fault addr 0x7fd837761000 in tid 9435 (surfaceflinger)
12-03 19:30:57.462   955   955 F DEBUG   : *** *** *** *** *** *** *** *** *** *** *** *** *** *** *** ***
12-03 19:30:57.462   955   955 F DEBUG   : Build fingerprint: 'Android-x86/android_x86_64/x86_64:6.0.1/MOB31E/ec2-user12020203:eng/test-keys'
12-03 19:30:57.462   955   955 F DEBUG   : Revision: '0'
12-03 19:30:57.462   955   955 F DEBUG   : ABI: 'x86_64'
12-03 19:30:57.462   955   955 F DEBUG   : pid: 9435, tid: 9435, name: surfaceflinger  >>> /system/bin/surfaceflinger <<<
12-03 19:30:57.462   955   955 F DEBUG   : signal 7 (SIGBUS), code 2 (BUS_ADRERR), fault addr 0x7fd837761000
12-03 19:30:57.539   955   955 F DEBUG   :     rax 00007fd837761000  rbx 0000000000010000  rcx 0000000000000000  rdx 0000000000010000
12-03 19:30:57.539   955   955 F DEBUG   :     rsi 0000000000000000  rdi 00007fd837761000
12-03 19:30:57.539   955   955 F DEBUG   :     r8  00007fd837761000  r9  0000000000000030  r10 0000000000000001  r11 0000000000000213
12-03 19:30:57.539   955   955 F DEBUG   :     r12 00007fd83a93aa00  r13 00007fd83784a8f0  r14 000000000000000d  r15 000000000000000c
12-03 19:30:57.539   955   955 F DEBUG   :     cs  000000000000e033  ss  000000000000002b
12-03 19:30:57.539   955   955 F DEBUG   :     rip 00007fd83a85691a  rbp 00007fd839d14040  rsp 00007ffda5464c98  eflags 0000000000010206
12-03 19:30:57.552   955   955 F DEBUG   : 
12-03 19:30:57.552   955   955 F DEBUG   : backtrace:
12-03 19:30:57.552   955   955 F DEBUG   :     #00 pc 000000000001d91a  /system/lib64/libc.so (memset+90)
12-03 19:30:57.552   955   955 F DEBUG   :     #01 pc 0000000000001e60  /system/lib64/hw/gralloc.default.so
12-03 19:30:57.552   955   955 F DEBUG   :     #02 pc 00000000000020dc  /system/lib64/hw/gralloc.default.so (_Z14fb_device_openPK11hw_module_tPKcPP11hw_device_t+156)
12-03 19:30:57.552   955   955 F DEBUG   :     #03 pc 000000000003b6ae  /system/lib64/libsurfaceflinger.so
12-03 19:30:57.552   955   955 F DEBUG   :     #04 pc 000000000002bd8d  /system/lib64/libsurfaceflinger.so (_ZN7android14SurfaceFlinger4initEv+749)
12-03 19:30:57.552   955   955 F DEBUG   :     #05 pc 0000000000001130  /system/bin/surfaceflinger
12-03 19:30:57.552   955   955 F DEBUG   :     #06 pc 000000000001cd0c  /system/lib64/libc.so (__libc_init+92)
12-03 19:30:57.552   955   955 F DEBUG   :     #07 pc 0000000000001001  /system/bin/surfaceflinger
12-03 19:30:57.552   955   955 F DEBUG   :     #08 pc 0000000000000000  <unknown>
12-03 19:30:57.633  9436  9436 V MediaUtils: physMem: 3933986816
12-03 19:30:57.633  9436  9436 V MediaUtils: requested limit: 2557091420
12-03 19:30:57.633  9436  9436 V MediaUtils: actual limit: 2557091420
12-03 19:30:57.633  9436  9436 V MediaUtils: original limits: 4294967295/4294967295
12-03 19:30:57.633  9436  9436 V MediaUtils: new limits: 2557091420/4294967295
12-03 19:30:57.645  9436  9436 I mediaserver: ServiceManager: 0xf610c680
12-03 19:30:57.645  9436  9436 I AudioFlinger: Using default 3000 mSec as standby time.
12-03 19:30:57.645  9436  9436 E         : batterystats service unavailable!
12-03 19:30:57.645  9436  9436 E         : batterystats service unavailable!
12-03 19:30:57.645  9436  9436 I CameraService: CameraService started (pid=9436)
12-03 19:30:57.646  9436  9436 I CameraService: CameraService process starting
12-03 19:30:57.646  9436  9436 E         : batterystats service unavailable!
12-03 19:30:57.646  9436  9436 E         : batterystats service unavailable!
12-03 19:30:57.646  9436  9436 D Camera_Factory: CameraFactory::CameraFactory
12-03 19:30:57.646  9436  9436 D Camera_Factory: CameraFactory::parseConfig: configFile = /etc/camera.cfg
12-03 19:30:57.646  9436  9436 D Camera_Factory: /etc/camera.cfg not found, using camera configuration defaults
12-03 19:30:57.646  9436  9436 E cutils-trace: Error opening trace file: Permission denied (13)
12-03 19:30:57.646  9436  9436 D Camera_Factory: CameraFactory::get_number_of_cameras
12-03 19:30:57.646  9436  9436 D Camera_Factory: CameraFactory::getCameraNum: 0
12-03 19:30:57.646  9436  9436 I CameraService: Loaded "Camera Module" camera module
12-03 19:30:57.646  9436  9436 D Camera_Factory: CameraFactory::get_number_of_cameras
12-03 19:30:57.646  9436  9436 D Camera_Factory: CameraFactory::getCameraNum: 0
12-03 19:30:57.646  9436  9436 D Camera_Factory: CameraFactory::get_number_of_cameras
12-03 19:30:57.646  9436  9436 D Camera_Factory: CameraFactory::getCameraNum: 0
12-03 19:30:57.646  9436  9436 I ServiceManager: Waiting for service media.camera.proxy...
12-03 19:30:57.970  9437  9437 I chatty  : uid=0(root) expire 290 lines
12-03 19:30:58.239  9437  9479 I chatty  : uid=0(root) expire 19 lines
12-03 19:30:58.306  9481  9481 D idmap   : error: no read access to /vendor/overlay: No such file or directory
12-03 19:30:58.647  9436  9436 I ServiceManager: Waiting for service media.camera.proxy...
12-03 19:30:59.149   955   955 F DEBUG   : 
12-03 19:30:59.149   955   955 F DEBUG   : Tombstone written to: /data/tombstones/tombstone_07
12-03 19:30:59.182   950   950 I ServiceManager: service 'media.audio_flinger' died
12-03 19:30:59.182   950   950 I ServiceManager: service 'media.player' died
12-03 19:30:59.182   950   950 I ServiceManager: service 'media.resource_manager' died
12-03 19:31:01.284  9503  9503 I chatty  : uid=0(root) /system/bin/surfaceflinger expire 10 lines
12-03 19:31:01.390  9502  9502 I chatty  : uid=0(root) /system/bin/netd expire 2 lines
12-03 19:31:01.762  9503  9503 F libc    : Fatal signal 7 (SIGBUS), code 2, fault addr 0x7fd461e5c000 in tid 9503 (surfaceflinger)
12-03 19:31:01.874   955   955 F DEBUG   : *** *** *** *** *** *** *** *** *** *** *** *** *** *** *** ***
12-03 19:31:01.874   955   955 F DEBUG   : Build fingerprint: 'Android-x86/android_x86_64/x86_64:6.0.1/MOB31E/ec2-user12020203:eng/test-keys'
12-03 19:31:01.874   955   955 F DEBUG   : Revision: '0'
12-03 19:31:01.874   955   955 F DEBUG   : ABI: 'x86_64'
12-03 19:31:01.874   955   955 F DEBUG   : pid: 9503, tid: 9503, name: surfaceflinger  >>> /system/bin/surfaceflinger <<<
12-03 19:31:01.874   955   955 F DEBUG   : signal 7 (SIGBUS), code 2 (BUS_ADRERR), fault addr 0x7fd461e5c000
12-03 19:31:01.876   955   955 F DEBUG   :     rax 00007fd461e5c000  rbx 0000000000010000  rcx 0000000000000000  rdx 0000000000010000
12-03 19:31:01.876   955   955 F DEBUG   :     rsi 0000000000000000  rdi 00007fd461e5c000
12-03 19:31:01.876   955   955 F DEBUG   :     r8  00007fd461e5c000  r9  0000000000000030  r10 0000000000000001  r11 0000000000000213
12-03 19:31:01.876   955   955 F DEBUG   :     r12 00007fd465032a00  r13 00007fd461f4a8f0  r14 000000000000000d  r15 000000000000000c
12-03 19:31:01.876   955   955 F DEBUG   :     cs  000000000000e033  ss  000000000000002b
12-03 19:31:01.876   955   955 F DEBUG   :     rip 00007fd464f4e91a  rbp 00007fd464414040  rsp 00007ffed040bd98  eflags 0000000000010206
12-03 19:31:01.879   955   955 F DEBUG   : 
12-03 19:31:01.879   955   955 F DEBUG   : backtrace:
12-03 19:31:01.879   955   955 F DEBUG   :     #00 pc 000000000001d91a  /system/lib64/libc.so (memset+90)
12-03 19:31:01.879   955   955 F DEBUG   :     #01 pc 0000000000001e60  /system/lib64/hw/gralloc.default.so
12-03 19:31:01.879   955   955 F DEBUG   :     #02 pc 00000000000020dc  /system/lib64/hw/gralloc.default.so (_Z14fb_device_openPK11hw_module_tPKcPP11hw_device_t+156)
12-03 19:31:01.879   955   955 F DEBUG   :     #03 pc 000000000003b6ae  /system/lib64/libsurfaceflinger.so
12-03 19:31:01.879   955   955 F DEBUG   :     #04 pc 000000000002bd8d  /system/lib64/libsurfaceflinger.so (_ZN7android14SurfaceFlinger4initEv+749)
12-03 19:31:01.879   955   955 F DEBUG   :     #05 pc 0000000000001130  /system/bin/surfaceflinger
12-03 19:31:01.879   955   955 F DEBUG   :     #06 pc 000000000001cd0c  /system/lib64/libc.so (__libc_init+92)
12-03 19:31:01.879   955   955 F DEBUG   :     #07 pc 0000000000001001  /system/bin/surfaceflinger
12-03 19:31:01.879   955   955 F DEBUG   :     #08 pc 0000000000000000  <unknown>
12-03 19:31:02.063  9504  9504 V MediaUtils: physMem: 3933986816
12-03 19:31:02.064  9504  9504 V MediaUtils: requested limit: 2557091420
12-03 19:31:02.064  9504  9504 V MediaUtils: actual limit: 2557091420
12-03 19:31:02.064  9504  9504 V MediaUtils: original limits: 4294967295/4294967295
12-03 19:31:02.064  9504  9504 V MediaUtils: new limits: 2557091420/4294967295
12-03 19:31:02.065  9504  9504 I mediaserver: ServiceManager: 0xf610c680
12-03 19:31:02.065  9504  9504 I AudioFlinger: Using default 3000 mSec as standby time.
12-03 19:31:02.066  9504  9504 E         : batterystats service unavailable!
12-03 19:31:02.066  9504  9504 E         : batterystats service unavailable!
12-03 19:31:02.066  9504  9504 I CameraService: CameraService started (pid=9504)
12-03 19:31:02.066  9504  9504 I CameraService: CameraService process starting
12-03 19:31:02.075  9504  9504 E         : batterystats service unavailable!
12-03 19:31:02.075  9504  9504 E         : batterystats service unavailable!
12-03 19:31:02.076  9504  9504 D Camera_Factory: CameraFactory::CameraFactory
12-03 19:31:02.076  9504  9504 D Camera_Factory: CameraFactory::parseConfig: configFile = /etc/camera.cfg
12-03 19:31:02.076  9504  9504 D Camera_Factory: /etc/camera.cfg not found, using camera configuration defaults
12-03 19:31:02.076  9504  9504 E cutils-trace: Error opening trace file: Permission denied (13)
12-03 19:31:02.076  9504  9504 D Camera_Factory: CameraFactory::get_number_of_cameras
12-03 19:31:02.076  9504  9504 D Camera_Factory: CameraFactory::getCameraNum: 0
12-03 19:31:02.076  9504  9504 I CameraService: Loaded "Camera Module" camera module
12-03 19:31:02.076  9504  9504 D Camera_Factory: CameraFactory::get_number_of_cameras
12-03 19:31:02.076  9504  9504 D Camera_Factory: CameraFactory::getCameraNum: 0
12-03 19:31:02.076  9504  9504 D Camera_Factory: CameraFactory::get_number_of_cameras
12-03 19:31:02.076  9504  9504 D Camera_Factory: CameraFactory::getCameraNum: 0
12-03 19:31:02.076  9504  9504 I ServiceManager: Waiting for service media.camera.proxy...
12-03 19:31:02.314   955   955 F DEBUG   : 
12-03 19:31:02.314   955   955 F DEBUG   : Tombstone written to: /data/tombstones/tombstone_08
12-03 19:31:02.328   950   950 I ServiceManager: service 'media.audio_flinger' died
12-03 19:31:02.328   950   950 I ServiceManager: service 'media.player' died
12-03 19:31:02.328   950   950 I ServiceManager: service 'media.resource_manager' died
12-03 19:31:06.403  9533  9533 I chatty  : uid=0(root) /system/bin/netd expire 2 lines
12-03 19:31:06.484  9534  9534 I chatty  : uid=0(root) /system/bin/surfaceflinger expire 10 lines
12-03 19:31:07.060  9534  9534 F libc    : Fatal signal 7 (SIGBUS), code 2, fault addr 0x7f818ed1c000 in tid 9534 (surfaceflinger)
12-03 19:31:07.091  9535  9535 V MediaUtils: physMem: 3933986816
12-03 19:31:07.091  9535  9535 V MediaUtils: requested limit: 2557091420
12-03 19:31:07.091  9535  9535 V MediaUtils: actual limit: 2557091420
12-03 19:31:07.091  9535  9535 V MediaUtils: original limits: 4294967295/4294967295
12-03 19:31:07.091  9535  9535 V MediaUtils: new limits: 2557091420/4294967295
12-03 19:31:07.092  9535  9535 I mediaserver: ServiceManager: 0xf610c680
12-03 19:31:07.093  9535  9535 I AudioFlinger: Using default 3000 mSec as standby time.
12-03 19:31:07.093  9535  9535 E         : batterystats service unavailable!
12-03 19:31:07.093  9535  9535 E         : batterystats service unavailable!
12-03 19:31:07.093  9535  9535 I CameraService: CameraService started (pid=9535)
12-03 19:31:07.093  9535  9535 I CameraService: CameraService process starting
12-03 19:31:07.093  9535  9535 E         : batterystats service unavailable!
12-03 19:31:07.094  9535  9535 E         : batterystats service unavailable!
12-03 19:31:07.094  9535  9535 D Camera_Factory: CameraFactory::CameraFactory
12-03 19:31:07.094  9535  9535 D Camera_Factory: CameraFactory::parseConfig: configFile = /etc/camera.cfg
12-03 19:31:07.094  9535  9535 D Camera_Factory: /etc/camera.cfg not found, using camera configuration defaults
12-03 19:31:07.094  9535  9535 E cutils-trace: Error opening trace file: Permission denied (13)
12-03 19:31:07.094  9535  9535 D Camera_Factory: CameraFactory::get_number_of_cameras
12-03 19:31:07.094  9535  9535 D Camera_Factory: CameraFactory::getCameraNum: 0
12-03 19:31:07.094  9535  9535 I CameraService: Loaded "Camera Module" camera module
12-03 19:31:07.094  9535  9535 D Camera_Factory: CameraFactory::get_number_of_cameras
12-03 19:31:07.094  9535  9535 D Camera_Factory: CameraFactory::getCameraNum: 0
12-03 19:31:07.094  9535  9535 D Camera_Factory: CameraFactory::get_number_of_cameras
12-03 19:31:07.094  9535  9535 D Camera_Factory: CameraFactory::getCameraNum: 0
12-03 19:31:07.094  9535  9535 I ServiceManager: Waiting for service media.camera.proxy...
12-03 19:31:07.166   955   955 F DEBUG   : *** *** *** *** *** *** *** *** *** *** *** *** *** *** *** ***
12-03 19:31:07.166   955   955 F DEBUG   : Build fingerprint: 'Android-x86/android_x86_64/x86_64:6.0.1/MOB31E/ec2-user12020203:eng/test-keys'
12-03 19:31:07.166   955   955 F DEBUG   : Revision: '0'
12-03 19:31:07.166   955   955 F DEBUG   : ABI: 'x86_64'
12-03 19:31:07.166   955   955 F DEBUG   : pid: 9534, tid: 9534, name: surfaceflinger  >>> /system/bin/surfaceflinger <<<
12-03 19:31:07.166   955   955 F DEBUG   : signal 7 (SIGBUS), code 2 (BUS_ADRERR), fault addr 0x7f818ed1c000
12-03 19:31:07.168   955   955 F DEBUG   :     rax 00007f818ed1c000  rbx 0000000000010000  rcx 0000000000000000  rdx 0000000000010000
12-03 19:31:07.168   955   955 F DEBUG   :     rsi 0000000000000000  rdi 00007f818ed1c000
12-03 19:31:07.168   955   955 F DEBUG   :     r8  00007f818ed1c000  r9  0000000000000030  r10 0000000000000001  r11 0000000000000213
12-03 19:31:07.168   955   955 F DEBUG   :     r12 00007f8191ef2a00  r13 00007f818ee0a8f0  r14 000000000000000d  r15 000000000000000c
12-03 19:31:07.168   955   955 F DEBUG   :     cs  000000000000e033  ss  000000000000002b
12-03 19:31:07.168   955   955 F DEBUG   :     rip 00007f8191e0e91a  rbp 00007f81912cf040  rsp 00007ffda6cdafb8  eflags 0000000000010206
12-03 19:31:07.170   955   955 F DEBUG   : 
12-03 19:31:07.170   955   955 F DEBUG   : backtrace:
12-03 19:31:07.170   955   955 F DEBUG   :     #00 pc 000000000001d91a  /system/lib64/libc.so (memset+90)
12-03 19:31:07.170   955   955 F DEBUG   :     #01 pc 0000000000001e60  /system/lib64/hw/gralloc.default.so
12-03 19:31:07.170   955   955 F DEBUG   :     #02 pc 00000000000020dc  /system/lib64/hw/gralloc.default.so (_Z14fb_device_openPK11hw_module_tPKcPP11hw_device_t+156)
12-03 19:31:07.170   955   955 F DEBUG   :     #03 pc 000000000003b6ae  /system/lib64/libsurfaceflinger.so
12-03 19:31:07.170   955   955 F DEBUG   :     #04 pc 000000000002bd8d  /system/lib64/libsurfaceflinger.so (_ZN7android14SurfaceFlinger4initEv+749)
12-03 19:31:07.170   955   955 F DEBUG   :     #05 pc 0000000000001130  /system/bin/surfaceflinger
12-03 19:31:07.170   955   955 F DEBUG   :     #06 pc 000000000001cd0c  /system/lib64/libc.so (__libc_init+92)
12-03 19:31:07.170   955   955 F DEBUG   :     #07 pc 0000000000001001  /system/bin/surfaceflinger
12-03 19:31:07.170   955   955 F DEBUG   :     #08 pc 0000000000000000  <unknown>
12-03 19:31:07.554   955   955 F DEBUG   : 
12-03 19:31:07.554   955   955 F DEBUG   : Tombstone written to: /data/tombstones/tombstone_09
12-03 19:31:07.567   950   950 I ServiceManager: service 'media.audio_flinger' died
12-03 19:31:07.567   950   950 I ServiceManager: service 'media.player' died
12-03 19:31:07.567   950   950 I ServiceManager: service 'media.resource_manager' died
12-03 19:31:11.656  9571  9571 I chatty  : uid=0(root) /system/bin/netd expire 2 lines
12-03 19:31:11.705  9572  9572 I chatty  : uid=0(root) /system/bin/surfaceflinger expire 10 lines
12-03 19:31:12.285  9572  9572 F libc    : Fatal signal 7 (SIGBUS), code 2, fault addr 0x7f96a5b43000 in tid 9572 (surfaceflinger)
12-03 19:31:12.362  9573  9573 V MediaUtils: physMem: 3933986816
12-03 19:31:12.362  9573  9573 V MediaUtils: requested limit: 2557091420
12-03 19:31:12.362  9573  9573 V MediaUtils: actual limit: 2557091420
12-03 19:31:12.362  9573  9573 V MediaUtils: original limits: 4294967295/4294967295
12-03 19:31:12.362  9573  9573 V MediaUtils: new limits: 2557091420/4294967295
12-03 19:31:12.362  9573  9573 I mediaserver: ServiceManager: 0xf610c680
12-03 19:31:12.362  9573  9573 I AudioFlinger: Using default 3000 mSec as standby time.
12-03 19:31:12.363  9573  9573 E         : batterystats service unavailable!
12-03 19:31:12.363  9573  9573 E         : batterystats service unavailable!
12-03 19:31:12.363  9573  9573 I CameraService: CameraService started (pid=9573)
12-03 19:31:12.363  9573  9573 I CameraService: CameraService process starting
12-03 19:31:12.363  9573  9573 E         : batterystats service unavailable!
12-03 19:31:12.363  9573  9573 E         : batterystats service unavailable!
12-03 19:31:12.363  9573  9573 D Camera_Factory: CameraFactory::CameraFactory
12-03 19:31:12.363  9573  9573 D Camera_Factory: CameraFactory::parseConfig: configFile = /etc/camera.cfg
12-03 19:31:12.363  9573  9573 D Camera_Factory: /etc/camera.cfg not found, using camera configuration defaults
12-03 19:31:12.364  9573  9573 E cutils-trace: Error opening trace file: Permission denied (13)
12-03 19:31:12.364  9573  9573 D Camera_Factory: CameraFactory::get_number_of_cameras
12-03 19:31:12.364  9573  9573 D Camera_Factory: CameraFactory::getCameraNum: 0
12-03 19:31:12.364  9573  9573 I CameraService: Loaded "Camera Module" camera module
12-03 19:31:12.364  9573  9573 D Camera_Factory: CameraFactory::get_number_of_cameras
12-03 19:31:12.364  9573  9573 D Camera_Factory: CameraFactory::getCameraNum: 0
12-03 19:31:12.364  9573  9573 D Camera_Factory: CameraFactory::get_number_of_cameras
12-03 19:31:12.364  9573  9573 D Camera_Factory: CameraFactory::getCameraNum: 0
12-03 19:31:12.364  9573  9573 I ServiceManager: Waiting for service media.camera.proxy...
12-03 19:31:12.393   955   955 F DEBUG   : *** *** *** *** *** *** *** *** *** *** *** *** *** *** *** ***
12-03 19:31:12.393   955   955 F DEBUG   : Build fingerprint: 'Android-x86/android_x86_64/x86_64:6.0.1/MOB31E/ec2-user12020203:eng/test-keys'
12-03 19:31:12.393   955   955 F DEBUG   : Revision: '0'
12-03 19:31:12.393   955   955 F DEBUG   : ABI: 'x86_64'
12-03 19:31:12.393   955   955 F DEBUG   : pid: 9572, tid: 9572, name: surfaceflinger  >>> /system/bin/surfaceflinger <<<
12-03 19:31:12.393   955   955 F DEBUG   : signal 7 (SIGBUS), code 2 (BUS_ADRERR), fault addr 0x7f96a5b43000
12-03 19:31:12.395   955   955 F DEBUG   :     rax 00007f96a5b43000  rbx 0000000000010000  rcx 0000000000000000  rdx 0000000000010000
12-03 19:31:12.395   955   955 F DEBUG   :     rsi 0000000000000000  rdi 00007f96a5b43000
12-03 19:31:12.395   955   955 F DEBUG   :     r8  00007f96a5b43000  r9  0000000000000030  r10 0000000000000001  r11 0000000000000213
12-03 19:31:12.395   955   955 F DEBUG   :     r12 00007f96a8c0fa00  r13 00007f96a5b0a8f0  r14 000000000000000d  r15 000000000000000c
12-03 19:31:12.395   955   955 F DEBUG   :     cs  000000000000e033  ss  000000000000002b
12-03 19:31:12.395   955   955 F DEBUG   :     rip 00007f96a8b2b91a  rbp 00007f96a7feb040  rsp 00007fff6a56bb98  eflags 0000000000010206
12-03 19:31:12.398   955   955 F DEBUG   : 
12-03 19:31:12.398   955   955 F DEBUG   : backtrace:
12-03 19:31:12.398   955   955 F DEBUG   :     #00 pc 000000000001d91a  /system/lib64/libc.so (memset+90)
12-03 19:31:12.398   955   955 F DEBUG   :     #01 pc 0000000000001e60  /system/lib64/hw/gralloc.default.so
12-03 19:31:12.398   955   955 F DEBUG   :     #02 pc 00000000000020dc  /system/lib64/hw/gralloc.default.so (_Z14fb_device_openPK11hw_module_tPKcPP11hw_device_t+156)
12-03 19:31:12.398   955   955 F DEBUG   :     #03 pc 000000000003b6ae  /system/lib64/libsurfaceflinger.so
12-03 19:31:12.398   955   955 F DEBUG   :     #04 pc 000000000002bd8d  /system/lib64/libsurfaceflinger.so (_ZN7android14SurfaceFlinger4initEv+749)
12-03 19:31:12.398   955   955 F DEBUG   :     #05 pc 0000000000001130  /system/bin/surfaceflinger
12-03 19:31:12.398   955   955 F DEBUG   :     #06 pc 000000000001cd0c  /system/lib64/libc.so (__libc_init+92)
12-03 19:31:12.398   955   955 F DEBUG   :     #07 pc 0000000000001001  /system/bin/surfaceflinger
12-03 19:31:12.398   955   955 F DEBUG   :     #08 pc 0000000000000000  <unknown>
12-03 19:31:12.792   955   955 F DEBUG   : 
12-03 19:31:12.792   955   955 F DEBUG   : Tombstone written to: /data/tombstones/tombstone_00
12-03 19:31:12.810   950   950 I ServiceManager: service 'media.audio_flinger' died
12-03 19:31:12.810   950   950 I ServiceManager: service 'media.player' died
12-03 19:31:12.810   950   950 I ServiceManager: service 'media.resource_manager' died
12-03 19:31:15.893  9607  9607 I chatty  : uid=0(root) /system/bin/surfaceflinger expire 10 lines
12-03 19:31:15.948  9606  9606 I chatty  : uid=0(root) /system/bin/netd expire 2 lines
12-03 19:31:16.473  9607  9607 F libc    : Fatal signal 7 (SIGBUS), code 2, fault addr 0x7f2c5dd66000 in tid 9607 (surfaceflinger)
12-03 19:31:16.508  9608  9608 V MediaUtils: physMem: 3933986816
12-03 19:31:16.508  9608  9608 V MediaUtils: requested limit: 2557091420
12-03 19:31:16.508  9608  9608 V MediaUtils: actual limit: 2557091420
12-03 19:31:16.508  9608  9608 V MediaUtils: original limits: 4294967295/4294967295
12-03 19:31:16.508  9608  9608 V MediaUtils: new limits: 2557091420/4294967295
12-03 19:31:16.508  9608  9608 I mediaserver: ServiceManager: 0xf614c680
12-03 19:31:16.508  9608  9608 I AudioFlinger: Using default 3000 mSec as standby time.
12-03 19:31:16.508  9608  9608 E         : batterystats service unavailable!
12-03 19:31:16.509  9608  9608 E         : batterystats service unavailable!
12-03 19:31:16.509  9608  9608 I CameraService: CameraService started (pid=9608)
12-03 19:31:16.509  9608  9608 I CameraService: CameraService process starting
12-03 19:31:16.509  9608  9608 E         : batterystats service unavailable!
12-03 19:31:16.509  9608  9608 E         : batterystats service unavailable!
12-03 19:31:16.509  9608  9608 D Camera_Factory: CameraFactory::CameraFactory
12-03 19:31:16.509  9608  9608 D Camera_Factory: CameraFactory::parseConfig: configFile = /etc/camera.cfg
12-03 19:31:16.509  9608  9608 D Camera_Factory: /etc/camera.cfg not found, using camera configuration defaults
12-03 19:31:16.512  9608  9608 E cutils-trace: Error opening trace file: Permission denied (13)
12-03 19:31:16.512  9608  9608 D Camera_Factory: CameraFactory::get_number_of_cameras
12-03 19:31:16.512  9608  9608 D Camera_Factory: CameraFactory::getCameraNum: 0
12-03 19:31:16.512  9608  9608 I CameraService: Loaded "Camera Module" camera module
12-03 19:31:16.512  9608  9608 D Camera_Factory: CameraFactory::get_number_of_cameras
12-03 19:31:16.512  9608  9608 D Camera_Factory: CameraFactory::getCameraNum: 0
12-03 19:31:16.512  9608  9608 D Camera_Factory: CameraFactory::get_number_of_cameras
12-03 19:31:16.512  9608  9608 D Camera_Factory: CameraFactory::getCameraNum: 0
12-03 19:31:16.513  9608  9608 I ServiceManager: Waiting for service media.camera.proxy...
12-03 19:31:16.579   955   955 F DEBUG   : *** *** *** *** *** *** *** *** *** *** *** *** *** *** *** ***
12-03 19:31:16.579   955   955 F DEBUG   : Build fingerprint: 'Android-x86/android_x86_64/x86_64:6.0.1/MOB31E/ec2-user12020203:eng/test-keys'
12-03 19:31:16.579   955   955 F DEBUG   : Revision: '0'
12-03 19:31:16.579   955   955 F DEBUG   : ABI: 'x86_64'
12-03 19:31:16.579   955   955 F DEBUG   : pid: 9607, tid: 9607, name: surfaceflinger  >>> /system/bin/surfaceflinger <<<
12-03 19:31:16.579   955   955 F DEBUG   : signal 7 (SIGBUS), code 2 (BUS_ADRERR), fault addr 0x7f2c5dd66000
12-03 19:31:16.581   955   955 F DEBUG   :     rax 00007f2c5dd66000  rbx 0000000000010000  rcx 0000000000000000  rdx 0000000000010000
12-03 19:31:16.581   955   955 F DEBUG   :     rsi 0000000000000000  rdi 00007f2c5dd66000
12-03 19:31:16.581   955   955 F DEBUG   :     r8  00007f2c5dd66000  r9  0000000000000030  r10 0000000000000001  r11 0000000000000213
12-03 19:31:16.581   955   955 F DEBUG   :     r12 00007f2c60f48a00  r13 00007f2c5de4a8f0  r14 000000000000000d  r15 000000000000000c
12-03 19:31:16.581   955   955 F DEBUG   :     cs  000000000000e033  ss  000000000000002b
12-03 19:31:16.581   955   955 F DEBUG   :     rip 00007f2c60e6491a  rbp 00007f2c60325040  rsp 00007fff3e3e5538  eflags 0000000000010206
12-03 19:31:16.583   955   955 F DEBUG   : 
12-03 19:31:16.583   955   955 F DEBUG   : backtrace:
12-03 19:31:16.583   955   955 F DEBUG   :     #00 pc 000000000001d91a  /system/lib64/libc.so (memset+90)
12-03 19:31:16.583   955   955 F DEBUG   :     #01 pc 0000000000001e60  /system/lib64/hw/gralloc.default.so
12-03 19:31:16.583   955   955 F DEBUG   :     #02 pc 00000000000020dc  /system/lib64/hw/gralloc.default.so (_Z14fb_device_openPK11hw_module_tPKcPP11hw_device_t+156)
12-03 19:31:16.583   955   955 F DEBUG   :     #03 pc 000000000003b6ae  /system/lib64/libsurfaceflinger.so
12-03 19:31:16.583   955   955 F DEBUG   :     #04 pc 000000000002bd8d  /system/lib64/libsurfaceflinger.so (_ZN7android14SurfaceFlinger4initEv+749)
12-03 19:31:16.583   955   955 F DEBUG   :     #05 pc 0000000000001130  /system/bin/surfaceflinger
12-03 19:31:16.583   955   955 F DEBUG   :     #06 pc 000000000001cd0c  /system/lib64/libc.so (__libc_init+92)
12-03 19:31:16.583   955   955 F DEBUG   :     #07 pc 0000000000001001  /system/bin/surfaceflinger
12-03 19:31:16.583   955   955 F DEBUG   :     #08 pc 0000000000000000  <unknown>
12-03 19:31:16.998   955   955 F DEBUG   : 
12-03 19:31:16.998   955   955 F DEBUG   : Tombstone written to: /data/tombstones/tombstone_01
12-03 19:31:17.003   950   950 I ServiceManager: service 'media.audio_flinger' died
12-03 19:31:17.003   950   950 I ServiceManager: service 'media.player' died
12-03 19:31:17.003   950   950 I ServiceManager: service 'media.resource_manager' died
12-03 19:31:21.089  9643  9643 I chatty  : uid=0(root) /system/bin/netd expire 2 lines
12-03 19:31:21.155  9644  9644 I chatty  : uid=0(root) /system/bin/surfaceflinger expire 10 lines
12-03 19:31:21.727  9644  9644 F libc    : Fatal signal 7 (SIGBUS), code 2, fault addr 0x7eff5b797000 in tid 9644 (surfaceflinger)
12-03 19:31:21.780  9645  9645 V MediaUtils: physMem: 3933986816
12-03 19:31:21.780  9645  9645 V MediaUtils: requested limit: 2557091420
12-03 19:31:21.780