12-03 19:23:00.676   955   955 F DEBUG   :     #05 pc 0000000000001130  /system/bin/surfaceflinger
12-03 19:23:00.676   955   955 F DEBUG   :     #06 pc 000000000001cd0c  /system/lib64/libc.so (__libc_init+92)
12-03 19:23:00.676   955   955 F DEBUG   :     #07 pc 0000000000001001  /system/bin/surfaceflinger
12-03 19:23:00.676   955   955 F DEBUG   :     #08 pc 0000000000000000  <unknown>
12-03 19:23:01.045   955   955 F DEBUG   : 
12-03 19:23:01.045   955   955 F DEBUG   : Tombstone written to: /data/tombstones/tombstone_01
12-03 19:23:05.810  4466  4466 F libc    : Fatal signal 7 (SIGBUS), code 2, fault addr 0x7f7c6c6a6000 in tid 4466 (surfaceflinger)
12-03 19:23:05.918   955   955 F DEBUG   : *** *** *** *** *** *** *** *** *** *** *** *** *** *** *** ***
12-03 19:23:05.918   955   955 F DEBUG   : Build fingerprint: 'Android-x86/android_x86_64/x86_64:6.0.1/MOB31E/ec2-user12020203:eng/test-keys'
12-03 19:23:05.918   955   955 F DEBUG   : Revision: '0'
12-03 19:23:05.918   955   955 F DEBUG   : ABI: 'x86_64'
12-03 19:23:05.918   955   955 F DEBUG   : pid: 4466, tid: 4466, name: surfaceflinger  >>> /system/bin/surfaceflinger <<<
12-03 19:23:05.918   955   955 F DEBUG   : signal 7 (SIGBUS), code 2 (BUS_ADRERR), fault addr 0x7f7c6c6a6000
12-03 19:23:05.920   955   955 F DEBUG   :     rax 00007f7c6c6a6000  rbx 0000000000010000  rcx 0000000000000000  rdx 0000000000010000
12-03 19:23:05.920   955   955 F DEBUG   :     rsi 0000000000000000  rdi 00007f7c6c6a6000
12-03 19:23:05.920   955   955 F DEBUG   :     r8  00007f7c6c6a6000  r9  0000000000000030  r10 0000000000000001  r11 0000000000000213
12-03 19:23:05.920   955   955 F DEBUG   :     r12 00007f7c6f87fa00  r13 00007f7c6c78a8f0  r14 000000000000000d  r15 000000000000000c
12-03 19:23:05.920   955   955 F DEBUG   :     cs  000000000000e033  ss  000000000000002b
12-03 19:23:05.920   955   955 F DEBUG   :     rip 00007f7c6f79b91a  rbp 00007f7c6ec5a040  rsp 00007ffed10832f8  eflags 0000000000010206
12-03 19:23:05.923   955   955 F DEBUG   : 
12-03 19:23:05.923   955   955 F DEBUG   : backtrace:
12-03 19:23:05.923   955   955 F DEBUG   :     #00 pc 000000000001d91a  /system/lib64/libc.so (memset+90)
12-03 19:23:05.923   955   955 F DEBUG   :     #01 pc 0000000000001e60  /system/lib64/hw/gralloc.default.so
12-03 19:23:05.923   955   955 F DEBUG   :     #02 pc 00000000000020dc  /system/lib64/hw/gralloc.default.so (_Z14fb_device_openPK11hw_module_tPKcPP11hw_device_t+156)
12-03 19:23:05.923   955   955 F DEBUG   :     #03 pc 000000000003b6ae  /system/lib64/libsurfaceflinger.so
12-03 19:23:05.923   955   955 F DEBUG   :     #04 pc 000000000002bd8d  /system/lib64/libsurfaceflinger.so (_ZN7android14SurfaceFlinger4initEv+749)
12-03 19:23:05.923   955   955 F DEBUG   :     #05 pc 0000000000001130  /system/bin/surfaceflinger
12-03 19:23:05.923   955   955 F DEBUG   :     #06 pc 000000000001cd0c  /system/lib64/libc.so (__libc_init+92)
12-03 19:23:05.923   955   955 F DEBUG   :     #07 pc 0000000000001001  /system/bin/surfaceflinger
12-03 19:23:05.923   955   955 F DEBUG   :     #08 pc 0000000000000000  <unknown>
12-03 19:23:06.296   955   955 F DEBUG   : 
12-03 19:23:06.296   955   955 F DEBUG   : Tombstone written to: /data/tombstones/tombstone_02
12-03 19:23:10.982  4501  4501 F libc    : Fatal signal 7 (SIGBUS), code 2, fault addr 0x7f5c89112000 in tid 4501 (surfaceflinger)
12-03 19:23:11.089   955   955 F DEBUG   : *** *** *** *** *** *** *** *** *** *** *** *** *** *** *** ***
12-03 19:23:11.089   955   955 F DEBUG   : Build fingerprint: 'Android-x86/android_x86_64/x86_64:6.0.1/MOB31E/ec2-user12020203:eng/test-keys'
12-03 19:23:11.089   955   955 F DEBUG   : Revision: '0'
12-03 19:23:11.089   955   955 F DEBUG   : ABI: 'x86_64'
12-03 19:23:11.089   955   955 F DEBUG   : pid: 4501, tid: 4501, name: surfaceflinger  >>> /system/bin/surfaceflinger <<<
12-03 19:23:11.089   955   955 F DEBUG   : signal 7 (SIGBUS), code 2 (BUS_ADRERR), fault addr 0x7f5c89112000
12-03 19:23:11.091   955   955 F DEBUG   :     rax 00007f5c89112000  rbx 0000000000010000  rcx 0000000000000000  rdx 0000000000010000
12-03 19:23:11.091   955   955 F DEBUG   :     rsi 0000000000000000  rdi 00007f5c89112000
12-03 19:23:11.091   955   955 F DEBUG   :     r8  00007f5c89112000  r9  0000000000000030  r10 0000000000000001  r11 0000000000000213
12-03 19:23:11.091   955   955 F DEBUG   :     r12 00007f5c8c1e2a00  r13 00007f5c890ca8f0  r14 000000000000000d  r15 000000000000000c
12-03 19:23:11.091   955   955 F DEBUG   :     cs  000000000000e033  ss  000000000000002b
12-03 19:23:11.091   955   955 F DEBUG   :     rip 00007f5c8c0fe91a  rbp 00007f5c8b5ba040  rsp 00007fffe6c94778  eflags 0000000000010206
12-03 19:23:11.093   955   955 F DEBUG   : 
12-03 19:23:11.093   955   955 F DEBUG   : backtrace:
12-03 19:23:11.093   955   955 F DEBUG   :     #00 pc 000000000001d91a  /system/lib64/libc.so (memset+90)
12-03 19:23:11.093   955   955 F DEBUG   :     #01 pc 0000000000001e60  /system/lib64/hw/gralloc.default.so
12-03 19:23:11.093   955   955 F DEBUG   :     #02 pc 00000000000020dc  /system/lib64/hw/gralloc.default.so (_Z14fb_device_openPK11hw_module_tPKcPP11hw_device_t+156)
12-03 19:23:11.093   955   955 F DEBUG   :     #03 pc 000000000003b6ae  /system/lib64/libsurfaceflinger.so
12-03 19:23:11.093   955   955 F DEBUG   :     #04 pc 000000000002bd8d  /system/lib64/libsurfaceflinger.so (_ZN7android14SurfaceFlinger4initEv+749)
12-03 19:23:11.093   955   955 F DEBUG   :     #05 pc 0000000000001130  /system/bin/surfaceflinger
12-03 19:23:11.093   955   955 F DEBUG   :     #06 pc 000000000001cd0c  /system/lib64/libc.so (__libc_init+92)
12-03 19:23:11.093   955   955 F DEBUG   :     #07 pc 0000000000001001  /system/bin/surfaceflinger
12-03 19:23:11.093   955   955 F DEBUG   :     #08 pc 0000000000000000  <unknown>
12-03 19:23:11.847   955   955 F DEBUG   : 
12-03 19:23:11.847   955   955 F DEBUG   : Tombstone written to: /data/tombstones/tombstone_03
12-03 19:23:15.558  4548  4548 F libc    : Fatal signal 7 (SIGBUS), code 2, fault addr 0x7f48c7bd8000 in tid 4548 (surfaceflinger)
12-03 19:23:15.666   955   955 F DEBUG   : *** *** *** *** *** *** *** *** *** *** *** *** *** *** *** ***
12-03 19:23:15.666   955   955 F DEBUG   : Build fingerprint: 'Android-x86/android_x86_64/x86_64:6.0.1/MOB31E/ec2-user12020203:eng/test-keys'
12-03 19:23:15.666   955   955 F DEBUG   : Revision: '0'
12-03 19:23:15.666   955   955 F DEBUG   : ABI: 'x86_64'
12-03 19:23:15.666   955   955 F DEBUG   : pid: 4548, tid: 4548, name: surfaceflinger  >>> /system/bin/surfaceflinger <<<
12-03 19:23:15.666   955   955 F DEBUG   : signal 7 (SIGBUS), code 2 (BUS_ADRERR), fault addr 0x7f48c7bd8000
12-03 19:23:15.668   955   955 F DEBUG   :     rax 00007f48c7bd8000  rbx 0000000000010000  rcx 0000000000000000  rdx 0000000000010000
12-03 19:23:15.668   955   955 F DEBUG   :     rsi 0000000000000000  rdi 00007f48c7bd8000
12-03 19:23:15.668   955   955 F DEBUG   :     r8  00007f48c7bd8000  r9  0000000000000030  r10 0000000000000001  r11 0000000000000213
12-03 19:23:15.668   955   955 F DEBUG   :     r12 00007f48caca3a00  r13 00007f48c7b8a8f0  r14 000000000000000d  r15 000000000000000c
12-03 19:23:15.668   955   955 F DEBUG   :     cs  000000000000e033  ss  000000000000002b
12-03 19:23:15.668   955   955 F DEBUG   :     rip 00007f48cabbf91a  rbp 00007f48ca085040  rsp 00007ffc4ff79288  eflags 0000000000010206
12-03 19:23:15.671   955   955 F DEBUG   : 
12-03 19:23:15.671   955   955 F DEBUG   : backtrace:
12-03 19:23:15.671   955   955 F DEBUG   :     #00 pc 000000000001d91a  /system/lib64/libc.so (memset+90)
12-03 19:23:15.671   955   955 F DEBUG   :     #01 pc 0000000000001e60  /system/lib64/hw/gralloc.default.so
12-03 19:23:15.671   955   955 F DEBUG   :     #02 pc 00000000000020dc  /system/lib64/hw/gralloc.default.so (_Z14fb_device_openPK11hw_module_tPKcPP11hw_device_t+156)
12-03 19:23:15.671   955   955 F DEBUG   :     #03 pc 000000000003b6ae  /system/lib64/libsurfaceflinger.so
12-03 19:23:15.671   955   955 F DEBUG   :     #04 pc 000000000002bd8d  /system/lib64/libsurfaceflinger.so (_ZN7android14SurfaceFlinger4initEv+749)
12-03 19:23:15.671   955   955 F DEBUG   :     #05 pc 0000000000001130  /system/bin/surfaceflinger
12-03 19:23:15.671   955   955 F DEBUG   :     #06 pc 000000000001cd0c  /system/lib64/libc.so (__libc_init+92)
12-03 19:23:15.671   955   955 F DEBUG   :     #07 pc 0000000000001001  /system/bin/surfaceflinger
12-03 19:23:15.671   955   955 F DEBUG   :     #08 pc 0000000000000000  <unknown>
12-03 19:23:16.084   955   955 F DEBUG   : 
12-03 19:23:16.084   955   955 F DEBUG   : Tombstone written to: /data/tombstones/tombstone_04
12-03 19:23:20.853  4582  4582 F libc    : Fatal signal 7 (SIGBUS), code 2, fault addr 0x7fd2cf9d7000 in tid 4582 (surfaceflinger)
12-03 19:23:20.955   955   955 F DEBUG   : *** *** *** *** *** *** *** *** *** *** *** *** *** *** *** ***
12-03 19:23:20.955   955   955 F DEBUG   : Build fingerprint: 'Android-x86/android_x86_64/x86_64:6.0.1/MOB31E/ec2-user12020203:eng/test-keys'
12-03 19:23:20.955   955   955 F DEBUG   : Revision: '0'
12-03 19:23:20.955   955   955 F DEBUG   : ABI: 'x86_64'
12-03 19:23:20.955   955   955 F DEBUG   : pid: 4582, tid: 4582, name: surfaceflinger  >>> /system/bin/surfaceflinger <<<
12-03 19:23:20.955   955   955 F DEBUG   : signal 7 (SIGBUS), code 2 (BUS_ADRERR), fault addr 0x7fd2cf9d7000
12-03 19:23:20.958   955   955 F DEBUG   :     rax 00007fd2cf9d7000  rbx 0000000000010000  rcx 0000000000000000  rdx 0000000000010000
12-03 19:23:20.958   955   955 F DEBUG   :     rsi 0000000000000000  rdi 00007fd2cf9d7000
12-03 19:23:20.958   955   955 F DEBUG   :     r8  00007fd2cf9d7000  r9  0000000000000030  r10 0000000000000001  r11 0000000000000213
12-03 19:23:20.958   955   955 F DEBUG   :     r12 00007fd2d2bb1a00  r13 00007fd2cfaca8f0  r14 000000000000000d  r15 000000000000000c
12-03 19:23:20.958   955   955 F DEBUG   :     cs  000000000000e033  ss  000000000000002b
12-03 19:23:20.958   955   955 F DEBUG   :     rip 00007fd2d2acd91a  rbp 00007fd2d1f8e040  rsp 00007ffc35095968  eflags 0000000000010206
12-03 19:23:20.960   955   955 F DEBUG   : 
12-03 19:23:20.960   955   955 F DEBUG   : backtrace:
12-03 19:23:20.960   955   955 F DEBUG   :     #00 pc 000000000001d91a  /system/lib64/libc.so (memset+90)
12-03 19:23:20.960   955   955 F DEBUG   :     #01 pc 0000000000001e60  /system/lib64/hw/gralloc.default.so
12-03 19:23:20.960   955   955 F DEBUG   :     #02 pc 00000000000020dc  /system/lib64/hw/gralloc.default.so (_Z14fb_device_openPK11hw_module_tPKcPP11hw_device_t+156)
12-03 19:23:20.960   955   955 F DEBUG   :     #03 pc 000000000003b6ae  /system/lib64/libsurfaceflinger.so
12-03 19:23:20.960   955   955 F DEBUG   :     #04 pc 000000000002bd8d  /system/lib64/libsurfaceflinger.so (_ZN7android14SurfaceFlinger4initEv+749)
12-03 19:23:20.960   955   955 F DEBUG   :     #05 pc 0000000000001130  /system/bin/surfaceflinger
12-03 19:23:20.960   955   955 F DEBUG   :     #06 pc 000000000001cd0c  /system/lib64/libc.so (__libc_init+92)
12-03 19:23:20.960   955   955 F DEBUG   :     #07 pc 0000000000001001  /system/bin/surfaceflinger
12-03 19:23:20.960   955   955 F DEBUG   :     #08 pc 0000000000000000  <unknown>
12-03 19:23:22.255   955   955 F DEBUG   : 
12-03 19:23:22.255   955   955 F DEBUG   : Tombstone written to: /data/tombstones/tombstone_05
12-03 19:23:26.090  4648  4648 F libc    : Fatal signal 7 (SIGBUS), code 2, fault addr 0x7f7874d26000 in tid 4648 (surfaceflinger)
12-03 19:23:26.198   955   955 F DEBUG   : *** *** *** *** *** *** *** *** *** *** *** *** *** *** *** ***
12-03 19:23:26.198   955   955 F DEBUG   : Build fingerprint: 'Android-x86/android_x86_64/x86_64:6.0.1/MOB31E/ec2-user12020203:eng/test-keys'
12-03 19:23:26.198   955   955 F DEBUG   : Revision: '0'
12-03 19:23:26.198   955   955 F DEBUG   : ABI: 'x86_64'
12-03 19:23:26.198   955   955 F DEBUG   : pid: 4648, tid: 4648, name: surfaceflinger  >>> /system/bin/surfaceflinger <<<
12-03 19:23:26.198   955   955 F DEBUG   : signal 7 (SIGBUS), code 2 (BUS_ADRERR), fault addr 0x7f7874d26000
12-03 19:23:26.200   955   955 F DEBUG   :     rax 00007f7874d26000  rbx 0000000000010000  rcx 0000000000000000  rdx 0000000000010000
12-03 19:23:26.200   955   955 F DEBUG   :     rsi 0000000000000000  rdi 00007f7874d26000
12-03 19:23:26.200   955   955 F DEBUG   :     r8  00007f7874d26000  r9  0000000000000030  r10 0000000000000001  r11 0000000000000213
12-03 19:23:26.201   955   955 F DEBUG   :     r12 00007f7877f06a00  r13 00007f7874e0a8f0  r14 000000000000000d  r15 000000000000000c
12-03 19:23:26.201   955   955 F DEBUG   :     cs  000000000000e033  ss  000000000000002b
12-03 19:23:26.201   955   955 F DEBUG   :     rip 00007f7877e2291a  rbp 00007f78772e5040  rsp 00007ffdb964ccd8  eflags 0000000000010206
12-03 19:23:26.203   955   955 F DEBUG   : 
12-03 19:23:26.203   955   955 F DEBUG   : backtrace:
12-03 19:23:26.203   955   955 F DEBUG   :     #00 pc 000000000001d91a  /system/lib64/libc.so (memset+90)
12-03 19:23:26.203   955   955 F DEBUG   :     #01 pc 0000000000001e60  /system/lib64/hw/gralloc.default.so
12-03 19:23:26.203   955   955 F DEBUG   :     #02 pc 00000000000020dc  /system/lib64/hw/gralloc.default.so (_Z14fb_device_openPK11hw_module_tPKcPP11hw_device_t+156)
12-03 19:23:26.203   955   955 F DEBUG   :     #03 pc 000000000003b6ae  /system/lib64/libsurfaceflinger.so
12-03 19:23:26.203   955   955 F DEBUG   :     #04 pc 000000000002bd8d  /system/lib64/libsurfaceflinger.so (_ZN7android14SurfaceFlinger4initEv+749)
12-03 19:23:26.203   955   955 F DEBUG   :     #05 pc 0000000000001130  /system/bin/surfaceflinger
12-03 19:23:26.203   955   955 F DEBUG   :     #06 pc 000000000001cd0c  /system/lib64/libc.so (__libc_init+92)
12-03 19:23:26.203   955   955 F DEBUG   :     #07 pc 0000000000001001  /system/bin/surfaceflinger
12-03 19:23:26.203   955   955 F DEBUG   :     #08 pc 0000000000000000  <unknown>
12-03 19:23:26.591   955   955 F DEBUG   : 
12-03 19:23:26.591   955   955 F DEBUG   : Tombstone written to: /data/tombstones/tombstone_06
12-03 19:23:31.328  4684  4684 F libc    : Fatal signal 7 (SIGBUS), code 2, fault addr 0x7f80e859c000 in tid 4684 (surfaceflinger)
12-03 19:23:31.433   955   955 F DEBUG   : *** *** *** *** *** *** *** *** *** *** *** *** *** *** *** ***
12-03 19:23:31.433   955   955 F DEBUG   : Build fingerprint: 'Android-x86/android_x86_64/x86_64:6.0.1/MOB31E/ec2-user12020203:eng/test-keys'
12-03 19:23:31.433   955   955 F DEBUG   : Revision: '0'
12-03 19:23:31.433   955   955 F DEBUG   : ABI: 'x86_64'
12-03 19:23:31.433   955   955 F DEBUG   : pid: 4684, tid: 4684, name: surfaceflinger  >>> /system/bin/surfaceflinger <<<
12-03 19:23:31.433   955   955 F DEBUG   : signal 7 (SIGBUS), code 2 (BUS_ADRERR), fault addr 0x7f80e859c000
12-03 19:23:31.435   955   955 F DEBUG   :     rax 00007f80e859c000  rbx 0000000000010000  rcx 0000000000000000  rdx 0000000000010000
12-03 19:23:31.435   955   955 F DEBUG   :     rsi 0000000000000000  rdi 00007f80e859c000
12-03 19:23:31.435   955   955 F DEBUG   :     r8  00007f80e859c000  r9  0000000000000030  r10 0000000000000001  r11 0000000000000213
12-03 19:23:31.435   955   955 F DEBUG   :     r12 00007f80eb776a00  r13 00007f80e868a8f0  r14 000000000000000d  r15 000000000000000c
12-03 19:23:31.435   955   955 F DEBUG   :     cs  000000000000e033  ss  000000000000002b
12-03 19:23:31.435   955   955 F DEBUG   :     rip 00007f80eb69291a  rbp 00007f80eab4e040  rsp 00007ffd63f71af8  eflags 0000000000010206
12-03 19:23:31.437   955   955 F DEBUG   : 
12-03 19:23:31.437   955   955 F DEBUG   : backtrace:
12-03 19:23:31.438   955   955 F DEBUG   :     #00 pc 000000000001d91a  /system/lib64/libc.so (memset+90)
12-03 19:23:31.438   955   955 F DEBUG   :     #01 pc 0000000000001e60  /system/lib64/hw/gralloc.default.so
12-03 19:23:31.438   955   955 F DEBUG   :     #02 pc 00000000000020dc  /system/lib64/hw/gralloc.default.so (_Z14fb_device_openPK11hw_module_tPKcPP11hw_device_t+156)
12-03 19:23:31.438   955   955 F DEBUG   :     #03 pc 000000000003b6ae  /system/lib64/libsurfaceflinger.so
12-03 19:23:31.438   955   955 F DEBUG   :     #04 pc 000000000002bd8d  /system/lib64/libsurfaceflinger.so (_ZN7android14SurfaceFlinger4initEv+749)
12-03 19:23:31.438   955   955 F DEBUG   :     #05 pc 0000000000001130  /system/bin/surfaceflinger
12-03 19:23:31.438   955   955 F DEBUG   :     #06 pc 000000000001cd0c  /system/lib64/libc.so (__libc_init+92)
12-03 19:23:31.438   955   955 F DEBUG   :     #07 pc 0000000000001001  /system/bin/surfaceflinger
12-03 19:23:31.438   955   955 F DEBUG   :     #08 pc 0000000000000000  <unknown>
12-03 19:23:31.851   955   955 F DEBUG   : 
12-03 19:23:31.851   955   955 F DEBUG   : Tombstone written to: /data/tombstones/tombstone_07
12-03 19:23:35.537  4720  4720 F libc    : Fatal signal 7 (SIGBUS), code 2, fault addr 0x7f98f03d2000 in tid 4720 (surfaceflinger)
12-03 19:23:35.647   955   955 F DEBUG   : *** *** *** *** *** *** *** *** *** *** *** *** *** *** *** ***
12-03 19:23:35.647   955   955 F DEBUG   : Build fingerprint: 'Android-x86/android_x86_64/x86_64:6.0.1/MOB31E/ec2-user12020203:eng/test-keys'
12-03 19:23:35.647   955   955 F DEBUG   : Revision: '0'
12-03 19:23:35.647   955   955 F DEBUG   : ABI: 'x86_64'
12-03 19:23:35.647   955   955 F DEBUG   : pid: 4720, tid: 4720, name: surfaceflinger  >>> /system/bin/surfaceflinger <<<
12-03 19:23:35.647   955   955 F DEBUG   : signal 7 (SIGBUS), code 2 (BUS_ADRERR), fault addr 0x7f98f03d2000
12-03 19:23:35.679   955   955 F DEBUG   :     rax 00007f98f03d2000  rbx 0000000000010000  rcx 0000000000000000  rdx 0000000000010000
12-03 19:23:35.679   955   955 F DEBUG   :     rsi 0000000000000000  rdi 00007f98f03d2000
12-03 19:23:35.679   955   955 F DEBUG   :     r8  00007f98f03d2000  r9  0000000000000030  r10 0000000000000001  r11 0000000000000213
12-03 19:23:35.679   955   955 F DEBUG   :     r12 00007f98f34a1a00  r13 00007f98f038a8f0  r14 000000000000000d  r15 000000000000000c
12-03 19:23:35.679   955   955 F DEBUG   :     cs  000000000000e033  ss  000000000000002b
12-03 19:23:35.679   955   955 F DEBUG   :     rip 00007f98f33bd91a  rbp 00007f98f287a040  rsp 00007fff6a4f94f8  eflags 0000000000010206
12-03 19:23:35.721   955   955 F DEBUG   : 
12-03 19:23:35.721   955   955 F DEBUG   : backtrace:
12-03 19:23:35.721   955   955 F DEBUG   :     #00 pc 000000000001d91a  /system/lib64/libc.so (memset+90)
12-03 19:23:35.721   955   955 F DEBUG   :     #01 pc 0000000000001e60  /system/lib64/hw/gralloc.default.so
12-03 19:23:35.721   955   955 F DEBUG   :     #02 pc 00000000000020dc  /system/lib64/hw/gralloc.default.so (_Z14fb_device_openPK11hw_module_tPKcPP11hw_device_t+156)
12-03 19:23:35.721   955   955 F DEBUG   :     #03 pc 000000000003b6ae  /system/lib64/libsurfaceflinger.so
12-03 19:23:35.721   955   955 F DEBUG   :     #04 pc 000000000002bd8d  /system/lib64/libsurfaceflinger.so (_ZN7android14SurfaceFlinger4initEv+749)
12-03 19:23:35.721   955   955 F DEBUG   :     #05 pc 0000000000001130  /system/bin/surfaceflinger
12-03 19:23:35.721   955   955 F DEBUG   :     #06 pc 000000000001cd0c  /system/lib64/libc.so (__libc_init+92)
12-03 19:23:35.721   955   955 F DEBUG   :     #07 pc 0000000000001001  /system/bin/surfaceflinger
12-03 19:23:35.721   955   955 F DEBUG   :     #08 pc 0000000000000000  <unknown>
12-03 19:23:36.650   955   955 F DEBUG   : 
12-03 19:23:36.650   955   955 F DEBUG   : Tombstone written to: /data/tombstones/tombstone_08
12-03 19:23:41.433  4777  4777 F libc    : Fatal signal 7 (SIGBUS), code 2, fault addr 0x7f15f4ea6000 in tid 4777 (surfaceflinger)
12-03 19:23:41.541   955   955 F DEBUG   : *** *** *** *** *** *** *** *** *** *** *** *** *** *** *** ***
12-03 19:23:41.541   955   955 F DEBUG   : Build fingerprint: 'Android-x86/android_x86_64/x86_64:6.0.1/MOB31E/ec2-user12020203:eng/test-keys'
12-03 19:23:41.541   955   955 F DEBUG   : Revision: '0'
12-03 19:23:41.541   955   955 F DEBUG   : ABI: 'x86_64'
12-03 19:23:41.541   955   955 F DEBUG   : pid: 4777, tid: 4777, name: surfaceflinger  >>> /system/bin/surfaceflinger <<<
12-03 19:23:41.541   955   955 F DEBUG   : signal 7 (SIGBUS), code 2 (BUS_ADRERR), fault addr 0x7f15f4ea6000
12-03 19:23:41.543   955   955 F DEBUG   :     rax 00007f15f4ea6000  rbx 0000000000010000  rcx 0000000000000000  rdx 0000000000010000
12-03 19:23:41.543   955   955 F DEBUG   :     rsi 0000000000000000  rdi 00007f15f4ea6000
12-03 19:23:41.543   955   955 F DEBUG   :     r8  00007f15f4ea6000  r9  0000000000000030  r10 0000000000000001  r11 0000000000000213
12-03 19:23:41.543   955   955 F DEBUG   :     r12 00007f15f8088a00  r13 00007f15f4f8a8f0  r14 000000000000000d  r15 000000000000000c
12-03 19:23:41.543   955   955 F DEBUG   :     cs  000000000000e033  ss  000000000000002b
12-03 19:23:41.543   955   955 F DEBUG   :     rip 00007f15f7fa491a  rbp 00007f15f7465040  rsp 00007ffdb474eb58  eflags 0000000000010206
12-03 19:23:41.546   955   955 F DEBUG   : 
12-03 19:23:41.546   955   955 F DEBUG   : backtrace:
12-03 19:23:41.546   955   955 F DEBUG   :     #00 pc 000000000001d91a  /system/lib64/libc.so (memset+90)
12-03 19:23:41.546   955   955 F DEBUG   :     #01 pc 0000000000001e60  /system/lib64/hw/gralloc.default.so
12-03 19:23:41.546   955   955 F DEBUG   :     #02 pc 00000000000020dc  /system/lib64/hw/gralloc.default.so (_Z14fb_device_openPK11hw_module_tPKcPP11hw_device_t+156)
12-03 19:23:41.546   955   955 F DEBUG   :     #03 pc 000000000003b6ae  /system/lib64/libsurfaceflinger.so
12-03 19:23:41.546   955   955 F DEBUG   :     #04 pc 000000000002bd8d  /system/lib64/libsurfaceflinger.so (_ZN7android14SurfaceFlinger4initEv+749)
12-03 19:23:41.546   955   955 F DEBUG   :     #05 pc 0000000000001130  /system/bin/surfaceflinger
12-03 19:23:41.546   955   955 F DEBUG   :     #06 pc 000000000001cd0c  /system/lib64/libc.so (__libc_init+92)
12-03 19:23:41.546   955   955 F DEBUG   :     #07 pc 0000000000001001  /system/bin/surfaceflinger
12-03 19:23:41.546   955   955 F DEBUG   :     #08 pc 0000000000000000  <unknown>
12-03 19:23:41.942   955   955 F DEBUG   : 
12-03 19:23:41.942   955   955 F DEBUG   : Tombstone written to: /data/tombstones/tombstone_09
12-03 19:23:45.641  4816  4816 F libc    : Fatal signal 7 (SIGBUS), code 2, fault addr 0x7f4578f98000 in tid 4816 (surfaceflinger)
12-03 19:23:45.744   955   955 F DEBUG   : *** *** *** *** *** *** *** *** *** *** *** *** *** *** *** ***
12-03 19:23:45.744   955   955 F DEBUG   : Build fingerprint: 'Android-x86/android_x86_64/x86_64:6.0.1/MOB31E/ec2-user12020203:eng/test-keys'
12-03 19:23:45.744   955   955 F DEBUG   : Revision: '0'
12-03 19:23:45.744   955   955 F DEBUG   : ABI: 'x86_64'
12-03 19:23:45.744   955   955 F DEBUG   : pid: 4816, tid: 4816, name: surfaceflinger  >>> /system/bin/surfaceflinger <<<
12-03 19:23:45.744   955   955 F DEBUG   : signal 7 (SIGBUS), code 2 (BUS_ADRERR), fault addr 0x7f4578f98000
12-03 19:23:45.746   955   955 F DEBUG   :     rax 00007f4578f98000  rbx 0000000000010000  rcx 0000000000000000  rdx 0000000000010000
12-03 19:23:45.746   955   955 F DEBUG   :     rsi 0000000000000000  rdi 00007f4578f98000
12-03 19:23:45.746   955   955 F DEBUG   :     r8  00007f4578f98000  r9  0000000000000030  r10 0000000000000001  r11 0000000000000213
12-03 19:23:45.746   955   955 F DEBUG   :     r12 00007f457c064a00  r13 00007f4578f4a8f0  r14 000000000000000d  r15 000000000000000c
12-03 19:23:45.746   955   955 F DEBUG   :     cs  000000000000e033  ss  000000000000002b
12-03 19:23:45.746   955   955 F DEBUG   :     rip 00007f457bf8091a  rbp 00007f457b440040  rsp 00007ffed3f69128  eflags 0000000000010206
12-03 19:23:45.748   955   955 F DEBUG   : 
12-03 19:23:45.748   955   955 F DEBUG   : backtrace:
12-03 19:23:45.748   955   955 F DEBUG   :     #00 pc 000000000001d91a  /system/lib64/libc.so (memset+90)
12-03 19:23:45.748   955   955 F DEBUG   :     #01 pc 0000000000001e60  /system/lib64/hw/gralloc.default.so
12-03 19:23:45.748   955   955 F DEBUG   :     #02 pc 00000000000020dc  /system/lib64/hw/gralloc.default.so (_Z14fb_device_openPK11hw_module_tPKcPP11hw_device_t+156)
12-03 19:23:45.748   955   955 F DEBUG   :     #03 pc 000000000003b6ae  /system/lib64/libsurfaceflinger.so
12-03 19:23:45.748   955   955 F DEBUG   :     #04 pc 000000000002bd8d  /system/lib64/libsurfaceflinger.so (_ZN7android14SurfaceFlinger4initEv+749)
12-03 19:23:45.748   955   955 F DEBUG   :     #05 pc 0000000000001130  /system/bin/surfaceflinger
12-03 19:23:45.748   955   955 F DEBUG   :     #06 pc 000000000001cd0c  /system/lib64/libc.so (__libc_init+92)
12-03 19:23:45.749   955   955 F DEBUG   :     #07 pc 0000000000001001  /system/bin/surfaceflinger
12-03 19:23:45.749   955   955 F DEBUG   :     #08 pc 0000000000000000  <unknown>
12-03 19:23:47.427  4887  4887 I InstallerConnection: connecting...
12-03 19:23:47.429  4887  4887 I InstallerConnection: disconnecting...
12-03 19:23:47.433  4887  4887 I SystemServer: Entered the Android system server!
12-03 19:23:47.462  4887  4887 I SystemServiceManager: Starting com.android.server.pm.Installer
12-03 19:23:47.462  4887  4887 I Installer: Waiting for installd to be ready.
12-03 19:23:47.462  4887  4887 I InstallerConnection: connecting...
12-03 19:23:47.463  4887  4887 I SystemServiceManager: Starting com.android.server.am.ActivityManagerService$Lifecycle
12-03 19:23:47.507  4887  4887 I ActivityManager: Memory class: 192
12-03 19:23:47.513  4887  4887 D BatteryStatsImpl: Reading daily items from /data/system/batterystats-daily.xml
12-03 19:23:47.515  4887  4887 I AppOps  : No existing app ops /data/system/appops.xml; starting empty
12-03 19:23:47.533   955   955 F DEBUG   : 
12-03 19:23:47.533   955   955 F DEBUG   : Tombstone written to: /data/tombstones/tombstone_00
12-03 19:23:51.176  4908  4908 F libc    : Fatal signal 7 (SIGBUS), code 2, fault addr 0x7f5553657000 in tid 4908 (surfaceflinger)
12-03 19:23:51.287   955   955 F DEBUG   : *** *** *** *** *** *** *** *** *** *** *** *** *** *** *** ***
12-03 19:23:51.287   955   955 F DEBUG   : Build fingerprint: 'Android-x86/android_x86_64/x86_64:6.0.1/MOB31E/ec2-user12020203:eng/test-keys'
12-03 19:23:51.287   955   955 F DEBUG   : Revision: '0'
12-03 19:23:51.287   955   955 F DEBUG   : ABI: 'x86_64'
12-03 19:23:51.287   955   955 F DEBUG   : pid: 4908, tid: 4908, name: surfaceflinger  >>> /system/bin/surfaceflinger <<<
12-03 19:23:51.287   955   955 F DEBUG   : signal 7 (SIGBUS), code 2 (BUS_ADRERR), fault addr 0x7f5553657000
12-03 19:23:51.295   955   955 F DEBUG   :     rax 00007f5553657000  rbx 0000000000010000  rcx 0000000000000000  rdx 0000000000010000
12-03 19:23:51.306   955   955 F DEBUG   :     rsi 0000000000000000  rdi 00007f5553657000
12-03 19:23:51.306   955   955 F DEBUG   :     r8  00007f5553657000  r9  0000000000000030  r10 0000000000000001  r11 0000000000000213
12-03 19:23:51.306   955   955 F DEBUG   :     r12 00007f555682da00  r13 00007f555374a8f0  r14 000000000000000d  r15 000000000000000c
12-03 19:23:51.306   955   955 F DEBUG   :     cs  000000000000e033  ss  000000000000002b
12-03 19:23:51.306   955   955 F DEBUG   :     rip 00007f555674991a  rbp 00007f5555c09040  rsp 00007ffde498edd8  eflags 0000000000010206
12-03 19:23:51.309   955   955 F DEBUG   : 
12-03 19:23:51.309   955   955 F DEBUG   : backtrace:
12-03 19:23:51.309   955   955 F DEBUG   :     #00 pc 000000000001d91a  /system/lib64/libc.so (memset+90)
12-03 19:23:51.309   955   955 F DEBUG   :     #01 pc 0000000000001e60  /system/lib64/hw/gralloc.default.so
12-03 19:23:51.309   955   955 F DEBUG   :     #02 pc 00000000000020dc  /system/lib64/hw/gralloc.default.so (_Z14fb_device_openPK11hw_module_tPKcPP11hw_device_t+156)
12-03 19:23:51.309   955   955 F DEBUG   :     #03 pc 000000000003b6ae  /system/lib64/libsurfaceflinger.so
12-03 19:23:51.309   955   955 F DEBUG   :     #04 pc 000000000002bd8d  /system/lib64/libsurfaceflinger.so (_ZN7android14SurfaceFlinger4initEv+749)
12-03 19:23:51.309   955   955 F DEBUG   :     #05 pc 0000000000001130  /system/bin/surfaceflinger
12-03 19:23:51.309   955   955 F DEBUG   :     #06 pc 000000000001cd0c  /system/lib64/libc.so (__libc_init+92)
12-03 19:23:51.309   955   955 F DEBUG   :     #07 pc 0000000000001001  /system/bin/surfaceflinger
12-03 19:23:51.309   955   955 F DEBUG   :     #08 pc 0000000000000000  <unknown>
12-03 19:23:51.688   955   955 F DEBUG   : 
12-03 19:23:51.688   955   955 F DEBUG   : Tombstone written to: /data/tombstones/tombstone_01
12-03 19:23:56.386  4939  4939 F libc    : Fatal signal 7 (SIGBUS), code 2, fault addr 0x7fa520b26000 in tid 4939 (surfaceflinger)
12-03 19:23:56.417   955   955 F DEBUG   : *** *** *** *** *** *** *** *** *** *** *** *** *** *** *** ***
12-03 19:23:56.417   955   955 F DEBUG   : Build fingerprint: 'Android-x86/android_x86_64/x86_64:6.0.1/MOB31E/ec2-user12020203:eng/test-keys'
12-03 19:23:56.417   955   955 F DEBUG   : Revision: '0'
12-03 19:23:56.417   955   955 F DEBUG   : ABI: 'x86_64'
12-03 19:23:56.417   955   955 F DEBUG   : pid: 4939, tid: 4939, name: surfaceflinger  >>> /system/bin/surfaceflinger <<<
12-03 19:23:56.417   955   955 F DEBUG   : signal 7 (SIGBUS), code 2 (BUS_ADRERR), fault addr 0x7fa520b26000
12-03 19:23:56.428   955   955 F DEBUG   :     rax 00007fa520b26000  rbx 0000000000010000  rcx 0000000000000000  rdx 0000000000010000
12-03 19:23:56.428   955   955 F DEBUG   :     rsi 0000000000000000  rdi 00007fa520b26000
12-03 19:23:56.428   955   955 F DEBUG   :     r8  00007fa520b26000  r9  0000000000000030  r10 0000000000000001  r11 0000000000000213
12-03 19:23:56.428   955   955 F DEBUG   :     r12 00007fa523cfea00  r13 00007fa520c0a8f0  r14 000000000000000d  r15 000000000000000c
12-03 19:23:56.428   955   955 F DEBUG   :     cs  000000000000e033  ss  000000000000002b
12-03 19:23:56.428   955   955 F DEBUG   :     rip 00007fa523c1a91a  rbp 00007fa5230da040  rsp 00007ffcc4abd678  eflags 0000000000010206
12-03 19:23:56.431   955   955 F DEBUG   : 
12-03 19:23:56.431   955   955 F DEBUG   : backtrace:
12-03 19:23:56.431   955   955 F DEBUG   :     #00 pc 000000000001d91a  /system/lib64/libc.so (memset+90)
12-03 19:23:56.431   955   955 F DEBUG   :     #01 pc 0000000000001e60  /system/lib64/hw/gralloc.default.so
12-03 19:23:56.431   955   955 F DEBUG   :     #02 pc 00000000000020dc  /system/lib64/hw/gralloc.default.so (_Z14fb_device_openPK11hw_module_tPKcPP11hw_device_t+156)
12-03 19:23:56.431   955   955 F DEBUG   :     #03 pc 000000000003b6ae  /system/lib64/libsurfaceflinger.so
12-03 19:23:56.431   955   955 F DEBUG   :     #04 pc 000000000002bd8d  /system/lib64/libsurfaceflinger.so (_ZN7android14SurfaceFlinger4initEv+749)
12-03 19:23:56.431   955   955 F DEBUG   :     #05 pc 0000000000001130  /system/bin/surfaceflinger
12-03 19:23:56.431   955   955 F DEBUG   :     #06 pc 000000000001cd0c  /system/lib64/libc.so (__libc_init+92)
12-03 19:23:56.431   955   955 F DEBUG   :     #07 pc 0000000000001001  /system/bin/surfaceflinger
12-03 19:23:56.431   955   955 F DEBUG   :     #08 pc 0000000000000000  <unknown>
12-03 19:23:57.225   955   955 F DEBUG   : 
12-03 19:23:57.225   955   955 F DEBUG   : Tombstone written to: /data/tombstones/tombstone_02
12-03 19:24:01.036  4990  4990 F libc    : Fatal signal 7 (SIGBUS), code 2, fault addr 0x7fd32eb26000 in tid 4990 (surfaceflinger)
12-03 19:24:01.141   955   955 F DEBUG   : *** *** *** *** *** *** *** *** *** *** *** *** *** *** *** ***
12-03 19:24:01.141   955   955 F DEBUG   : Build fingerprint: 'Android-x86/android_x86_64/x86_64:6.0.1/MOB31E/ec2-user12020203:eng/test-keys'
12-03 19:24:01.141   955   955 F DEBUG   : Revision: '0'
12-03 19:24:01.141   955   955 F DEBUG   : ABI: 'x86_64'
12-03 19:24:01.141   955   955 F DEBUG   : pid: 4990, tid: 4990, name: surfaceflinger  >>> /system/bin/surfaceflinger <<<
12-03 19:24:01.141   955   955 F DEBUG   : signal 7 (SIGBUS), code 2 (BUS_ADRERR), fault addr 0x7fd32eb26000
12-03 19:24:01.144   955   955 F DEBUG   :     rax 00007fd32eb26000  rbx 0000000000010000  rcx 0000000000000000  rdx 0000000000010000
12-03 19:24:01.144   955   955 F DEBUG   :     rsi 0000000000000000  rdi 00007fd32eb26000
12-03 19:24:01.144   955   955 F DEBUG   :     r8  00007fd32eb26000  r9  0000000000000030  r10 0000000000000001  r11 0000000000000213
12-03 19:24:01.144   955   955 F DEBUG   :     r12 00007fd331cfda00  r13 00007fd32ec0a8f0  r14 000000000000000d  r15 000000000000000c
12-03 19:24:01.144   955   955 F DEBUG   :     cs  000000000000e033  ss  000000000000002b
12-03 19:24:01.144   955   955 F DEBUG   :     rip 00007fd331c1991a  rbp 00007fd3310da040  rsp 00007fff7b7794a8  eflags 0000000000010206
12-03 19:24:01.146   955   955 F DEBUG   : 
12-03 19:24:01.146   955   955 F DEBUG   : backtrace:
12-03 19:24:01.146   955   955 F DEBUG   :     #00 pc 000000000001d91a  /system/lib64/libc.so (memset+90)
12-03 19:24:01.146   955   955 F DEBUG   :     #01 pc 0000000000001e60  /system/lib64/hw/gralloc.default.so
12-03 19:24:01.146   955   955 F DEBUG   :     #02 pc 00000000000020dc  /system/lib64/hw/gralloc.default.so (_Z14fb_device_openPK11hw_module_tPKcPP11hw_device_t+156)
12-03 19:24:01.146   955   955 F DEBUG   :     #03 pc 000000000003b6ae  /system/lib64/libsurfaceflinger.so
12-03 19:24:01.146   955   955 F DEBUG   :     #04 pc 000000000002bd8d  /system/lib64/libsurfaceflinger.so (_ZN7android14SurfaceFlinger4initEv+749)
12-03 19:24:01.146   955   955 F DEBUG   :     #05 pc 0000000000001130  /system/bin/surfaceflinger
12-03 19:24:01.146   955   955 F DEBUG   :     #06 pc 000000000001cd0c  /system/lib64/libc.so (__libc_init+92)
12-03 19:24:01.146   955   955 F DEBUG   :     #07 pc 0000000000001001  /system/bin/surfaceflinger
12-03 19:24:01.146   955   955 F DEBUG   :     #08 pc 0000000000000000  <unknown>
12-03 19:24:01.482   955   955 F DEBUG   : 
12-03 19:24:01.482   955   955 F DEBUG   : Tombstone written to: /data/tombstones/tombstone_03
12-03 19:24:06.130  5024  5024 F libc    : Fatal signal 7 (SIGBUS), code 2, fault addr 0x7f6f5c861000 in tid 5024 (surfaceflinger)
12-03 19:24:06.232   955   955 F DEBUG   : *** *** *** *** *** *** *** *** *** *** *** *** *** *** *** ***
12-03 19:24:06.232   955   955 F DEBUG   : Build fingerprint: 'Android-x86/android_x86_64/x86_64:6.0.1/MOB31E/ec2-user12020203:eng/test-keys'
12-03 19:24:06.232   955   955 F DEBUG   : Revision: '0'
12-03 19:24:06.232   955   955 F DEBUG   : ABI: 'x86_64'
12-03 19:24:06.232   955   955 F DEBUG   : pid: 5024, tid: 5024, name: surfaceflinger  >>> /system/bin/surfaceflinger <<<
12-03 19:24:06.232   955   955 F DEBUG   : signal 7 (SIGBUS), code 2 (BUS_ADRERR), fault addr 0x7f6f5c861000
12-03 19:24:06.261   955   955 F DEBUG   :     rax 00007f6f5c861000  rbx 0000000000010000  rcx 0000000000000000  rdx 0000000000010000
12-03 19:24:06.261   955   955 F DEBUG   :     rsi 0000000000000000  rdi 00007f6f5c861000
12-03 19:24:06.261   955   955 F DEBUG   :     r8  00007f6f5c861000  r9  0000000000000030  r10 0000000000000001  r11 0000000000000213
12-03 19:24:06.261   955   955 F DEBUG   :     r12 00007f6f5fa39a00  r13 00007f6f5c94a8f0  r14 000000000000000d  r15 000000000000000c
12-03 19:24:06.261   955   955 F DEBUG   :     cs  000000000000e033  ss  000000000000002b
12-03 19:24:06.261   955   955 F DEBUG   :     rip 00007f6f5f95591a  rbp 00007f6f5ee14040  rsp 00007ffc78763ce8  eflags 0000000000010206
12-03 19:24:06.309   955   955 F DEBUG   : 
12-03 19:24:06.309   955   955 F DEBUG   : backtrace:
12-03 19:24:06.309   955   955 F DEBUG   :     #00 pc 000000000001d91a  /system/lib64/libc.so (memset+90)
12-03 19:24:06.309   955   955 F DEBUG   :     #01 pc 0000000000001e60  /system/lib64/hw/gralloc.default.so
12-03 19:24:06.309   955   955 F DEBUG   :     #02 pc 00000000000020dc  /system/lib64/hw/gralloc.default.so (_Z14fb_device_openPK11hw_module_tPKcPP11hw_device_t+156)
12-03 19:24:06.309   955   955 F DEBUG   :     #03 pc 000000000003b6ae  /system/lib64/libsurfaceflinger.so
12-03 19:24:06.309   955   955 F DEBUG   :     #04 pc 000000000002bd8d  /system/lib64/libsurfaceflinger.so (_ZN7android14SurfaceFlinger4initEv+749)
12-03 19:24:06.309   955   955 F DEBUG   :     #05 pc 0000000000001130  /system/bin/surfaceflinger
12-03 19:24:06.309   955   955 F DEBUG   :     #06 pc 000000000001cd0c  /system/lib64/libc.so (__libc_init+92)
12-03 19:24:06.309   955   955 F DEBUG   :     #07 pc 0000000000001001  /system/bin/surfaceflinger
12-03 19:24:06.309   955   955 F DEBUG   :     #08 pc 0000000000000000  <unknown>
12-03 19:24:07.469   955   955 F DEBUG   : 
12-03 19:24:07.469   955   955 F DEBUG   : Tombstone written to: /data/tombstones/tombstone_04
12-03 19:24:11.129  5084  5084 F libc    : Fatal signal 7 (SIGBUS), code 2, fault addr 0x7f58fc10e000 in tid 5084 (surfaceflinger)
12-03 19:24:11.238   955   955 F DEBUG   : *** *** *** *** *** *** *** *** *** *** *** *** *** *** *** ***
12-03 19:24:11.238   955   955 F DEBUG   : Build fingerprint: 'Android-x86/android_x86_64/x86_64:6.0.1/MOB31E/ec2-user12020203:eng/test-keys'
12-03 19:24:11.238   955   955 F DEBUG   : Revision: '0'
12-03 19:24:11.238   955   955 F DEBUG   : ABI: 'x86_64'
12-03 19:24:11.238   955   955 F DEBUG   : pid: 5084, tid: 5084, name: surfaceflinger  >>> /system/bin/surfaceflinger <<<
12-03 19:24:11.238   955   955 F DEBUG   : signal 7 (SIGBUS), code 2 (BUS_ADRERR), fault addr 0x7f58fc10e000
12-03 19:24:11.240   955   955 F DEBUG   :     rax 00007f58fc10e000  rbx 0000000000010000  rcx 0000000000000000  rdx 0000000000010000
12-03 19:24:11.240   955   955 F DEBUG   :     rsi 0000000000000000  rdi 00007f58fc10e000
12-03 19:24:11.240   955   955 F DEBUG   :     r8  00007f58fc10e000  r9  0000000000000030  r10 0000000000000001  r11 0000000000000213
12-03 19:24:11.240   955   955 F DEBUG   :     r12 00007f58ff1dca00  r13 00007f58fc0ca8f0  r14 000000000000000d  r15 000000000000000c
12-03 19:24:11.240   955   955 F DEBUG   :     cs  000000000000e033  ss  000000000000002b
12-03 19:24:11.240   955   955 F DEBUG   :     rip 00007f58ff0f891a  rbp 00007f58fe5b6040  rsp 00007ffdb6766dd8  eflags 0000000000010206
12-03 19:24:11.242   955   955 F DEBUG   : 
12-03 19:24:11.242   955   955 F DEBUG   : backtrace:
12-03 19:24:11.242   955   955 F DEBUG   :     #00 pc 000000000001d91a  /system/lib64/libc.so (memset+90)
12-03 19:24:11.242   955   955 F DEBUG   :     #01 pc 0000000000001e60  /system/lib64/hw/gralloc.default.so
12-03 19:24:11.242   955   955 F DEBUG   :     #02 pc 00000000000020dc  /system/lib64/hw/gralloc.default.so (_Z14fb_device_openPK11hw_module_tPKcPP11hw_device_t+156)
12-03 19:24:11.242   955   955 F DEBUG   :     #03 pc 000000000003b6ae  /system/lib64/libsurfaceflinger.so
12-03 19:24:11.242   955   955 F DEBUG   :     #04 pc 000000000002bd8d  /system/lib64/libsurfaceflinger.so (_ZN7android14SurfaceFlinger4initEv+749)
12-03 19:24:11.242   955   955 F DEBUG   :     #05 pc 0000000000001130  /system/bin/surfaceflinger
12-03 19:24:11.242   955   955 F DEBUG   :     #06 pc 000000000001cd0c  /system/lib64/libc.so (__libc_init+92)
12-03 19:24:11.242   955   955 F DEBUG   :     #07 pc 0000000000001001  /system/bin/surfaceflinger
12-03 19:24:11.242   955   955 F DEBUG   :     #08 pc 0000000000000000  <unknown>
12-03 19:24:11.579   955   955 F DEBUG   : 
12-03 19:24:11.579   955   955 F DEBUG   : Tombstone written to: /data/tombstones/tombstone_05
12-03 19:24:16.300  5115  5115 F libc    : Fatal signal 7 (SIGBUS), code 2, fault addr 0x7f7cc5761000 in tid 5115 (surfaceflinger)
12-03 19:24:16.409   955   955 F DEBUG   : *** *** *** *** *** *** *** *** *** *** *** *** *** *** *** ***
12-03 19:24:16.409   955   955 F DEBUG   : Build fingerprint: 'Android-x86/android_x86_64/x86_64:6.0.1/MOB31E/ec2-user12020203:eng/test-keys'
12-03 19:24:16.409   955   955 F DEBUG   : Revision: '0'
12-03 19:24:16.409   955   955 F DEBUG   : ABI: 'x86_64'
12-03 19:24:16.409   955   955 F DEBUG   : pid: 5115, tid: 5115, name: surfaceflinger  >>> /system/bin/surfaceflinger <<<
12-03 19:24:16.409   955   955 F DEBUG   : signal 7 (SIGBUS), code 2 (BUS_ADRERR), fault addr 0x7f7cc5761000
12-03 19:24:16.411   955   955 F DEBUG   :     rax 00007f7cc5761000  rbx 0000000000010000  rcx 0000000000000000  rdx 0000000000010000
12-03 19:24:16.411   955   955 F DEBUG   :     rsi 0000000000000000  rdi 00007f7cc5761000
12-03 19:24:16.411   955   955 F DEBUG   :     r8  00007f7cc5761000  r9  0000000000000030  r10 0000000000000001  r11 0000000000000213
12-03 19:24:16.412   955   955 F DEBUG   :     r12 00007f7cc8938a00  r13 00007f7cc584a8f0  r14 000000000000000d  r15 000000000000000c
12-03 19:24:16.412   955   955 F DEBUG   :     cs  000000000000e033  ss  000000000000002b
12-03 19:24:16.412   955   955 F DEBUG   :     rip 00007f7cc885491a  rbp 00007f7cc7d14040  rsp 00007ffdaa8fad18  eflags 0000000000010206
12-03 19:24:16.414   955   955 F DEBUG   : 
12-03 19:24:16.414   955   955 F DEBUG   : backtrace:
12-03 19:24:16.414   955   955 F DEBUG   :     #00 pc 000000000001d91a  /system/lib64/libc.so (memset+90)
12-03 19:24:16.414   955   955 F DEBUG   :     #01 pc 0000000000001e60  /system/lib64/hw/gralloc.default.so
12-03 19:24:16.414   955   955 F DEBUG   :     #02 pc 00000000000020dc  /system/lib64/hw/gralloc.default.so (_Z14fb_device_openPK11hw_module_tPKcPP11hw_device_t+156)
12-03 19:24:16.414   955   955 F DEBUG   :     #03 pc 000000000003b6ae  /system/lib64/libsurfaceflinger.so
12-03 19:24:16.414   955   955 F DEBUG   :     #04 pc 000000000002bd8d  /system/lib64/libsurfaceflinger.so (_ZN7android14SurfaceFlinger4initEv+749)
12-03 19:24:16.414   955   955 F DEBUG   :     #05 pc 0000000000001130  /system/bin/surfaceflinger
12-03 19:24:16.414   955   955 F DEBUG   :     #06 pc 000000000001cd0c  /system/lib64/libc.so (__libc_init+92)
12-03 19:24:16.414   955   955 F DEBUG   :     #07 pc 0000000000001001  /system/bin/surfaceflinger
12-03 19:24:16.414   955   955 F DEBUG   :     #08 pc 0000000000000000  <unknown>
12-03 19:24:16.810   955   955 F DEBUG   : 
12-03 19:24:16.810   955   955 F DEBUG   : Tombstone written to: /data/tombstones/tombstone_06
12-03 19:24:20.650  5152  5152 F libc    : Fatal signal 7 (SIGBUS), code 2, fault addr 0x7f30d1be6000 in tid 5152 (surfaceflinger)
12-03 19:24:20.753   955   955 F DEBUG   : *** *** *** *** *** *** *** *** *** *** *** *** *** *** *** ***
12-03 19:24:20.753   955   955 F DEBUG   : Build fingerprint: 'Android-x86/android_x86_64/x86_64:6.0.1/MOB31E/ec2-user12020203:eng/test-keys'
12-03 19:24:20.753   955   955 F DEBUG   : Revision: '0'
12-03 19:24:20.753   955   955 F DEBUG   : ABI: 'x86_64'
12-03 19:24:20.753   955   955 F DEBUG   : pid: 5152, tid: 5152, name: surfaceflinger  >>> /system/bin/surfaceflinger <<<
12-03 19:24:20.753   955   955 F DEBUG   : signal 7 (SIGBUS), code 2 (BUS_ADRERR), fault addr 0x7f30d1be6000
12-03 19:24:20.763   955   955 F DEBUG   :     rax 00007f30d1be6000  rbx 0000000000010000  rcx 0000000000000000  rdx 0000000000010000
12-03 19:24:20.763   955   955 F DEBUG   :     rsi 0000000000000000  rdi 00007f30d1be6000
12-03 19:24:20.763   955   955 F DEBUG   :     r8  00007f30d1be6000  r9  0000000000000030  r10 0000000000000001  r11 0000000000000213
12-03 19:24:20.763   955   955 F DEBUG   :     r12 00007f30d4dcda00  r13 00007f30d1cca8f0  r14 000000000000000d  r15 000000000000000c
12-03 19:24:20.763   955   955 F DEBUG   :     cs  000000000000e033  ss  000000000000002b
12-03 19:24:20.763   955   955 F DEBUG   :     rip 00007f30d4ce991a  rbp 00007f30d41a5040  rsp 00007ffeebe86698  eflags 0000000000010206
12-03 19:24:20.765   955   955 F DEBUG   : 
12-03 19:24:20.765   955   955 F DEBUG   : backtrace:
12-03 19:24:20.765   955   955 F DEBUG   :     #00 pc 000000000001d91a  /system/lib64/libc.so (memset+90)
12-03 19:24:20.765   955   955 F DEBUG   :     #01 pc 0000000000001e60  /system/lib64/hw/gralloc.default.so
12-03 19:24:20.765   955   955 F DEBUG   :     #02 pc 00000000000020dc  /system/lib64/hw/gralloc.default.so (_Z14fb_device_openPK11hw_module_tPKcPP11hw_device_t+156)
12-03 19:24:20.765   955   955 F DEBUG   :     #03 pc 000000000003b6ae  /system/lib64/libsurfaceflinger.so
12-03 19:24:20.765   955   955 F DEBUG   :     #04 pc 000000000002bd8d  /system/lib64/libsurfaceflinger.so (_ZN7android14SurfaceFlinger4initEv+749)
12-03 19:24:20.765   955   955 F DEBUG   :     #05 pc 0000000000001130  /system/bin/surfaceflinger
12-03 19:24:20.765   955   955 F DEBUG   :     #06 pc 000000000001cd0c  /system/lib64/libc.so (__libc_init+92)
12-03 19:24:20.765   955   955 F DEBUG   :     #07 pc 0000000000001001  /system/bin/surfaceflinger
12-03 19:24:20.765   955   955 F DEBUG   :     #08 pc 0000000000000000  <unknown>
12-03 19:24:22.598  5236  5236 I InstallerConnection: connecting...
12-03 19:24:22.599  5236  5236 I InstallerConnection: disconnecting...
12-03 19:24:22.630  5236  5236 I SystemServer: Entered the Android system server!
12-03 19:24:22.675  5236  5236 I SystemServiceManager: Starting com.android.server.pm.Installer
12-03 19:24:22.675  5236  5236 I Installer: Waiting for installd to be ready.
12-03 19:24:22.675  5236  5236 I InstallerConnection: connecting...
12-03 19:24:22.675  5236  5236 I SystemServiceManager: Starting com.android.server.am.ActivityManagerService$Lifecycle
12-03 19:24:22.678  5236  5236 I ActivityManager: Memory class: 192
12-03 19:24:22.709  5236  5236 D BatteryStatsImpl: Reading daily items from /data/system/batterystats-daily.xml
12-03 19:24:22.711  5236  5236 I AppOps  : No existing app ops /data/system/appops.xml; starting empty
12-03 19:24:22.725   955   955 F DEBUG   : 
12-03 19:24:22.725   955   955 F DEBUG   : Tombstone written to: /data/tombstones/tombstone_07
12-03 19:24:26.521  5259  5259 F libc    : Fatal signal 7 (SIGBUS), code 2, fault addr 0x7f7b0e712000 in tid 5259 (surfaceflinger)
12-03 19:24:26.628   955   955 F DEBUG   : *** *** *** *** *** *** *** *** *** *** *** *** *** *** *** ***
12-03 19:24:26.628   955   955 F DEBUG   : Build fingerprint: 'Android-x86/android_x86_64/x86_64:6.0.1/MOB31E/ec2-user12020203:eng/test-keys'
12-03 19:24:26.628   955   955 F DEBUG   : Revision: '0'
12-03 19:24:26.628   955   955 F DEBUG   : ABI: 'x86_64'
12-03 19:24:26.628   955   955 F DEBUG   : pid: 5259, tid: 5259, name: surfaceflinger  >>> /system/bin/surfaceflinger <<<
12-03 19:24:26.628   955   955 F DEBUG   : signal 7 (SIGBUS), code 2 (BUS_ADRERR), fault addr 0x7f7b0e712000
12-03 19:24:26.630   955   955 F DEBUG   :     rax 00007f7b0e712000  rbx 0000000000010000  rcx 0000000000000000  rdx 0000000000010000
12-03 19:24:26.630   955   955 F DEBUG   :     rsi 0000000000000000  rdi 00007f7b0e712000
12-03 19:24:26.630   955   955 F DEBUG   :     r8  00007f7b0e712000  r9  0000000000000030  r10 0000000000000001  r11 0000000000000213
12-03 19:24:26.630   955   955 F DEBUG   :     r12 00007f7b117e0a00  r13 00007f7b0e6ca8f0  r14 000000000000000d  r15 000000000000000c
12-03 19:24:26.630   955   955 F DEBUG   :     cs  000000000000e033  ss  000000000000002b
12-03 19:24:26.630   955   955 F DEBUG   :     rip 00007f7b116fc91a  rbp 00007f7b10bbf040  rsp 00007ffc015456c8  eflags 0000000000010206
12-03 19:24:26.633   955   955 F DEBUG   : 
12-03 19:24:26.633   955   955 F DEBUG   : backtrace:
12-03 19:24:26.633   955   955 F DEBUG   :     #00 pc 000000000001d91a  /system/lib64/libc.so (memset+90)
12-03 19:24:26.633   955   955 F DEBUG   :     #01 pc 0000000000001e60  /system/lib64/hw/gralloc.default.so
12-03 19:24:26.633   955   955 F DEBUG   :     #02 pc 00000000000020dc  /system/lib64/hw/gralloc.default.so (_Z14fb_device_openPK11hw_module_tPKcPP11hw_device_t+156)
12-03 19:24:26.633   955   955 F DEBUG   :     #03 pc 000000000003b6ae  /system/lib64/libsurfaceflinger.so
12-03 19:24:26.633   955   955 F DEBUG   :     #04 pc 000000000002bd8d  /system/lib64/libsurfaceflinger.so (_ZN7android14SurfaceFlinger4initEv+749)
12-03 19:24:26.633   955   955 F DEBUG   :     #05 pc 0000000000001130  /system/bin/surfaceflinger
12-03 19:24:26.633   955   955 F DEBUG   :     #06 pc 000000000001cd0c  /system/lib64/libc.so (__libc_init+92)
12-03 19:24:26.633   955   955 F DEBUG   :     #07 pc 0000000000001001  /system/bin/surfaceflinger
12-03 19:24:26.633   955   955 F DEBUG   :     #08 pc 0000000000000000  <unknown>
12-03 19:24:27.032   955   955 F DEBUG   : 
12-03 19:24:27.032   955   955 F DEBUG   : Tombstone written to: /data/tombstones/tombstone_08
12-03 19:24:31.740  5297  5297 F libc    : Fatal signal 7 (SIGBUS), code 2, fault addr 0x7f40b84e6000 in tid 5297 (surfaceflinger)
12-03 19:24:31.766   955   955 F DEBUG   : *** *** *** *** *** *** *** *** *** *** *** *** *** *** *** ***
12-03 19:24:31.766   955   955 F DEBUG   : Build fingerprint: 'Android-x86/android_x86_64/x86_64:6.0.1/MOB31E/ec2-user12020203:eng/test-keys'
12-03 19:24:31.766   955   955 F DEBUG   : Revision: '0'
12-03 19:24:31.766   955   955 F DEBUG   : ABI: 'x86_64'
12-03 19:24:31.766   955   955 F DEBUG   : pid: 5297, tid: 5297, name: surfaceflinger  >>> /system/bin/surfaceflinger <<<
12-03 19:24:31.766   955   955 F DEBUG   : signal 7 (SIGBUS), code 2 (BUS_ADRERR), fault addr 0x7f40b84e6000
12-03 19:24:31.772   955   955 F DEBUG   :     rax 00007f40b84e6000  rbx 0000000000010000  rcx 0000000000000000  rdx 0000000000010000
12-03 19:24:31.772   955   955 F DEBUG   :     rsi 0000000000000000  rdi 00007f40b84e6000
12-03 19:24:31.772   955   955 F DEBUG   :     r8  00007f40b84e6000  r9  0000000000000030  r10 0000000000000001  r11 0000000000000213
12-03 19:24:31.772   955   955 F DEBUG   :     r12 00007f40bb6c8a00  r13 00007f40b85ca8f0  r14 000000000000000d  r15 000000000000000c
12-03 19:24:31.772   955   955 F DEBUG   :     cs  000000000000e033  ss  000000000000002b
12-03 19:24:31.772   955   955 F DEBUG   :     rip 00007f40bb5e491a  rbp 00007f40baaaa040  rsp 00007ffdd5d7ead8  eflags 0000000000010206
12-03 19:24:31.817   955   955 F DEBUG   : 
12-03 19:24:31.817   955   955 F DEBUG   : backtrace:
12-03 19:24:31.817   955   955 F DEBUG   :     #00 pc 000000000001d91a  /system/lib64/libc.so (memset+90)
