12-03 19:29:52.445   955   955 F DEBUG   : ABI: 'x86_64'
12-03 19:29:52.445   955   955 F DEBUG   : pid: 8843, tid: 8843, name: surfaceflinger  >>> /system/bin/surfaceflinger <<<
12-03 19:29:52.445   955   955 F DEBUG   : signal 7 (SIGBUS), code 2 (BUS_ADRERR), fault addr 0x7fb07e512000
12-03 19:29:52.447   955   955 F DEBUG   :     rax 00007fb07e512000  rbx 0000000000010000  rcx 0000000000000000  rdx 0000000000010000
12-03 19:29:52.447   955   955 F DEBUG   :     rsi 0000000000000000  rdi 00007fb07e512000
12-03 19:29:52.447   955   955 F DEBUG   :     r8  00007fb07e512000  r9  0000000000000030  r10 0000000000000001  r11 0000000000000213
12-03 19:29:52.447   955   955 F DEBUG   :     r12 00007fb0816e8a00  r13 00007fb07e60a8f0  r14 000000000000000d  r15 000000000000000c
12-03 19:29:52.447   955   955 F DEBUG   :     cs  000000000000e033  ss  000000000000002b
12-03 19:29:52.447   955   955 F DEBUG   :     rip 00007fb08160491a  rbp 00007fb080ac5040  rsp 00007fff861d3228  eflags 0000000000010206
12-03 19:29:52.450   955   955 F DEBUG   : 
12-03 19:29:52.450   955   955 F DEBUG   : backtrace:
12-03 19:29:52.450   955   955 F DEBUG   :     #00 pc 000000000001d91a  /system/lib64/libc.so (memset+90)
12-03 19:29:52.450   955   955 F DEBUG   :     #01 pc 0000000000001e60  /system/lib64/hw/gralloc.default.so
12-03 19:29:52.450   955   955 F DEBUG   :     #02 pc 00000000000020dc  /system/lib64/hw/gralloc.default.so (_Z14fb_device_openPK11hw_module_tPKcPP11hw_device_t+156)
12-03 19:29:52.450   955   955 F DEBUG   :     #03 pc 000000000003b6ae  /system/lib64/libsurfaceflinger.so
12-03 19:29:52.450   955   955 F DEBUG   :     #04 pc 000000000002bd8d  /system/lib64/libsurfaceflinger.so (_ZN7android14SurfaceFlinger4initEv+749)
12-03 19:29:52.450   955   955 F DEBUG   :     #05 pc 0000000000001130  /system/bin/surfaceflinger
12-03 19:29:52.450   955   955 F DEBUG   :     #06 pc 000000000001cd0c  /system/lib64/libc.so (__libc_init+92)
12-03 19:29:52.450   955   955 F DEBUG   :     #07 pc 0000000000001001  /system/bin/surfaceflinger
12-03 19:29:52.450   955   955 F DEBUG   :     #08 pc 0000000000000000  <unknown>
12-03 19:29:52.461  8844  8844 V MediaUtils: physMem: 3933986816
12-03 19:29:52.461  8844  8844 V MediaUtils: requested limit: 2557091420
12-03 19:29:52.461  8844  8844 V MediaUtils: actual limit: 2557091420
12-03 19:29:52.462  8844  8844 V MediaUtils: original limits: 4294967295/4294967295
12-03 19:29:52.462  8844  8844 V MediaUtils: new limits: 2557091420/4294967295
12-03 19:29:52.462  8844  8844 I mediaserver: ServiceManager: 0xf614c680
12-03 19:29:52.462  8844  8844 I AudioFlinger: Using default 3000 mSec as standby time.
12-03 19:29:52.462  8844  8844 E         : batterystats service unavailable!
12-03 19:29:52.462  8844  8844 E         : batterystats service unavailable!
12-03 19:29:52.462  8844  8844 I CameraService: CameraService started (pid=8844)
12-03 19:29:52.463  8844  8844 I CameraService: CameraService process starting
12-03 19:29:52.463  8844  8844 E         : batterystats service unavailable!
12-03 19:29:52.463  8844  8844 E         : batterystats service unavailable!
12-03 19:29:52.463  8844  8844 D Camera_Factory: CameraFactory::CameraFactory
12-03 19:29:52.463  8844  8844 D Camera_Factory: CameraFactory::parseConfig: configFile = /etc/camera.cfg
12-03 19:29:52.463  8844  8844 D Camera_Factory: /etc/camera.cfg not found, using camera configuration defaults
12-03 19:29:52.463  8844  8844 E cutils-trace: Error opening trace file: Permission denied (13)
12-03 19:29:52.463  8844  8844 D Camera_Factory: CameraFactory::get_number_of_cameras
12-03 19:29:52.463  8844  8844 D Camera_Factory: CameraFactory::getCameraNum: 0
12-03 19:29:52.463  8844  8844 I CameraService: Loaded "Camera Module" camera module
12-03 19:29:52.463  8844  8844 D Camera_Factory: CameraFactory::get_number_of_cameras
12-03 19:29:52.463  8844  8844 D Camera_Factory: CameraFactory::getCameraNum: 0
12-03 19:29:52.463  8844  8844 D Camera_Factory: CameraFactory::get_number_of_cameras
12-03 19:29:52.463  8844  8844 D Camera_Factory: CameraFactory::getCameraNum: 0
12-03 19:29:52.463  8844  8844 I ServiceManager: Waiting for service media.camera.proxy...
12-03 19:29:52.971  8845  8845 I chatty  : uid=0(root) expire 283 lines
12-03 19:29:53.170  8888  8888 D idmap   : error: no read access to /vendor/overlay: No such file or directory
12-03 19:29:53.373  8845  8887 I chatty  : uid=0(root) expire 8 lines
12-03 19:29:53.464  8844  8844 I ServiceManager: Waiting for service media.camera.proxy...
12-03 19:29:53.790   955   955 F DEBUG   : 
12-03 19:29:53.790   955   955 F DEBUG   : Tombstone written to: /data/tombstones/tombstone_04
12-03 19:29:53.850   950   950 I ServiceManager: service 'media.audio_flinger' died
12-03 19:29:53.850   950   950 I ServiceManager: service 'media.player' died
12-03 19:29:53.850   950   950 I ServiceManager: service 'media.resource_manager' died
12-03 19:29:55.949  8905  8905 I chatty  : uid=0(root) /system/bin/netd expire 2 lines
12-03 19:29:56.020  8906  8906 I chatty  : uid=0(root) /system/bin/surfaceflinger expire 10 lines
12-03 19:29:56.636  8907  8907 V MediaUtils: physMem: 3933986816
12-03 19:29:56.636  8907  8907 V MediaUtils: requested limit: 2557091420
12-03 19:29:56.636  8907  8907 V MediaUtils: actual limit: 2557091420
12-03 19:29:56.636  8907  8907 V MediaUtils: original limits: 4294967295/4294967295
12-03 19:29:56.636  8907  8907 V MediaUtils: new limits: 2557091420/4294967295
12-03 19:29:56.636  8907  8907 I mediaserver: ServiceManager: 0xf610c680
12-03 19:29:56.636  8907  8907 I AudioFlinger: Using default 3000 mSec as standby time.
12-03 19:29:56.636  8907  8907 E         : batterystats service unavailable!
12-03 19:29:56.636  8907  8907 E         : batterystats service unavailable!
12-03 19:29:56.637  8907  8907 I CameraService: CameraService started (pid=8907)
12-03 19:29:56.637  8907  8907 I CameraService: CameraService process starting
12-03 19:29:56.637  8907  8907 E         : batterystats service unavailable!
12-03 19:29:56.637  8907  8907 E         : batterystats service unavailable!
12-03 19:29:56.637  8907  8907 D Camera_Factory: CameraFactory::CameraFactory
12-03 19:29:56.637  8907  8907 D Camera_Factory: CameraFactory::parseConfig: configFile = /etc/camera.cfg
12-03 19:29:56.637  8907  8907 D Camera_Factory: /etc/camera.cfg not found, using camera configuration defaults
12-03 19:29:56.637  8907  8907 E cutils-trace: Error opening trace file: Permission denied (13)
12-03 19:29:56.637  8907  8907 D Camera_Factory: CameraFactory::get_number_of_cameras
12-03 19:29:56.637  8907  8907 D Camera_Factory: CameraFactory::getCameraNum: 0
12-03 19:29:56.637  8907  8907 I CameraService: Loaded "Camera Module" camera module
12-03 19:29:56.637  8907  8907 D Camera_Factory: CameraFactory::get_number_of_cameras
12-03 19:29:56.637  8907  8907 D Camera_Factory: CameraFactory::getCameraNum: 0
12-03 19:29:56.637  8907  8907 D Camera_Factory: CameraFactory::get_number_of_cameras
12-03 19:29:56.637  8907  8907 D Camera_Factory: CameraFactory::getCameraNum: 0
12-03 19:29:56.638  8906  8906 F libc    : Fatal signal 7 (SIGBUS), code 2, fault addr 0x7fc95ba52000 in tid 8906 (surfaceflinger)
12-03 19:29:56.639  8907  8907 I ServiceManager: Waiting for service media.camera.proxy...
12-03 19:29:56.739   955   955 F DEBUG   : *** *** *** *** *** *** *** *** *** *** *** *** *** *** *** ***
12-03 19:29:56.766   955   955 F DEBUG   : Build fingerprint: 'Android-x86/android_x86_64/x86_64:6.0.1/MOB31E/ec2-user12020203:eng/test-keys'
12-03 19:29:56.766   955   955 F DEBUG   : Revision: '0'
12-03 19:29:56.767   955   955 F DEBUG   : ABI: 'x86_64'
12-03 19:29:56.767   955   955 F DEBUG   : pid: 8906, tid: 8906, name: surfaceflinger  >>> /system/bin/surfaceflinger <<<
12-03 19:29:56.767   955   955 F DEBUG   : signal 7 (SIGBUS), code 2 (BUS_ADRERR), fault addr 0x7fc95ba52000
12-03 19:29:56.777   955   955 F DEBUG   :     rax 00007fc95ba52000  rbx 0000000000010000  rcx 0000000000000000  rdx 0000000000010000
12-03 19:29:56.777   955   955 F DEBUG   :     rsi 0000000000000000  rdi 00007fc95ba52000
12-03 19:29:56.777   955   955 F DEBUG   :     r8  00007fc95ba52000  r9  0000000000000030  r10 0000000000000001  r11 0000000000000213
12-03 19:29:56.777   955   955 F DEBUG   :     r12 00007fc95ec2ba00  r13 00007fc95e13b8f0  r14 000000000000000d  r15 000000000000000c
12-03 19:29:56.777   955   955 F DEBUG   :     cs  000000000000e033  ss  000000000000002b
12-03 19:29:56.777   955   955 F DEBUG   :     rip 00007fc95eb4791a  rbp 00007fc95e004040  rsp 00007ffdffa45538  eflags 0000000000010206
12-03 19:29:56.792   955   955 F DEBUG   : 
12-03 19:29:56.792   955   955 F DEBUG   : backtrace:
12-03 19:29:56.792   955   955 F DEBUG   :     #00 pc 000000000001d91a  /system/lib64/libc.so (memset+90)
12-03 19:29:56.792   955   955 F DEBUG   :     #01 pc 0000000000001e60  /system/lib64/hw/gralloc.default.so
12-03 19:29:56.792   955   955 F DEBUG   :     #02 pc 00000000000020dc  /system/lib64/hw/gralloc.default.so (_Z14fb_device_openPK11hw_module_tPKcPP11hw_device_t+156)
12-03 19:29:56.792   955   955 F DEBUG   :     #03 pc 000000000003b6ae  /system/lib64/libsurfaceflinger.so
12-03 19:29:56.792   955   955 F DEBUG   :     #04 pc 000000000002bd8d  /system/lib64/libsurfaceflinger.so (_ZN7android14SurfaceFlinger4initEv+749)
12-03 19:29:56.792   955   955 F DEBUG   :     #05 pc 0000000000001130  /system/bin/surfaceflinger
12-03 19:29:56.792   955   955 F DEBUG   :     #06 pc 000000000001cd0c  /system/lib64/libc.so (__libc_init+92)
12-03 19:29:56.792   955   955 F DEBUG   :     #07 pc 0000000000001001  /system/bin/surfaceflinger
12-03 19:29:56.792   955   955 F DEBUG   :     #08 pc 0000000000000000  <unknown>
12-03 19:29:57.088  8908  8908 I chatty  : uid=0(root) expire 334 lines
12-03 19:29:57.459  8953  8953 D idmap   : error: no read access to /vendor/overlay: No such file or directory
12-03 19:29:57.639  8907  8907 I ServiceManager: Waiting for service media.camera.proxy...
12-03 19:29:57.701  8908  8951 I chatty  : uid=0(root) expire 8 lines
12-03 19:29:58.055   955   955 F DEBUG   : 
12-03 19:29:58.055   955   955 F DEBUG   : Tombstone written to: /data/tombstones/tombstone_05
12-03 19:29:58.101   950   950 I ServiceManager: service 'media.audio_flinger' died
12-03 19:29:58.101   950   950 I ServiceManager: service 'media.player' died
12-03 19:29:58.101   950   950 I ServiceManager: service 'media.resource_manager' died
12-03 19:30:01.200  8972  8972 I chatty  : uid=0(root) /system/bin/netd expire 2 lines
12-03 19:30:01.270  8973  8973 I chatty  : uid=0(root) /system/bin/surfaceflinger expire 10 lines
12-03 19:30:01.824  8973  8973 F libc    : Fatal signal 7 (SIGBUS), code 2, fault addr 0x7fcd79698000 in tid 8973 (surfaceflinger)
12-03 19:30:01.854  8974  8974 V MediaUtils: physMem: 3933986816
12-03 19:30:01.854  8974  8974 V MediaUtils: requested limit: 2557091420
12-03 19:30:01.854  8974  8974 V MediaUtils: actual limit: 2557091420
12-03 19:30:01.854  8974  8974 V MediaUtils: original limits: 4294967295/4294967295
12-03 19:30:01.854  8974  8974 V MediaUtils: new limits: 2557091420/4294967295
12-03 19:30:01.855  8974  8974 I mediaserver: ServiceManager: 0xf618c680
12-03 19:30:01.855  8974  8974 I AudioFlinger: Using default 3000 mSec as standby time.
12-03 19:30:01.855  8974  8974 E         : batterystats service unavailable!
12-03 19:30:01.855  8974  8974 E         : batterystats service unavailable!
12-03 19:30:01.855  8974  8974 I CameraService: CameraService started (pid=8974)
12-03 19:30:01.855  8974  8974 I CameraService: CameraService process starting
12-03 19:30:01.855  8974  8974 E         : batterystats service unavailable!
12-03 19:30:01.855  8974  8974 E         : batterystats service unavailable!
12-03 19:30:01.856  8974  8974 D Camera_Factory: CameraFactory::CameraFactory
12-03 19:30:01.856  8974  8974 D Camera_Factory: CameraFactory::parseConfig: configFile = /etc/camera.cfg
12-03 19:30:01.856  8974  8974 D Camera_Factory: /etc/camera.cfg not found, using camera configuration defaults
12-03 19:30:01.856  8974  8974 E cutils-trace: Error opening trace file: Permission denied (13)
12-03 19:30:01.856  8974  8974 D Camera_Factory: CameraFactory::get_number_of_cameras
12-03 19:30:01.856  8974  8974 D Camera_Factory: CameraFactory::getCameraNum: 0
12-03 19:30:01.856  8974  8974 I CameraService: Loaded "Camera Module" camera module
12-03 19:30:01.856  8974  8974 D Camera_Factory: CameraFactory::get_number_of_cameras
12-03 19:30:01.856  8974  8974 D Camera_Factory: CameraFactory::getCameraNum: 0
12-03 19:30:01.856  8974  8974 D Camera_Factory: CameraFactory::get_number_of_cameras
12-03 19:30:01.856  8974  8974 D Camera_Factory: CameraFactory::getCameraNum: 0
12-03 19:30:01.856  8974  8974 I ServiceManager: Waiting for service media.camera.proxy...
12-03 19:30:01.943   955   955 F DEBUG   : *** *** *** *** *** *** *** *** *** *** *** *** *** *** *** ***
12-03 19:30:01.943   955   955 F DEBUG   : Build fingerprint: 'Android-x86/android_x86_64/x86_64:6.0.1/MOB31E/ec2-user12020203:eng/test-keys'
12-03 19:30:01.943   955   955 F DEBUG   : Revision: '0'
12-03 19:30:01.943   955   955 F DEBUG   : ABI: 'x86_64'
12-03 19:30:01.943   955   955 F DEBUG   : pid: 8973, tid: 8973, name: surfaceflinger  >>> /system/bin/surfaceflinger <<<
12-03 19:30:01.943   955   955 F DEBUG   : signal 7 (SIGBUS), code 2 (BUS_ADRERR), fault addr 0x7fcd79698000
12-03 19:30:01.946   955   955 F DEBUG   :     rax 00007fcd79698000  rbx 0000000000010000  rcx 0000000000000000  rdx 0000000000010000
12-03 19:30:01.946   955   955 F DEBUG   :     rsi 0000000000000000  rdi 00007fcd79698000
12-03 19:30:01.946   955   955 F DEBUG   :     r8  00007fcd79698000  r9  0000000000000030  r10 0000000000000001  r11 0000000000000213
12-03 19:30:01.946   955   955 F DEBUG   :     r12 00007fcd7c763a00  r13 00007fcd7964a8f0  r14 000000000000000d  r15 000000000000000c
12-03 19:30:01.946   955   955 F DEBUG   :     cs  000000000000e033  ss  000000000000002b
12-03 19:30:01.946   955   955 F DEBUG   :     rip 00007fcd7c67f91a  rbp 00007fcd7bb45040  rsp 00007ffc3d127558  eflags 0000000000010206
12-03 19:30:01.948   955   955 F DEBUG   : 
12-03 19:30:01.948   955   955 F DEBUG   : backtrace:
12-03 19:30:01.948   955   955 F DEBUG   :     #00 pc 000000000001d91a  /system/lib64/libc.so (memset+90)
12-03 19:30:01.948   955   955 F DEBUG   :     #01 pc 0000000000001e60  /system/lib64/hw/gralloc.default.so
12-03 19:30:01.948   955   955 F DEBUG   :     #02 pc 00000000000020dc  /system/lib64/hw/gralloc.default.so (_Z14fb_device_openPK11hw_module_tPKcPP11hw_device_t+156)
12-03 19:30:01.948   955   955 F DEBUG   :     #03 pc 000000000003b6ae  /system/lib64/libsurfaceflinger.so
12-03 19:30:01.948   955   955 F DEBUG   :     #04 pc 000000000002bd8d  /system/lib64/libsurfaceflinger.so (_ZN7android14SurfaceFlinger4initEv+749)
12-03 19:30:01.948   955   955 F DEBUG   :     #05 pc 0000000000001130  /system/bin/surfaceflinger
12-03 19:30:01.948   955   955 F DEBUG   :     #06 pc 000000000001cd0c  /system/lib64/libc.so (__libc_init+92)
12-03 19:30:01.948   955   955 F DEBUG   :     #07 pc 0000000000001001  /system/bin/surfaceflinger
12-03 19:30:01.948   955   955 F DEBUG   :     #08 pc 0000000000000000  <unknown>
12-03 19:30:02.375  8975  8975 I chatty  : uid=0(root) expire 278 lines
12-03 19:30:02.643  9017  9017 D idmap   : error: no read access to /vendor/overlay: No such file or directory
12-03 19:30:02.757  8975  9015 I chatty  : uid=0(root) expire 4 lines
12-03 19:30:02.857  8974  8974 I ServiceManager: Waiting for service media.camera.proxy...
12-03 19:30:02.997   955   955 F DEBUG   : 
12-03 19:30:02.997   955   955 F DEBUG   : Tombstone written to: /data/tombstones/tombstone_06
12-03 19:30:03.030   950   950 I ServiceManager: service 'media.audio_flinger' died
12-03 19:30:03.030   950   950 I ServiceManager: service 'media.player' died
12-03 19:30:03.030   950   950 I ServiceManager: service 'media.resource_manager' died
12-03 19:30:06.113  9030  9030 I chatty  : uid=0(root) /system/bin/netd expire 2 lines
12-03 19:30:06.184  9031  9031 I chatty  : uid=0(root) /system/bin/surfaceflinger expire 10 lines
12-03 19:30:06.778  9031  9031 F libc    : Fatal signal 7 (SIGBUS), code 2, fault addr 0x7fe559c92000 in tid 9031 (surfaceflinger)
12-03 19:30:06.817  9032  9032 V MediaUtils: physMem: 3933986816
12-03 19:30:06.817  9032  9032 V MediaUtils: requested limit: 2557091420
12-03 19:30:06.817  9032  9032 V MediaUtils: actual limit: 2557091420
12-03 19:30:06.817  9032  9032 V MediaUtils: original limits: 4294967295/4294967295
12-03 19:30:06.817  9032  9032 V MediaUtils: new limits: 2557091420/4294967295
12-03 19:30:06.817  9032  9032 I mediaserver: ServiceManager: 0xf61cc680
12-03 19:30:06.818  9032  9032 I AudioFlinger: Using default 3000 mSec as standby time.
12-03 19:30:06.818  9032  9032 E         : batterystats service unavailable!
12-03 19:30:06.818  9032  9032 E         : batterystats service unavailable!
12-03 19:30:06.818  9032  9032 I CameraService: CameraService started (pid=9032)
12-03 19:30:06.818  9032  9032 I CameraService: CameraService process starting
12-03 19:30:06.818  9032  9032 E         : batterystats service unavailable!
12-03 19:30:06.818  9032  9032 E         : batterystats service unavailable!
12-03 19:30:06.819  9032  9032 D Camera_Factory: CameraFactory::CameraFactory
12-03 19:30:06.819  9032  9032 D Camera_Factory: CameraFactory::parseConfig: configFile = /etc/camera.cfg
12-03 19:30:06.819  9032  9032 D Camera_Factory: /etc/camera.cfg not found, using camera configuration defaults
12-03 19:30:06.819  9032  9032 E cutils-trace: Error opening trace file: Permission denied (13)
12-03 19:30:06.819  9032  9032 D Camera_Factory: CameraFactory::get_number_of_cameras
12-03 19:30:06.819  9032  9032 D Camera_Factory: CameraFactory::getCameraNum: 0
12-03 19:30:06.819  9032  9032 I CameraService: Loaded "Camera Module" camera module
12-03 19:30:06.819  9032  9032 D Camera_Factory: CameraFactory::get_number_of_cameras
12-03 19:30:06.819  9032  9032 D Camera_Factory: CameraFactory::getCameraNum: 0
12-03 19:30:06.819  9032  9032 D Camera_Factory: CameraFactory::get_number_of_cameras
12-03 19:30:06.819  9032  9032 D Camera_Factory: CameraFactory::getCameraNum: 0
12-03 19:30:06.819  9032  9032 I ServiceManager: Waiting for service media.camera.proxy...
12-03 19:30:06.882   955   955 F DEBUG   : *** *** *** *** *** *** *** *** *** *** *** *** *** *** *** ***
12-03 19:30:06.882   955   955 F DEBUG   : Build fingerprint: 'Android-x86/android_x86_64/x86_64:6.0.1/MOB31E/ec2-user12020203:eng/test-keys'
12-03 19:30:06.882   955   955 F DEBUG   : Revision: '0'
12-03 19:30:06.882   955   955 F DEBUG   : ABI: 'x86_64'
12-03 19:30:06.882   955   955 F DEBUG   : pid: 9031, tid: 9031, name: surfaceflinger  >>> /system/bin/surfaceflinger <<<
12-03 19:30:06.882   955   955 F DEBUG   : signal 7 (SIGBUS), code 2 (BUS_ADRERR), fault addr 0x7fe559c92000
12-03 19:30:06.885   955   955 F DEBUG   :     rax 00007fe559c92000  rbx 0000000000010000  rcx 0000000000000000  rdx 0000000000010000
12-03 19:30:06.885   955   955 F DEBUG   :     rsi 0000000000000000  rdi 00007fe559c92000
12-03 19:30:06.885   955   955 F DEBUG   :     r8  00007fe559c92000  r9  0000000000000030  r10 0000000000000001  r11 0000000000000213
12-03 19:30:06.885   955   955 F DEBUG   :     r12 00007fe55ce6aa00  r13 00007fe559d8a8f0  r14 000000000000000d  r15 000000000000000c
12-03 19:30:06.885   955   955 F DEBUG   :     cs  000000000000e033  ss  000000000000002b
12-03 19:30:06.885   955   955 F DEBUG   :     rip 00007fe55cd8691a  rbp 00007fe55c249040  rsp 00007ffd9a4f2298  eflags 0000000000010206
12-03 19:30:06.887   955   955 F DEBUG   : 
12-03 19:30:06.887   955   955 F DEBUG   : backtrace:
12-03 19:30:06.887   955   955 F DEBUG   :     #00 pc 000000000001d91a  /system/lib64/libc.so (memset+90)
12-03 19:30:06.887   955   955 F DEBUG   :     #01 pc 0000000000001e60  /system/lib64/hw/gralloc.default.so
12-03 19:30:06.887   955   955 F DEBUG   :     #02 pc 00000000000020dc  /system/lib64/hw/gralloc.default.so (_Z14fb_device_openPK11hw_module_tPKcPP11hw_device_t+156)
12-03 19:30:06.887   955   955 F DEBUG   :     #03 pc 000000000003b6ae  /system/lib64/libsurfaceflinger.so
12-03 19:30:06.887   955   955 F DEBUG   :     #04 pc 000000000002bd8d  /system/lib64/libsurfaceflinger.so (_ZN7android14SurfaceFlinger4initEv+749)
12-03 19:30:06.887   955   955 F DEBUG   :     #05 pc 0000000000001130  /system/bin/surfaceflinger
12-03 19:30:06.887   955   955 F DEBUG   :     #06 pc 000000000001cd0c  /system/lib64/libc.so (__libc_init+92)
12-03 19:30:06.887   955   955 F DEBUG   :     #07 pc 0000000000001001  /system/bin/surfaceflinger
12-03 19:30:06.887   955   955 F DEBUG   :     #08 pc 0000000000000000  <unknown>
12-03 19:30:07.298   955   955 F DEBUG   : 
12-03 19:30:07.298   955   955 F DEBUG   : Tombstone written to: /data/tombstones/tombstone_07
12-03 19:30:07.326   950   950 I ServiceManager: service 'media.audio_flinger' died
12-03 19:30:07.326   950   950 I ServiceManager: service 'media.player' died
12-03 19:30:07.326   950   950 I ServiceManager: service 'media.resource_manager' died
12-03 19:30:11.447  9066  9066 I chatty  : uid=0(root) /system/bin/netd expire 2 lines
12-03 19:30:11.492  9067  9067 I chatty  : uid=0(root) /system/bin/surfaceflinger expire 10 lines
12-03 19:30:11.992  9067  9067 F libc    : Fatal signal 7 (SIGBUS), code 2, fault addr 0x7f40e4b61000 in tid 9067 (surfaceflinger)
12-03 19:30:12.100   955   955 F DEBUG   : *** *** *** *** *** *** *** *** *** *** *** *** *** *** *** ***
12-03 19:30:12.100   955   955 F DEBUG   : Build fingerprint: 'Android-x86/android_x86_64/x86_64:6.0.1/MOB31E/ec2-user12020203:eng/test-keys'
12-03 19:30:12.100   955   955 F DEBUG   : Revision: '0'
12-03 19:30:12.100   955   955 F DEBUG   : ABI: 'x86_64'
12-03 19:30:12.100   955   955 F DEBUG   : pid: 9067, tid: 9067, name: surfaceflinger  >>> /system/bin/surfaceflinger <<<
12-03 19:30:12.100   955   955 F DEBUG   : signal 7 (SIGBUS), code 2 (BUS_ADRERR), fault addr 0x7f40e4b61000
12-03 19:30:12.102   955   955 F DEBUG   :     rax 00007f40e4b61000  rbx 0000000000010000  rcx 0000000000000000  rdx 0000000000010000
12-03 19:30:12.102   955   955 F DEBUG   :     rsi 0000000000000000  rdi 00007f40e4b61000
12-03 19:30:12.102   955   955 F DEBUG   :     r8  00007f40e4b61000  r9  0000000000000030  r10 0000000000000001  r11 0000000000000213
12-03 19:30:12.102   955   955 F DEBUG   :     r12 00007f40e7d39a00  r13 00007f40e4c4a8f0  r14 000000000000000d  r15 000000000000000c
12-03 19:30:12.102   955   955 F DEBUG   :     cs  000000000000e033  ss  000000000000002b
12-03 19:30:12.102   955   955 F DEBUG   :     rip 00007f40e7c5591a  rbp 00007f40e7119040  rsp 00007fff00d73dd8  eflags 0000000000010206
12-03 19:30:12.104   955   955 F DEBUG   : 
12-03 19:30:12.104   955   955 F DEBUG   : backtrace:
12-03 19:30:12.104   955   955 F DEBUG   :     #00 pc 000000000001d91a  /system/lib64/libc.so (memset+90)
12-03 19:30:12.105   955   955 F DEBUG   :     #01 pc 0000000000001e60  /system/lib64/hw/gralloc.default.so
12-03 19:30:12.105   955   955 F DEBUG   :     #02 pc 00000000000020dc  /system/lib64/hw/gralloc.default.so (_Z14fb_device_openPK11hw_module_tPKcPP11hw_device_t+156)
12-03 19:30:12.105   955   955 F DEBUG   :     #03 pc 000000000003b6ae  /system/lib64/libsurfaceflinger.so
12-03 19:30:12.105   955   955 F DEBUG   :     #04 pc 000000000002bd8d  /system/lib64/libsurfaceflinger.so (_ZN7android14SurfaceFlinger4initEv+749)
12-03 19:30:12.105   955   955 F DEBUG   :     #05 pc 0000000000001130  /system/bin/surfaceflinger
12-03 19:30:12.105   955   955 F DEBUG   :     #06 pc 000000000001cd0c  /system/lib64/libc.so (__libc_init+92)
12-03 19:30:12.105   955   955 F DEBUG   :     #07 pc 0000000000001001  /system/bin/surfaceflinger
12-03 19:30:12.105   955   955 F DEBUG   :     #08 pc 0000000000000000  <unknown>
12-03 19:30:12.203  9068  9068 V MediaUtils: physMem: 3933986816
12-03 19:30:12.203  9068  9068 V MediaUtils: requested limit: 2557091420
12-03 19:30:12.203  9068  9068 V MediaUtils: actual limit: 2557091420
12-03 19:30:12.203  9068  9068 V MediaUtils: original limits: 4294967295/4294967295
12-03 19:30:12.203  9068  9068 V MediaUtils: new limits: 2557091420/4294967295
12-03 19:30:12.204  9068  9068 I mediaserver: ServiceManager: 0xf618c680
12-03 19:30:12.205  9068  9068 I AudioFlinger: Using default 3000 mSec as standby time.
12-03 19:30:12.205  9068  9068 E         : batterystats service unavailable!
12-03 19:30:12.205  9068  9068 E         : batterystats service unavailable!
12-03 19:30:12.205  9068  9068 I CameraService: CameraService started (pid=9068)
12-03 19:30:12.205  9068  9068 I CameraService: CameraService process starting
12-03 19:30:12.213  9068  9068 E         : batterystats service unavailable!
12-03 19:30:12.214  9068  9068 E         : batterystats service unavailable!
12-03 19:30:12.214  9068  9068 D Camera_Factory: CameraFactory::CameraFactory
12-03 19:30:12.214  9068  9068 D Camera_Factory: CameraFactory::parseConfig: configFile = /etc/camera.cfg
12-03 19:30:12.214  9068  9068 D Camera_Factory: /etc/camera.cfg not found, using camera configuration defaults
12-03 19:30:12.214  9068  9068 E cutils-trace: Error opening trace file: Permission denied (13)
12-03 19:30:12.214  9068  9068 D Camera_Factory: CameraFactory::get_number_of_cameras
12-03 19:30:12.214  9068  9068 D Camera_Factory: CameraFactory::getCameraNum: 0
12-03 19:30:12.214  9068  9068 I CameraService: Loaded "Camera Module" camera module
12-03 19:30:12.214  9068  9068 D Camera_Factory: CameraFactory::get_number_of_cameras
12-03 19:30:12.214  9068  9068 D Camera_Factory: CameraFactory::getCameraNum: 0
12-03 19:30:12.214  9068  9068 D Camera_Factory: CameraFactory::get_number_of_cameras
12-03 19:30:12.214  9068  9068 D Camera_Factory: CameraFactory::getCameraNum: 0
12-03 19:30:12.215  9068  9068 I ServiceManager: Waiting for service media.camera.proxy...
12-03 19:30:12.694  9069  9069 I chatty  : uid=0(root) expire 281 lines
12-03 19:30:12.924  9116  9116 D idmap   : error: no read access to /vendor/overlay: No such file or directory
12-03 19:30:13.224  9068  9068 I ServiceManager: Waiting for service media.camera.proxy...
12-03 19:30:13.322  9069  9115 I chatty  : uid=0(root) expire 9 lines
12-03 19:30:13.728   955   955 F DEBUG   : 
12-03 19:30:13.728   955   955 F DEBUG   : Tombstone written to: /data/tombstones/tombstone_08
12-03 19:30:13.761   950   950 I ServiceManager: service 'media.audio_flinger' died
12-03 19:30:13.761   950   950 I ServiceManager: service 'media.player' died
12-03 19:30:13.761   950   950 I ServiceManager: service 'media.resource_manager' died
12-03 19:30:15.880  9138  9138 I chatty  : uid=0(root) /system/bin/netd expire 2 lines
12-03 19:30:15.929  9139  9139 I chatty  : uid=0(root) /system/bin/surfaceflinger expire 10 lines
12-03 19:30:16.489  9140  9140 V MediaUtils: physMem: 3933986816
12-03 19:30:16.489  9140  9140 V MediaUtils: requested limit: 2557091420
12-03 19:30:16.489  9140  9140 V MediaUtils: actual limit: 2557091420
12-03 19:30:16.489  9140  9140 V MediaUtils: original limits: 4294967295/4294967295
12-03 19:30:16.489  9140  9140 V MediaUtils: new limits: 2557091420/4294967295
12-03 19:30:16.493  9140  9140 I mediaserver: ServiceManager: 0xf610c680
12-03 19:30:16.494  9140  9140 I AudioFlinger: Using default 3000 mSec as standby time.
12-03 19:30:16.502  9140  9140 E         : batterystats service unavailable!
12-03 19:30:16.502  9140  9140 E         : batterystats service unavailable!
12-03 19:30:16.503  9140  9140 I CameraService: CameraService started (pid=9140)
12-03 19:30:16.503  9140  9140 I CameraService: CameraService process starting
12-03 19:30:16.503  9140  9140 E         : batterystats service unavailable!
12-03 19:30:16.503  9140  9140 E         : batterystats service unavailable!
12-03 19:30:16.503  9140  9140 D Camera_Factory: CameraFactory::CameraFactory
12-03 19:30:16.503  9140  9140 D Camera_Factory: CameraFactory::parseConfig: configFile = /etc/camera.cfg
12-03 19:30:16.503  9140  9140 D Camera_Factory: /etc/camera.cfg not found, using camera configuration defaults
12-03 19:30:16.518  9140  9140 E cutils-trace: Error opening trace file: Permission denied (13)
12-03 19:30:16.519  9140  9140 D Camera_Factory: CameraFactory::get_number_of_cameras
12-03 19:30:16.519  9140  9140 D Camera_Factory: CameraFactory::getCameraNum: 0
12-03 19:30:16.519  9140  9140 I CameraService: Loaded "Camera Module" camera module
12-03 19:30:16.519  9140  9140 D Camera_Factory: CameraFactory::get_number_of_cameras
12-03 19:30:16.519  9140  9140 D Camera_Factory: CameraFactory::getCameraNum: 0
12-03 19:30:16.519  9140  9140 D Camera_Factory: CameraFactory::get_number_of_cameras
12-03 19:30:16.519  9140  9140 D Camera_Factory: CameraFactory::getCameraNum: 0
12-03 19:30:16.519  9140  9140 I ServiceManager: Waiting for service media.camera.proxy...
12-03 19:30:16.582  9139  9139 F libc    : Fatal signal 7 (SIGBUS), code 2, fault addr 0x7f2d684c6000 in tid 9139 (surfaceflinger)
12-03 19:30:16.684   955   955 F DEBUG   : *** *** *** *** *** *** *** *** *** *** *** *** *** *** *** ***
12-03 19:30:16.684   955   955 F DEBUG   : Build fingerprint: 'Android-x86/android_x86_64/x86_64:6.0.1/MOB31E/ec2-user12020203:eng/test-keys'
12-03 19:30:16.684   955   955 F DEBUG   : Revision: '0'
12-03 19:30:16.684   955   955 F DEBUG   : ABI: 'x86_64'
12-03 19:30:16.684   955   955 F DEBUG   : pid: 9139, tid: 9139, name: surfaceflinger  >>> /system/bin/surfaceflinger <<<
12-03 19:30:16.684   955   955 F DEBUG   : signal 7 (SIGBUS), code 2 (BUS_ADRERR), fault addr 0x7f2d684c6000
12-03 19:30:16.713   955   955 F DEBUG   :     rax 00007f2d684c6000  rbx 0000000000010000  rcx 0000000000000000  rdx 0000000000010000
12-03 19:30:16.713   955   955 F DEBUG   :     rsi 0000000000000000  rdi 00007f2d684c6000
12-03 19:30:16.713   955   955 F DEBUG   :     r8  00007f2d684c6000  r9  0000000000000030  r10 0000000000000001  r11 0000000000000213
12-03 19:30:16.713   955   955 F DEBUG   :     r12 00007f2d6b592a00  r13 00007f2d6848a8f0  r14 000000000000000d  r15 000000000000000c
12-03 19:30:16.713   955   955 F DEBUG   :     cs  000000000000e033  ss  000000000000002b
12-03 19:30:16.713   955   955 F DEBUG   :     rip 00007f2d6b4ae91a  rbp 00007f2d6a970040  rsp 00007ffdef95f998  eflags 0000000000010206
12-03 19:30:16.717   955   955 F DEBUG   : 
12-03 19:30:16.717   955   955 F DEBUG   : backtrace:
12-03 19:30:16.717   955   955 F DEBUG   :     #00 pc 000000000001d91a  /system/lib64/libc.so (memset+90)
12-03 19:30:16.717   955   955 F DEBUG   :     #01 pc 0000000000001e60  /system/lib64/hw/gralloc.default.so
12-03 19:30:16.717   955   955 F DEBUG   :     #02 pc 00000000000020dc  /system/lib64/hw/gralloc.default.so (_Z14fb_device_openPK11hw_module_tPKcPP11hw_device_t+156)
12-03 19:30:16.717   955   955 F DEBUG   :     #03 pc 000000000003b6ae  /system/lib64/libsurfaceflinger.so
12-03 19:30:16.717   955   955 F DEBUG   :     #04 pc 000000000002bd8d  /system/lib64/libsurfaceflinger.so (_ZN7android14SurfaceFlinger4initEv+749)
12-03 19:30:16.717   955   955 F DEBUG   :     #05 pc 0000000000001130  /system/bin/surfaceflinger
12-03 19:30:16.717   955   955 F DEBUG   :     #06 pc 000000000001cd0c  /system/lib64/libc.so (__libc_init+92)
12-03 19:30:16.717   955   955 F DEBUG   :     #07 pc 0000000000001001  /system/bin/surfaceflinger
12-03 19:30:16.717   955   955 F DEBUG   :     #08 pc 0000000000000000  <unknown>
12-03 19:30:17.116   955   955 F DEBUG   : 
12-03 19:30:17.116   955   955 F DEBUG   : Tombstone written to: /data/tombstones/tombstone_09
12-03 19:30:17.121   950   950 I ServiceManager: service 'media.audio_flinger' died
12-03 19:30:17.121   950   950 I ServiceManager: service 'media.player' died
12-03 19:30:17.121   950   950 I ServiceManager: service 'media.resource_manager' died
12-03 19:30:21.191  9177  9177 I chatty  : uid=0(root) /system/bin/surfaceflinger expire 10 lines
12-03 19:30:21.221  9176  9176 I chatty  : uid=0(root) /system/bin/netd expire 2 lines
12-03 19:30:21.747  9177  9177 F libc    : Fatal signal 7 (SIGBUS), code 2, fault addr 0x7efc85426000 in tid 9177 (surfaceflinger)
12-03 19:30:21.855   955   955 F DEBUG   : *** *** *** *** *** *** *** *** *** *** *** *** *** *** *** ***
12-03 19:30:21.855   955   955 F DEBUG   : Build fingerprint: 'Android-x86/android_x86_64/x86_64:6.0.1/MOB31E/ec2-user12020203:eng/test-keys'
12-03 19:30:21.855   955   955 F DEBUG   : Revision: '0'
12-03 19:30:21.855   955   955 F DEBUG   : ABI: 'x86_64'
12-03 19:30:21.855   955   955 F DEBUG   : pid: 9177, tid: 9177, name: surfaceflinger  >>> /system/bin/surfaceflinger <<<
12-03 19:30:21.855   955   955 F DEBUG   : signal 7 (SIGBUS), code 2 (BUS_ADRERR), fault addr 0x7efc85426000
12-03 19:30:21.857   955   955 F DEBUG   :     rax 00007efc85426000  rbx 0000000000010000  rcx 0000000000000000  rdx 0000000000010000
12-03 19:30:21.857   955   955 F DEBUG   :     rsi 0000000000000000  rdi 00007efc85426000
12-03 19:30:21.857   955   955 F DEBUG   :     r8  00007efc85426000  r9  0000000000000030  r10 0000000000000001  r11 0000000000000213
12-03 19:30:21.857   955   955 F DEBUG   :     r12 00007efc88606a00  r13 00007efc8550a8f0  r14 000000000000000d  r15 000000000000000c
12-03 19:30:21.857   955   955 F DEBUG   :     cs  000000000000e033  ss  000000000000002b
12-03 19:30:21.857   955   955 F DEBUG   :     rip 00007efc8852291a  rbp 00007efc879e5040  rsp 00007fff3e392e78  eflags 0000000000010206
12-03 19:30:21.859   955   955 F DEBUG   : 
12-03 19:30:21.859   955   955 F DEBUG   : backtrace:
12-03 19:30:21.859   955   955 F DEBUG   :     #00 pc 000000000001d91a  /system/lib64/libc.so (memset+90)
12-03 19:30:21.859   955   955 F DEBUG   :     #01 pc 0000000000001e60  /system/lib64/hw/gralloc.default.so
12-03 19:30:21.859   955   955 F DEBUG   :     #02 pc 00000000000020dc  /system/lib64/hw/gralloc.default.so (_Z14fb_device_openPK11hw_module_tPKcPP11hw_device_t+156)
12-03 19:30:21.859   955   955 F DEBUG   :     #03 pc 000000000003b6ae  /system/lib64/libsurfaceflinger.so
12-03 19:30:21.859   955   955 F DEBUG   :     #04 pc 000000000002bd8d  /system/lib64/libsurfaceflinger.so (_ZN7android14SurfaceFlinger4initEv+749)
12-03 19:30:21.859   955   955 F DEBUG   :     #05 pc 0000000000001130  /system/bin/surfaceflinger
12-03 19:30:21.859   955   955 F DEBUG   :     #06 pc 000000000001cd0c  /system/lib64/libc.so (__libc_init+92)
12-03 19:30:21.859   955   955 F DEBUG   :     #07 pc 0000000000001001  /system/bin/surfaceflinger
12-03 19:30:21.859   955   955 F DEBUG   :     #08 pc 0000000000000000  <unknown>
12-03 19:30:21.933  9178  9178 V MediaUtils: physMem: 3933986816
12-03 19:30:21.933  9178  9178 V MediaUtils: requested limit: 2557091420
12-03 19:30:21.933  9178  9178 V MediaUtils: actual limit: 2557091420
12-03 19:30:21.933  9178  9178 V MediaUtils: original limits: 4294967295/4294967295
12-03 19:30:21.933  9178  9178 V MediaUtils: new limits: 2557091420/4294967295
12-03 19:30:21.933  9178  9178 I mediaserver: ServiceManager: 0xf610c680
12-03 19:30:21.933  9178  9178 I AudioFlinger: Using default 3000 mSec as standby time.
12-03 19:30:21.934  9178  9178 E         : batterystats service unavailable!
12-03 19:30:21.934  9178  9178 E         : batterystats service unavailable!
12-03 19:30:21.934  9178  9178 I CameraService: CameraService started (pid=9178)
12-03 19:30:21.934  9178  9178 I CameraService: CameraService process starting
12-03 19:30:21.934  9178  9178 E         : batterystats service unavailable!
12-03 19:30:21.934  9178  9178 E         : batterystats service unavailable!
12-03 19:30:21.934  9178  9178 D Camera_Factory: CameraFactory::CameraFactory
12-03 19:30:21.934  9178  9178 D Camera_Factory: CameraFactory::parseConfig: configFile = /etc/camera.cfg
12-03 19:30:21.934  9178  9178 D Camera_Factory: /etc/camera.cfg not found, using camera configuration defaults
12-03 19:30:21.934  9178  9178 E cutils-trace: Error opening trace file: Permission denied (13)
12-03 19:30:21.934  9178  9178 D Camera_Factory: CameraFactory::get_number_of_cameras
12-03 19:30:21.934  9178  9178 D Camera_Factory: CameraFactory::getCameraNum: 0
12-03 19:30:21.934  9178  9178 I CameraService: Loaded "Camera Module" camera module
12-03 19:30:21.934  9178  9178 D Camera_Factory: CameraFactory::get_number_of_cameras
12-03 19:30:21.934  9178  9178 D Camera_Factory: CameraFactory::getCameraNum: 0
12-03 19:30:21.934  9178  9178 D Camera_Factory: CameraFactory::get_number_of_cameras
12-03 19:30:21.934  9178  9178 D Camera_Factory: CameraFactory::getCameraNum: 0
12-03 19:30:21.936  9178  9178 I ServiceManager: Waiting for service media.camera.proxy...
12-03 19:30:22.319   955   955 F DEBUG   : 
12-03 19:30:22.319   955   955 F DEBUG   : Tombstone written to: /data/tombstones/tombstone_00
12-03 19:30:22.335   950   950 I ServiceManager: service 'media.audio_flinger' died
12-03 19:30:22.335   950   950 I ServiceManager: service 'media.player' died
12-03 19:30:22.335   950   950 I ServiceManager: service 'media.resource_manager' died
12-03 19:30:26.409  9213  9213 I chatty  : uid=0(root) /system/bin/netd expire 2 lines
12-03 19:30:26.493  9214  9214 I chatty  : uid=0(root) /system/bin/surfaceflinger expire 10 lines
12-03 19:30:26.962  9214  9214 F libc    : Fatal signal 7 (SIGBUS), code 2, fault addr 0x7fcb3b690000 in tid 9214 (surfaceflinger)
12-03 19:30:27.071   955   955 F DEBUG   : *** *** *** *** *** *** *** *** *** *** *** *** *** *** *** ***
12-03 19:30:27.071   955   955 F DEBUG   : Build fingerprint: 'Android-x86/android_x86_64/x86_64:6.0.1/MOB31E/ec2-user12020203:eng/test-keys'
12-03 19:30:27.071   955   955 F DEBUG   : Revision: '0'
12-03 19:30:27.071   955   955 F DEBUG   : ABI: 'x86_64'
12-03 19:30:27.071   955   955 F DEBUG   : pid: 9214, tid: 9214, name: surfaceflinger  >>> /system/bin/surfaceflinger <<<
12-03 19:30:27.071   955   955 F DEBUG   : signal 7 (SIGBUS), code 2 (BUS_ADRERR), fault addr 0x7fcb3b690000
12-03 19:30:27.073   955   955 F DEBUG   :     rax 00007fcb3b690000  rbx 0000000000010000  rcx 0000000000000000  rdx 0000000000010000
12-03 19:30:27.073   955   955 F DEBUG   :     rsi 0000000000000000  rdi 00007fcb3b690000
12-03 19:30:27.073   955   955 F DEBUG   :     r8  00007fcb3b690000  r9  0000000000000030  r10 0000000000000001  r11 0000000000000213
12-03 19:30:27.073   955   955 F DEBUG   :     r12 00007fcb3e75da00  r13 00007fcb3b64a8f0  r14 000000000000000d  r15 000000000000000c
12-03 19:30:27.073   955   955 F DEBUG   :     cs  000000000000e033  ss  000000000000002b
12-03 19:30:27.073   955   955 F DEBUG   :     rip 00007fcb3e67991a  rbp 00007fcb3db38040  rsp 00007ffe6e7e3a18  eflags 0000000000010206
12-03 19:30:27.121   955   955 F DEBUG   : 
12-03 19:30:27.121   955   955 F DEBUG   : backtrace:
12-03 19:30:27.121   955   955 F DEBUG   :     #00 pc 000000000001d91a  /system/lib64/libc.so (memset+90)
12-03 19:30:27.121   955   955 F DEBUG   :     #01 pc 0000000000001e60  /system/lib64/hw/gralloc.default.so
12-03 19:30:27.121   955   955 F DEBUG   :     #02 pc 00000000000020dc  /system/lib64/hw/gralloc.default.so (_Z14fb_device_openPK11hw_module_tPKcPP11hw_device_t+156)
12-03 19:30:27.121   955   955 F DEBUG   :     #03 pc 000000000003b6ae  /system/lib64/libsurfaceflinger.so
12-03 19:30:27.121   955   955 F DEBUG   :     #04 pc 000000000002bd8d  /system/lib64/libsurfaceflinger.so (_ZN7android14SurfaceFlinger4initEv+749)
12-03 19:30:27.121   955   955 F DEBUG   :     #05 pc 0000000000001130  /system/bin/surfaceflinger
12-03 19:30:27.121   955   955 F DEBUG   :     #06 pc 000000000001cd0c  /system/lib64/libc.so (__libc_init+92)
12-03 19:30:27.132   955   955 F DEBUG   :     #07 pc 0000000000001001  /system/bin/surfaceflinger
12-03 19:30:27.132   955   955 F DEBUG   :     #08 pc 0000000000000000  <unknown>
12-03 19:30:27.133  9215  9215 V MediaUtils: physMem: 3933986816
12-03 19:30:27.133  9215  9215 V MediaUtils: requested limit: 2557091420
12-03 19:30:27.133  9215  9215 V MediaUtils: actual limit: 2557091420
12-03 19:30:27.133  9215  9215 V MediaUtils: original limits: 4294967295/4294967295
12-03 19:30:27.133  9215  9215 V MediaUtils: new limits: 2557091420/4294967295
12-03 19:30:27.135  9215  9215 I mediaserver: ServiceManager: 0xf610c680
12-03 19:30:27.135  9215  9215 I AudioFlinger: Using default 3000 mSec as standby time.
12-03 19:30:27.135  9215  9215 E         : batterystats service unavailable!
12-03 19:30:27.135  9215  9215 E         : batterystats service unavailable!
12-03 19:30:27.135  9215  9215 I CameraService: CameraService started (pid=9215)
12-03 19:30:27.135  9215  9215 I CameraService: CameraService process starting
12-03 19:30:27.136  9215  9215 E         : batterystats service unavailable!
12-03 19:30:27.136  9215  9215 E         : batterystats service unavailable!
12-03 19:30:27.136  9215  9215 D Camera_Factory: CameraFactory::CameraFactory
12-03 19:30:27.136  9215  9215 D Camera_Factory: CameraFactory::parseConfig: configFile = /etc/camera.cfg
12-03 19:30:27.136  9215  9215 D Camera_Factory: /etc/camera.cfg not found, using camera configuration defaults
12-03 19:30:27.136  9215  9215 E cutils-trace: Error opening trace file: Permission denied (13)
12-03 19:30:27.136  9215  9215 D Camera_Factory: CameraFactory::get_number_of_cameras
12-03 19:30:27.136  9215  9215 D Camera_Factory: CameraFactory::getCameraNum: 0
12-03 19:30:27.136  9215  9215 I CameraService: Loaded "Camera Module" camera module
12-03 19:30:27.136  9215  9215 D Camera_Factory: CameraFactory::get_number_of_cameras
12-03 19:30:27.136  9215  9215 D Camera_Factory: CameraFactory::getCameraNum: 0
12-03 19:30:27.136  9215  9215 D Camera_Factory: CameraFactory::get_number_of_cameras
12-03 19:30:27.136  9215  9215 D Camera_Factory: CameraFactory::getCameraNum: 0
12-03 19:30:27.137  9215  9215 I ServiceManager: Waiting for service media.camera.proxy...
12-03 19:30:27.503   955   955 F DEBUG   : 
12-03 19:30:27.503   955   955 F DEBUG   : Tombstone written to: /data/tombstones/tombstone_01
12-03 19:30:27.508   950   950 I ServiceManager: service 'media.audio_flinger' died
12-03 19:30:27.508   950   950 I ServiceManager: service 'media.player' died
12-03 19:30:27.508   950   950 I ServiceManager: service 'media.resource_manager' died
12-03 19:30:31.598  9248  9248 I chatty  : uid=0(root) /system/bin/netd expire 2 lines
12-03 19:30:31.679  9249  9249 I chatty  : uid=0(root) /system/bin/surfaceflinger expire 10 lines
12-03 19:30:32.248  9250  9250 V MediaUtils: physMem: 3933986816
12-03 19:30:32.248  9250  9250 V MediaUtils: requested limit: 2557091420
12-03 19:30:32.248  9250  9250 V MediaUtils: actual limit: 2557091420
12-03 19:30:32.248  9250  9250 V MediaUtils: original limits: 4294967295/4294967295
12-03 19:30:32.248  9250  9250 V MediaUtils: new limits: 2557091420/4294967295
12-03 19:30:32.249  9250  9250 I mediaserver: ServiceManager: 0xf614c680
12-03 19:30:32.250  9250  9250 I AudioFlinger: Using default 3000 mSec as standby time.
12-03 19:30:32.250  9250  9250 E         : batterystats service unavailable!
12-03 19:30:32.250  9250  9250 E         : batterystats service unavailable!
12-03 19:30:32.250  9250  9250 I CameraService: CameraService started (pid=9250)
12-03 19:30:32.250  9250  9250 I CameraService: CameraService process starting
12-03 19:30:32.250  9250  9250 E         : batterystats service unavailable!
12-03 19:30:32.250  9250  9250 E         : batterystats service unavailable!
12-03 19:30:32.251  9250  9250 D Camera_Factory: CameraFactory::CameraFactory
12-03 19:30:32.251  9250  9250 D Camera_Factory: CameraFactory::parseConfig: configFile = /etc/camera.cfg
12-03 19:30:32.251  9250  9250 D Camera_Factory: /etc/camera.cfg not found, using camera configuration defaults
12-03 19:30:32.251  9250  9250 E cutils-trace: Error opening trace file: Permission denied (13)
12-03 19:30:32.251  9250  9250 D Camera_Factory: CameraFactory::get_number_of_cameras
12-03 19:30:32.251  9250  9250 D Camera_Factory: CameraFactory::getCameraNum: 0
12-03 19:30:32.251  9250  9250 I CameraService: Loaded "Camera Module" camera module
12-03 19:30:32.251  9250  9250 D Camera_Factory: CameraFactory::get_number_of_cameras
12-03 19:30:32.251  9250  9250 D Camera_Factory: CameraFactory::getCameraNum: 0
12-03 19:30:32.251  9250  9250 D Camera_Factory: CameraFactory::get_number_of_cameras
12-03 19:30:32.251  9250  9250 D Camera_Factory: CameraFactory::getCameraNum: 0
12-03 19:30:32.264  9250  9250 I ServiceManager: Waiting for service media.camera.proxy...
12-03 19:30:32.271  9249  9249 F libc    : Fatal signal 7 (SIGBUS), code 2, fault addr 0x7f937dc66000 in tid 9249 (surfaceflinger)
12-03 19:30:32.382   955   955 F DEBUG   : *** *** *** *** *** *** *** *** *** *** *** *** *** *** *** ***
12-03 19:30:32.382   955   955 F DEBUG   : Build fingerprint: 'Android-x86/android_x86_64/x86_64:6.0.1/MOB31E/ec2-user12020203:eng/test-keys'
12-03 19:30:32.382   955   955 F DEBUG   : Revision: '0'
12-03 19:30:32.382   955   955 F DEBUG   : ABI: 'x86_64'
12-03 19:30:32.382   955   955 F DEBUG   : pid: 9249, tid: 9249, name: surfaceflinger  >>> /system/bin/surfaceflinger <<<
12-03 19:30:32.382   955   955 F DEBUG   : signal 7 (SIGBUS), code 2 (BUS_ADRERR), fault addr 0x7f937dc66000
12-03 19:30:32.384   955   955 F DEBUG   :     rax 00007f937dc66000  rbx 0000000000010000  rcx 0000000000000000  rdx 0000000000010000
12-03 19:30:32.384   955   955 F DEBUG   :     rsi 0000000000000000  rdi 00007f937dc66000
12-03 19:30:32.384   955   955 F DEBUG   :     r8  00007f937dc66000  r9  0000000000000030  r10 0000000000000001  r11 0000000000000213
12-03 19:30:32.384   955   955 F DEBUG   :     r12 00007f9380e4ca00  r13 00007f937dd4a8f0  r14 000000000000000d  r15 000000000000000c
12-03 19:30:32.384   955   955 F DEBUG   :     cs  000000000000e033  ss  000000000000002b
12-03 19:30:32.384   955   955 F DEBUG   :     rip 00007f9380d6891a  rbp 00007f938022a040  rsp 00007fff6de0de48  eflags 0000000000010206
12-03 19:30:32.387   955   955 F DEBUG   : 
12-03 19:30:32.387   955   955 F DEBUG   : backtrace:
12-03 19:30:32.387   955   955 F DEBUG   :     #00 pc 000000000001d91a  /system/lib64/libc.so (memset+90)
12-03 19:30:32.387   955   955 F DEBUG   :     #01 pc 0000000000001e60  /system/lib64/hw/gralloc.default.so
12-03 19:30:32.387   955   955 F DEBUG   :     #02 pc 00000000000020dc  /system/lib64/hw/gralloc.default.so (_Z14fb_device_openPK11hw_module_tPKcPP11hw_device_t+156)
12-03 19:30:32.387   955   955 F DEBUG   :     #03 pc 000000000003b6ae  /system/lib64/libsurfaceflinger.so
12-03 19:30:32.387   955   955 F DEBUG   :     #04 pc 000000000002bd8d  /system/lib64/libsurfaceflinger.so (_ZN7android14SurfaceFlinger4initEv+749)
12-03 19:30:32.387   955   955 F DEBUG   :     #05 pc 0000000000001130  /system/bin/surfaceflinger
12-03 19:30:32.387   955   955 F DEBUG   :     #06 pc 000000000001cd0c  /system/lib64/libc.so (__libc_init+92)
12-03 19:30:32.387   955   955 F DEBUG   :     #07 pc 0000000000001001  /system/bin/surfaceflinger
12-03 19:30:32.387   955   955 F DEBUG   :     #08 pc 0000000000000000  <unknown>
12-03 19:30:32.793   955   955 F DEBUG   : 
12-03 19:30:32.793   955   955 F DEBUG   : Tombstone written to: /data/tombstones/tombstone_02
12-03 19:30:32.806   950   950 I ServiceManager: service 'media.audio_flinger' died
12-03 19:30:32.806   950   950 I ServiceManager: service 'media.player' died
12-03 19:30:32.806   950   950 I ServiceManager: service 'media.resource_manager' died
12-03 19:30:35.912  9290  9290 I chatty  : uid=0(root) /system/bin/surfaceflinger expire 10 lines
12-03 19:30:36.001  9289  9289 I chatty  : uid=0(root) /system/bin/netd expire 2 lines
12-03 19:30:36.506  9290  9290 F libc    : Fatal signal 7 (SIGBUS), code 2, fault addr 0x7fc224052000 in tid 9290 (surfaceflinger)
12-03 19:30:36.538  9291  9291 V MediaUtils: physMem: 3933986816
12-03 19:30:36.538  9291  9291 V MediaUtils: requested limit: 2557091420
12-03 19:30:36.538  9291  9291 V MediaUtils: actual limit: 2557091420
12-03 19:30:36.538  9291  9291 V MediaUtils: original limits: 4294967295/4294967295
12-03 19:30:36.538  9291  9291 V MediaUtils: new limits: 2557091420/4294967295
12-03 19:30:36.540  9291  9291 I mediaserver: ServiceManager: 0xf614c680
12-03 19:30:36.540  9291  9291 I AudioFlinger: Using default 3000 mSec as standby time.
12-03 19:30:36.540  9291  9291 E         : batterystats service unavailable!
12-03 19:30:36.540  9291  9291 E         : batterystats service unavailable!
12-03 19:30:36.540  9291  9291 I CameraService: CameraService started (pid=9291)
12-03 19:30:36.540  9291  9291 I CameraService: CameraService process starting
12-03 19:30:36.540  9291  9291 E         : batterystats service unavailable!
12-03 19:30:36.540  9291  9291 E         : batterystats service unavailable!
12-03 19:30:36.541  9291  9291 D Camera_Factory: CameraFactory::CameraFactory
12-03 19:30:36.541  9291  9291 D Camera_Factory: CameraFactory::parseConfig: configFile = /etc/camera.cfg
12-03 19:30:36.541  9291  9291 D Camera_Factory: /etc/camera.cfg not found, using camera configuration defaults
12-03 19:30:36.541  9291  9291 E cutils-trace: Error opening trace file: Permission denied (13)
12-03 19:30:36.541  9291  9291 D Camera_Factory: CameraFactory::get_number_of_cameras
12-03 19:30:36.541  9291  9291 D Camera_Factory: CameraFactory::getCameraNum: 0
12-03 19:30:36.541  9291  9291 I CameraService: Loaded "Camera Module" camera module
12-03 19:30:36.541  9291  9291 D Camera_Factory: CameraFactory::get_number_of_cameras
12-03 19:30:36.541  9291  9291 D Camera_Factory: CameraFactory::getCameraNum: 0
12-03 19:30:36.541  9291  9291 D Camera_Factory: CameraFactory::get_number_of_cameras
12-03 19:30:36.541  9291  9291 D Camera_Factory: CameraFactory::getCameraNum: 0
12-03 19:30:36.542  9291  9291 I ServiceManager: Waiting for service media.camera.proxy...
